Archive member included to satisfy reference by file (symbol)

c:/Program Files/ARMtoolchain/bin/../lib/gcc/arm-none-eabi/14.2.1/thumb/v7e-m+fp/hard\libc_nano.a(libc_a-exit.o)
                              c:/Program Files/ARMtoolchain/bin/../lib/gcc/arm-none-eabi/14.2.1/thumb/v7e-m+fp/hard/crt0.o (exit)
c:/Program Files/ARMtoolchain/bin/../lib/gcc/arm-none-eabi/14.2.1/thumb/v7e-m+fp/hard\libc_nano.a(libc_a-findfp.o)
                              build/tasks.o (__sf)
c:/Program Files/ARMtoolchain/bin/../lib/gcc/arm-none-eabi/14.2.1/thumb/v7e-m+fp/hard\libc_nano.a(libc_a-fwalk.o)
                              c:/Program Files/ARMtoolchain/bin/../lib/gcc/arm-none-eabi/14.2.1/thumb/v7e-m+fp/hard\libc_nano.a(libc_a-findfp.o) (_fwalk_sglue)
c:/Program Files/ARMtoolchain/bin/../lib/gcc/arm-none-eabi/14.2.1/thumb/v7e-m+fp/hard\libc_nano.a(libc_a-printf.o)
                              build/main.o (printf)
c:/Program Files/ARMtoolchain/bin/../lib/gcc/arm-none-eabi/14.2.1/thumb/v7e-m+fp/hard\libc_nano.a(libc_a-puts.o)
                              build/main.o (puts)
c:/Program Files/ARMtoolchain/bin/../lib/gcc/arm-none-eabi/14.2.1/thumb/v7e-m+fp/hard\libc_nano.a(libc_a-stdio.o)
                              c:/Program Files/ARMtoolchain/bin/../lib/gcc/arm-none-eabi/14.2.1/thumb/v7e-m+fp/hard\libc_nano.a(libc_a-findfp.o) (__sread)
c:/Program Files/ARMtoolchain/bin/../lib/gcc/arm-none-eabi/14.2.1/thumb/v7e-m+fp/hard\libc_nano.a(libc_a-wbuf.o)
                              c:/Program Files/ARMtoolchain/bin/../lib/gcc/arm-none-eabi/14.2.1/thumb/v7e-m+fp/hard\libc_nano.a(libc_a-puts.o) (__swbuf_r)
c:/Program Files/ARMtoolchain/bin/../lib/gcc/arm-none-eabi/14.2.1/thumb/v7e-m+fp/hard\libc_nano.a(libc_a-wsetup.o)
                              c:/Program Files/ARMtoolchain/bin/../lib/gcc/arm-none-eabi/14.2.1/thumb/v7e-m+fp/hard\libc_nano.a(libc_a-puts.o) (__swsetup_r)
c:/Program Files/ARMtoolchain/bin/../lib/gcc/arm-none-eabi/14.2.1/thumb/v7e-m+fp/hard\libc_nano.a(libc_a-memset.o)
                              c:/Program Files/ARMtoolchain/bin/../lib/gcc/arm-none-eabi/14.2.1/thumb/v7e-m+fp/hard/crt0.o (memset)
c:/Program Files/ARMtoolchain/bin/../lib/gcc/arm-none-eabi/14.2.1/thumb/v7e-m+fp/hard\libc_nano.a(libc_a-closer.o)
                              c:/Program Files/ARMtoolchain/bin/../lib/gcc/arm-none-eabi/14.2.1/thumb/v7e-m+fp/hard\libc_nano.a(libc_a-stdio.o) (_close_r)
c:/Program Files/ARMtoolchain/bin/../lib/gcc/arm-none-eabi/14.2.1/thumb/v7e-m+fp/hard\libc_nano.a(libc_a-reent.o)
                              build/tasks.o (_reclaim_reent)
c:/Program Files/ARMtoolchain/bin/../lib/gcc/arm-none-eabi/14.2.1/thumb/v7e-m+fp/hard\libc_nano.a(libc_a-impure.o)
                              build/tasks.o (_impure_ptr)
c:/Program Files/ARMtoolchain/bin/../lib/gcc/arm-none-eabi/14.2.1/thumb/v7e-m+fp/hard\libc_nano.a(libc_a-lseekr.o)
                              c:/Program Files/ARMtoolchain/bin/../lib/gcc/arm-none-eabi/14.2.1/thumb/v7e-m+fp/hard\libc_nano.a(libc_a-stdio.o) (_lseek_r)
c:/Program Files/ARMtoolchain/bin/../lib/gcc/arm-none-eabi/14.2.1/thumb/v7e-m+fp/hard\libc_nano.a(libc_a-readr.o)
                              c:/Program Files/ARMtoolchain/bin/../lib/gcc/arm-none-eabi/14.2.1/thumb/v7e-m+fp/hard\libc_nano.a(libc_a-stdio.o) (_read_r)
c:/Program Files/ARMtoolchain/bin/../lib/gcc/arm-none-eabi/14.2.1/thumb/v7e-m+fp/hard\libc_nano.a(libc_a-writer.o)
                              c:/Program Files/ARMtoolchain/bin/../lib/gcc/arm-none-eabi/14.2.1/thumb/v7e-m+fp/hard\libc_nano.a(libc_a-stdio.o) (_write_r)
c:/Program Files/ARMtoolchain/bin/../lib/gcc/arm-none-eabi/14.2.1/thumb/v7e-m+fp/hard\libc_nano.a(libc_a-init.o)
                              c:/Program Files/ARMtoolchain/bin/../lib/gcc/arm-none-eabi/14.2.1/thumb/v7e-m+fp/hard/crt0.o (__libc_init_array)
c:/Program Files/ARMtoolchain/bin/../lib/gcc/arm-none-eabi/14.2.1/thumb/v7e-m+fp/hard\libc_nano.a(libc_a-lock.o)
                              c:/Program Files/ARMtoolchain/bin/../lib/gcc/arm-none-eabi/14.2.1/thumb/v7e-m+fp/hard\libc_nano.a(libc_a-findfp.o) (__retarget_lock_init_recursive)
c:/Program Files/ARMtoolchain/bin/../lib/gcc/arm-none-eabi/14.2.1/thumb/v7e-m+fp/hard\libc_nano.a(libc_a-memcpy-stub.o)
                              build/utils.o (memcpy)
c:/Program Files/ARMtoolchain/bin/../lib/gcc/arm-none-eabi/14.2.1/thumb/v7e-m+fp/hard\libc_nano.a(libc_a-freer.o)
                              c:/Program Files/ARMtoolchain/bin/../lib/gcc/arm-none-eabi/14.2.1/thumb/v7e-m+fp/hard\libc_nano.a(libc_a-wsetup.o) (_free_r)
c:/Program Files/ARMtoolchain/bin/../lib/gcc/arm-none-eabi/14.2.1/thumb/v7e-m+fp/hard\libc_nano.a(libc_a-mallocr.o)
                              c:/Program Files/ARMtoolchain/bin/../lib/gcc/arm-none-eabi/14.2.1/thumb/v7e-m+fp/hard\libc_nano.a(libc_a-findfp.o) (_malloc_r)
c:/Program Files/ARMtoolchain/bin/../lib/gcc/arm-none-eabi/14.2.1/thumb/v7e-m+fp/hard\libc_nano.a(libc_a-mlock.o)
[...]
Memory Configuration

Name             Origin             Length             Attributes
RAM              0x20000000         0x00010000         xrw
FLASH            0x08000000         0x00040000         xr
*default*        0x00000000         0xffffffff

Linker script and memory map

LOAD c:/Program Files/ARMtoolchain/bin/../lib/gcc/arm-none-eabi/14.2.1/thumb/v7e-m+fp/hard/crti.o
LOAD c:/Program Files/ARMtoolchain/bin/../lib/gcc/arm-none-eabi/14.2.1/thumb/v7e-m+fp/hard/crtbegin.o
LOAD c:/Program Files/ARMtoolchain/bin/../lib/gcc/arm-none-eabi/14.2.1/thumb/v7e-m+fp/hard/crt0.o
LOAD build/utils.o
LOAD build/main.o
LOAD build/thermal_control.o
LOAD build/freertos.o
LOAD build/stm32f4xx_it.o
LOAD build/stm32f4xx_hal_msp.o
LOAD build/stm32f4xx_hal_timebase_tim.o
LOAD build/usb_device.o
LOAD build/usbd_desc.o
LOAD build/usbd_cdc_if.o
LOAD build/usbd_conf.o
LOAD build/stm32f4xx_hal_tim.o
LOAD build/stm32f4xx_hal_tim_ex.o
LOAD build/stm32f4xx_hal_pcd.o
LOAD build/stm32f4xx_hal_pcd_ex.o
LOAD build/stm32f4xx_ll_usb.o
LOAD build/stm32f4xx_hal_rcc.o
LOAD build/stm32f4xx_hal_rcc_ex.o
LOAD build/stm32f4xx_hal_flash.o
LOAD build/stm32f4xx_hal_flash_ex.o
LOAD build/stm32f4xx_hal_flash_ramfunc.o
LOAD build/stm32f4xx_hal_gpio.o
LOAD build/stm32f4xx_hal_dma_ex.o
LOAD build/stm32f4xx_hal_dma.o
LOAD build/stm32f4xx_hal_pwr.o
LOAD build/stm32f4xx_hal_pwr_ex.o
LOAD build/stm32f4xx_hal_cortex.o
LOAD build/stm32f4xx_hal.o
LOAD build/stm32f4xx_hal_exti.o
LOAD build/stm32f4xx_hal_adc.o
LOAD build/stm32f4xx_hal_adc_ex.o
LOAD build/stm32f4xx_ll_adc.o
LOAD build/stm32f4xx_hal_i2c.o
LOAD build/stm32f4xx_hal_i2c_ex.o
LOAD build/system_stm32f4xx.o
LOAD build/croutine.o
LOAD build/event_groups.o
LOAD build/list.o
LOAD build/queue.o
LOAD build/stream_buffer.o
LOAD build/tasks.o
LOAD build/timers.o
LOAD build/cmsis_os2.o
LOAD build/heap_4.o
LOAD build/port.o
LOAD build/usbd_core.o
LOAD build/usbd_ctlreq.o
LOAD build/usbd_ioreq.o
LOAD build/usbd_cdc.o
LOAD build/startup_stm32f401xc.o
LOAD c:/Program Files/ARMtoolchain/bin/../lib/gcc/arm-none-eabi/14.2.1/thumb/v7e-m+fp/hard\libc_nano.a
LOAD c:/Program Files/ARMtoolchain/bin/../lib/gcc/arm-none-eabi/14.2.1/thumb/v7e-m+fp/hard\libm.a
LOAD c:/Program Files/ARMtoolchain/bin/../lib/gcc/arm-none-eabi/14.2.1/thumb/v7e-m+fp/hard\libnosys.a
START GROUP
LOAD c:/Program Files/ARMtoolchain/bin/../lib/gcc/arm-none-eabi/14.2.1/thumb/v7e-m+fp/hard\libgcc.a
LOAD c:/Program Files/ARMtoolchain/bin/../lib/gcc/arm-none-eabi/14.2.1/thumb/v7e-m+fp/hard\libc_nano.a
END GROUP
START GROUP
LOAD c:/Program Files/ARMtoolchain/bin/../lib/gcc/arm-none-eabi/14.2.1/thumb/v7e-m+fp/hard\libgcc.a
LOAD c:/Program Files/ARMtoolchain/bin/../lib/gcc/arm-none-eabi/14.2.1/thumb/v7e-m+fp/hard\libc_nano.a
END GROUP
LOAD c:/Program Files/ARMtoolchain/bin/../lib/gcc/arm-none-eabi/14.2.1/thumb/v7e-m+fp/hard/crtend.o
LOAD c:/Program Files/ARMtoolchain/bin/../lib/gcc/arm-none-eabi/14.2.1/thumb/v7e-m+fp/hard/crtn.o
                0x20010000                        _estack = (ORIGIN (RAM) + LENGTH (RAM))
                0x00000200                        _Min_Heap_Size = 0x200
                0x00000400                        _Min_Stack_Size = 0x400

.isr_vector     0x08000000      0x194
                0x08000000                        . = ALIGN (0x4)
 *(.isr_vector)
 .isr_vector    0x08000000      0x194 build/startup_stm32f401xc.o
                0x08000000                g_pfnVectors
                0x08000194                        . = ALIGN (0x4)

.text           0x080001a0     0x93f8
                0x080001a0                        . = ALIGN (0x4)
 *(.text)
 .text          0x080001a0       0xa0 c:/Program Files/ARMtoolchain/bin/../lib/gcc/arm-none-eabi/14.2.1/thumb/v7e-m+fp/hard\libc_nano.a(libc_a-memchr.o)
                0x080001a0                memchr
 .text          0x08000240      0x378 c:/Program Files/ARMtoolchain/bin/../lib/gcc/arm-none-eabi/14.2.1/thumb/v7e-m+fp/hard\libgcc.a(_arm_addsubdf3.o)
                0x08000240                __aeabi_drsub
                0x08000248                __aeabi_dsub
                0x08000248                __subdf3
                0x0800024c                __aeabi_dadd
                0x0800024c                __adddf3
                0x080004c4                __floatunsidf
                0x080004c4                __aeabi_ui2d
                0x080004e4                __floatsidf
                0x080004e4                __aeabi_i2d
                0x08000508                __aeabi_f2d
                0x08000508                __extendsfdf2
                0x0800054c                __floatundidf
                0x0800054c                __aeabi_ul2d
                0x0800055c                __floatdidf
                0x0800055c                __aeabi_l2d
 .text          0x080005b8      0x424 c:/Program Files/ARMtoolchain/bin/../lib/gcc/arm-none-eabi/14.2.1/thumb/v7e-m+fp/hard\libgcc.a(_arm_muldivdf3.o)
                0x080005b8                __aeabi_dmul
                0x080005b8                __muldf3
                0x0800080c                __divdf3
                0x0800080c                __aeabi_ddiv
 .text          0x080009dc      0x110 c:/Program Files/ARMtoolchain/bin/../lib/gcc/arm-none-eabi/14.2.1/thumb/v7e-m+fp/hard\libgcc.a(_arm_cmpdf2.o)
                0x080009dc                __gtdf2
                0x080009dc                __gedf2
                0x080009e4                __ltdf2
                0x080009e4                __ledf2
                0x080009ec                __nedf2
                0x080009ec                __eqdf2
                0x080009ec                __cmpdf2
                0x08000a68                __aeabi_cdrcmple
                0x08000a78                __aeabi_cdcmpeq
                0x08000a78                __aeabi_cdcmple
                0x08000a88                __aeabi_dcmpeq
                0x08000a9c                __aeabi_dcmplt
                0x08000ab0                __aeabi_dcmple
                0x08000ac4                __aeabi_dcmpge
                0x08000ad8                __aeabi_dcmpgt
 .text          0x08000aec       0x2c c:/Program Files/ARMtoolchain/bin/../lib/gcc/arm-none-eabi/14.2.1/thumb/v7e-m+fp/hard\libgcc.a(_arm_unorddf2.o)
                0x08000aec                __unorddf2
                0x08000aec                __aeabi_dcmpun
 .text          0x08000b18       0x40 c:/Program Files/ARMtoolchain/bin/../lib/gcc/arm-none-eabi/14.2.1/thumb/v7e-m+fp/hard\libgcc.a(_arm_fixunsdfsi.o)
                0x08000b18                __aeabi_d2uiz
                0x08000b18                __fixunsdfsi
 .text          0x08000b58       0x30 c:/Program Files/ARMtoolchain/bin/../lib/gcc/arm-none-eabi/14.2.1/thumb/v7e-m+fp/hard\libgcc.a(_aeabi_uldivmod.o)
                0x08000b58                __aeabi_uldivmod
 .text          0x08000b88        0x4 c:/Program Files/ARMtoolchain/bin/../lib/gcc/arm-none-eabi/14.2.1/thumb/v7e-m+fp/hard\libgcc.a(_dvmd_tls.o)
                0x08000b88                __aeabi_idiv0
                0x08000b88                __aeabi_ldiv0
 *(.text*)
 .text.deregister_tm_clones
                0x08000b8c       0x1c c:/Program Files/ARMtoolchain/bin/../lib/gcc/arm-none-eabi/14.2.1/thumb/v7e-m+fp/hard/crtbegin.o
 .text.register_tm_clones
                0x08000ba8       0x24 c:/Program Files/ARMtoolchain/bin/../lib/gcc/arm-none-eabi/14.2.1/thumb/v7e-m+fp/hard/crtbegin.o
 .text.__do_global_dtors_aux
                0x08000bcc       0x28 c:/Program Files/ARMtoolchain/bin/../lib/gcc/arm-none-eabi/14.2.1/thumb/v7e-m+fp/hard/crtbegin.o
 .text.frame_dummy
                0x08000bf4       0x24 c:/Program Files/ARMtoolchain/bin/../lib/gcc/arm-none-eabi/14.2.1/thumb/v7e-m+fp/hard/crtbegin.o
 .text.calculate_checksum
                0x08000c18       0x1a build/utils.o
                0x08000c18                calculate_checksum
 .text.create_packet
                0x08000c32       0x44 build/utils.o
                0x08000c32                create_packet
 .text.parse_packet
                0x08000c76       0x7a build/utils.o
                0x08000c76                parse_packet
 .text.ITM_SendChar
                0x08000cf0       0x34 build/main.o
 .text.MX_GPIO_Init
                0x08000d24       0x94 build/main.o
 .text.LED_manager
                0x08000db8       0x24 build/main.o
                0x08000db8                LED_manager
 .text.COM_manager
                0x08000ddc      0x184 build/main.o
                0x08000ddc                COM_manager
 .text.TEMP_manager
                0x08000f60       0xc4 build/main.o
                0x08000f60                TEMP_manager
 .text.StartBlink
                0x08001024        0xe build/main.o
                0x08001024                StartBlink
 .text._write   0x08001032       0x1c build/main.o
                0x08001032                _write
 *fill*         0x0800104e        0x2 
 .text.HAL_TIM_PeriodElapsedCallback
                0x08001050       0x18 build/main.o
                0x08001050                HAL_TIM_PeriodElapsedCallback
 .text.Error_Handler
                0x08001068        0x4 build/main.o
                0x08001068                Error_Handler
 .text.MX_I2C1_Init
                0x0800106c       0x38 build/main.o
 .text.MX_ADC1_Init
                0x080010a4       0x68 build/main.o
 .text.MX_TIM2_Init
                0x0800110c       0xa0 build/main.o
 .text.SystemClock_Config
                0x080011ac       0xa8 build/main.o
                0x080011ac                SystemClock_Config
 .text.main     0x08001254      0x130 build/main.o
                0x08001254                main
 .text.round_to_two_decimal_places
                0x08001384       0x2c build/thermal_control.o
                0x08001384                round_to_two_decimal_places
 .text.calc_temp
                0x080013b0       0xb0 build/thermal_control.o
                0x080013b0                calc_temp
 .text.NMI_Handler
                0x08001460        0x2 build/stm32f4xx_it.o
                0x08001460                NMI_Handler
 .text.HardFault_Handler
                0x08001462        0x2 build/stm32f4xx_it.o
                0x08001462                HardFault_Handler
 .text.MemManage_Handler
                0x08001464        0x2 build/stm32f4xx_it.o
                0x08001464                MemManage_Handler
 .text.BusFault_Handler
                0x08001466        0x2 build/stm32f4xx_it.o
                0x08001466                BusFault_Handler
 .text.UsageFault_Handler
                0x08001468        0x2 build/stm32f4xx_it.o
                0x08001468                UsageFault_Handler
 .text.DebugMon_Handler
                0x0800146a        0x2 build/stm32f4xx_it.o
                0x0800146a                DebugMon_Handler
 .text.TIM1_TRG_COM_TIM11_IRQHandler
                0x0800146c       0x10 build/stm32f4xx_it.o
                0x0800146c                TIM1_TRG_COM_TIM11_IRQHandler
 .text.OTG_FS_IRQHandler
                0x0800147c       0x10 build/stm32f4xx_it.o
                0x0800147c                OTG_FS_IRQHandler
 .text.HAL_MspInit
                0x0800148c       0x44 build/stm32f4xx_hal_msp.o
                0x0800148c                HAL_MspInit
 .text.HAL_ADC_MspInit
                0x080014d0       0x68 build/stm32f4xx_hal_msp.o
                0x080014d0                HAL_ADC_MspInit
 .text.HAL_I2C_MspInit
                0x08001538       0x70 build/stm32f4xx_hal_msp.o
                0x08001538                HAL_I2C_MspInit
 .text.HAL_TIM_Base_MspInit
                0x080015a8       0x2c build/stm32f4xx_hal_msp.o
                0x080015a8                HAL_TIM_Base_MspInit
 .text.HAL_TIM_MspPostInit
                0x080015d4       0x54 build/stm32f4xx_hal_msp.o
                0x080015d4                HAL_TIM_MspPostInit
 .text.HAL_InitTick
                0x08001628       0x94 build/stm32f4xx_hal_timebase_tim.o
                0x08001628                HAL_InitTick
 .text.MX_USB_DEVICE_Init
                0x080016bc       0x54 build/usb_device.o
                0x080016bc                MX_USB_DEVICE_Init
 .text.USBD_FS_DeviceDescriptor
                0x08001710        0xc build/usbd_desc.o
                0x08001710                USBD_FS_DeviceDescriptor
 .text.USBD_FS_LangIDStrDescriptor
                0x0800171c        0xc build/usbd_desc.o
                0x0800171c                USBD_FS_LangIDStrDescriptor
 .text.IntToUnicode
                0x08001728       0x46 build/usbd_desc.o
 *fill*         0x0800176e        0x2 
 .text.Get_SerialNum
                0x08001770       0x38 build/usbd_desc.o
 .text.USBD_FS_SerialStrDescriptor
                0x080017a8       0x14 build/usbd_desc.o
                0x080017a8                USBD_FS_SerialStrDescriptor
 .text.USBD_FS_ProductStrDescriptor
                0x080017bc       0x24 build/usbd_desc.o
                0x080017bc                USBD_FS_ProductStrDescriptor
 .text.USBD_FS_ManufacturerStrDescriptor
                0x080017e0       0x1c build/usbd_desc.o
                0x080017e0                USBD_FS_ManufacturerStrDescriptor
 .text.USBD_FS_ConfigStrDescriptor
                0x080017fc       0x24 build/usbd_desc.o
                0x080017fc                USBD_FS_ConfigStrDescriptor
 .text.USBD_FS_InterfaceStrDescriptor
                0x08001820       0x24 build/usbd_desc.o
                0x08001820                USBD_FS_InterfaceStrDescriptor
 .text.CDC_DeInit_FS
                0x08001844        0x4 build/usbd_cdc_if.o
 .text.CDC_Control_FS
                0x08001848        0x4 build/usbd_cdc_if.o
 .text.CDC_TransmitCplt_FS
                0x0800184c        0x4 build/usbd_cdc_if.o
 .text.CDC_Receive_FS
                0x08001850       0x2c build/usbd_cdc_if.o
 .text.CDC_Init_FS
                0x0800187c       0x2c build/usbd_cdc_if.o
 .text.CDC_Transmit_FS
                0x080018a8       0x2c build/usbd_cdc_if.o
                0x080018a8                CDC_Transmit_FS
 .text.HAL_PCD_MspInit
                0x080018d4       0x88 build/usbd_conf.o
                0x080018d4                HAL_PCD_MspInit
 .text.HAL_PCD_MspDeInit
                0x0800195c       0x30 build/usbd_conf.o
                0x0800195c                HAL_PCD_MspDeInit
 .text.HAL_PCD_SetupStageCallback
                0x0800198c       0x10 build/usbd_conf.o
                0x0800198c                HAL_PCD_SetupStageCallback
 .text.HAL_PCD_DataOutStageCallback
                0x0800199c       0x18 build/usbd_conf.o
                0x0800199c                HAL_PCD_DataOutStageCallback
 .text.HAL_PCD_DataInStageCallback
                0x080019b4       0x16 build/usbd_conf.o
                0x080019b4                HAL_PCD_DataInStageCallback
 .text.HAL_PCD_SOFCallback
                0x080019ca        0xc build/usbd_conf.o
                0x080019ca                HAL_PCD_SOFCallback
 .text.HAL_PCD_ResetCallback
                0x080019d6       0x24 build/usbd_conf.o
                0x080019d6                HAL_PCD_ResetCallback
 *fill*         0x080019fa        0x2 
 .text.HAL_PCD_SuspendCallback
                0x080019fc       0x30 build/usbd_conf.o
                0x080019fc                HAL_PCD_SuspendCallback
 .text.HAL_PCD_ResumeCallback
                0x08001a2c        0xc build/usbd_conf.o
                0x08001a2c                HAL_PCD_ResumeCallback
 .text.HAL_PCD_ISOOUTIncompleteCallback
                0x08001a38        0xc build/usbd_conf.o
                0x08001a38                HAL_PCD_ISOOUTIncompleteCallback
 .text.HAL_PCD_ISOINIncompleteCallback
                0x08001a44        0xc build/usbd_conf.o
                0x08001a44                HAL_PCD_ISOINIncompleteCallback
 .text.HAL_PCD_ConnectCallback
                0x08001a50        0xc build/usbd_conf.o
                0x08001a50                HAL_PCD_ConnectCallback
 .text.HAL_PCD_DisconnectCallback
                0x08001a5c        0xc build/usbd_conf.o
                0x08001a5c                HAL_PCD_DisconnectCallback
 .text.USBD_LL_Init
                0x08001a68       0x68 build/usbd_conf.o
                0x08001a68                USBD_LL_Init
 .text.USBD_LL_IsStallEP
                0x08001ad0       0x2c build/usbd_conf.o
                0x08001ad0                USBD_LL_IsStallEP
 .text.USBD_LL_GetRxDataSize
                0x08001afc        0xc build/usbd_conf.o
                0x08001afc                USBD_LL_GetRxDataSize
 .text.USBD_static_malloc
                0x08001b08        0x8 build/usbd_conf.o
                0x08001b08                USBD_static_malloc
 .text.USBD_static_free
                0x08001b10        0x2 build/usbd_conf.o
                0x08001b10                USBD_static_free
 .text.USBD_Get_USB_Status
                0x08001b12       0x14 build/usbd_conf.o
                0x08001b12                USBD_Get_USB_Status
 .text.USBD_LL_DeInit
                0x08001b26       0x10 build/usbd_conf.o
                0x08001b26                USBD_LL_DeInit
 .text.USBD_LL_Start
                0x08001b36       0x10 build/usbd_conf.o
                0x08001b36                USBD_LL_Start
 .text.USBD_LL_Stop
                0x08001b46       0x10 build/usbd_conf.o
                0x08001b46                USBD_LL_Stop
 .text.USBD_LL_OpenEP
                0x08001b56       0x16 build/usbd_conf.o
                0x08001b56                USBD_LL_OpenEP
 .text.USBD_LL_CloseEP
                0x08001b6c       0x10 build/usbd_conf.o
                0x08001b6c                USBD_LL_CloseEP
 .text.USBD_LL_StallEP
                0x08001b7c       0x10 build/usbd_conf.o
                0x08001b7c                USBD_LL_StallEP
 .text.USBD_LL_ClearStallEP
                0x08001b8c       0x10 build/usbd_conf.o
                0x08001b8c                USBD_LL_ClearStallEP
 .text.USBD_LL_SetUSBAddress
                0x08001b9c       0x10 build/usbd_conf.o
                0x08001b9c                USBD_LL_SetUSBAddress
 .text.USBD_LL_Transmit
                0x08001bac       0x10 build/usbd_conf.o
                0x08001bac                USBD_LL_Transmit
 .text.USBD_LL_PrepareReceive
                0x08001bbc       0x10 build/usbd_conf.o
                0x08001bbc                USBD_LL_PrepareReceive
 .text.TIM_OC1_SetConfig
                0x08001bcc       0x54 build/stm32f4xx_hal_tim.o
 .text.TIM_OC3_SetConfig
                0x08001c20       0x5c build/stm32f4xx_hal_tim.o
 .text.TIM_OC4_SetConfig
                0x08001c7c       0x48 build/stm32f4xx_hal_tim.o
 .text.TIM_TI1_ConfigInputStage
                0x08001cc4       0x26 build/stm32f4xx_hal_tim.o
 .text.TIM_TI2_ConfigInputStage
                0x08001cea       0x28 build/stm32f4xx_hal_tim.o
 .text.TIM_ITRx_SetConfig
                0x08001d12       0x10 build/stm32f4xx_hal_tim.o
 *fill*         0x08001d22        0x2 
 .text.HAL_TIM_Base_Start_IT
                0x08001d24       0x74 build/stm32f4xx_hal_tim.o
                0x08001d24                HAL_TIM_Base_Start_IT
 .text.HAL_TIM_PWM_MspInit
                0x08001d98        0x2 build/stm32f4xx_hal_tim.o
                0x08001d98                HAL_TIM_PWM_MspInit
 .text.HAL_TIM_OC_DelayElapsedCallback
                0x08001d9a        0x2 build/stm32f4xx_hal_tim.o
                0x08001d9a                HAL_TIM_OC_DelayElapsedCallback
 .text.HAL_TIM_IC_CaptureCallback
                0x08001d9c        0x2 build/stm32f4xx_hal_tim.o
                0x08001d9c                HAL_TIM_IC_CaptureCallback
 .text.HAL_TIM_PWM_PulseFinishedCallback
                0x08001d9e        0x2 build/stm32f4xx_hal_tim.o
                0x08001d9e                HAL_TIM_PWM_PulseFinishedCallback
 .text.HAL_TIM_TriggerCallback
                0x08001da0        0x2 build/stm32f4xx_hal_tim.o
                0x08001da0                HAL_TIM_TriggerCallback
 .text.HAL_TIM_IRQHandler
                0x08001da2      0x15e build/stm32f4xx_hal_tim.o
                0x08001da2                HAL_TIM_IRQHandler
 .text.TIM_Base_SetConfig
                0x08001f00       0xac build/stm32f4xx_hal_tim.o
                0x08001f00                TIM_Base_SetConfig
 .text.HAL_TIM_Base_Init
                0x08001fac       0x58 build/stm32f4xx_hal_tim.o
                0x08001fac                HAL_TIM_Base_Init
 .text.HAL_TIM_PWM_Init
                0x08002004       0x58 build/stm32f4xx_hal_tim.o
                0x08002004                HAL_TIM_PWM_Init
 .text.TIM_OC2_SetConfig
                0x0800205c       0x5c build/stm32f4xx_hal_tim.o
                0x0800205c                TIM_OC2_SetConfig
 .text.HAL_TIM_PWM_ConfigChannel
                0x080020b8       0xdc build/stm32f4xx_hal_tim.o
                0x080020b8                HAL_TIM_PWM_ConfigChannel
 .text.TIM_ETR_SetConfig
                0x08002194       0x1a build/stm32f4xx_hal_tim.o
                0x08002194                TIM_ETR_SetConfig
 .text.HAL_TIM_ConfigClockSource
                0x080021ae       0xfe build/stm32f4xx_hal_tim.o
                0x080021ae                HAL_TIM_ConfigClockSource
 .text.TIM_CCxChannelCmd
                0x080022ac       0x1e build/stm32f4xx_hal_tim.o
                0x080022ac                TIM_CCxChannelCmd
 *fill*         0x080022ca        0x2 
 .text.HAL_TIM_PWM_Start
                0x080022cc       0xe4 build/stm32f4xx_hal_tim.o
                0x080022cc                HAL_TIM_PWM_Start
 .text.HAL_TIMEx_MasterConfigSynchronization
                0x080023b0       0x7c build/stm32f4xx_hal_tim_ex.o
                0x080023b0                HAL_TIMEx_MasterConfigSynchronization
 .text.HAL_TIMEx_CommutCallback
                0x0800242c        0x2 build/stm32f4xx_hal_tim_ex.o
                0x0800242c                HAL_TIMEx_CommutCallback
 .text.HAL_TIMEx_BreakCallback
                0x0800242e        0x2 build/stm32f4xx_hal_tim_ex.o
                0x0800242e                HAL_TIMEx_BreakCallback
 .text.PCD_WriteEmptyTxFifo
                0x08002430       0xd0 build/stm32f4xx_hal_pcd.o
 .text.HAL_PCD_Init
                0x08002500      0x102 build/stm32f4xx_hal_pcd.o
                0x08002500                HAL_PCD_Init
 .text.HAL_PCD_DeInit
                0x08002602       0x2e build/stm32f4xx_hal_pcd.o
                0x08002602                HAL_PCD_DeInit
 .text.HAL_PCD_Start
                0x08002630       0x44 build/stm32f4xx_hal_pcd.o
                0x08002630                HAL_PCD_Start
 .text.HAL_PCD_Stop
                0x08002674       0x4c build/stm32f4xx_hal_pcd.o
                0x08002674                HAL_PCD_Stop
 .text.PCD_EP_OutXfrComplete_int
                0x080026c0      0x104 build/stm32f4xx_hal_pcd.o
 .text.PCD_EP_OutSetupPacket_int
                0x080027c4       0x50 build/stm32f4xx_hal_pcd.o
 .text.HAL_PCD_SetAddress
                0x08002814       0x26 build/stm32f4xx_hal_pcd.o
                0x08002814                HAL_PCD_SetAddress
 .text.HAL_PCD_EP_Open
                0x0800283a       0x8c build/stm32f4xx_hal_pcd.o
                0x0800283a                HAL_PCD_EP_Open
 .text.HAL_PCD_EP_Close
                0x080028c6       0x70 build/stm32f4xx_hal_pcd.o
                0x080028c6                HAL_PCD_EP_Close
 .text.HAL_PCD_EP_Receive
                0x08002936       0x4a build/stm32f4xx_hal_pcd.o
                0x08002936                HAL_PCD_EP_Receive
 .text.HAL_PCD_EP_GetRxCount
                0x08002980       0x12 build/stm32f4xx_hal_pcd.o
                0x08002980                HAL_PCD_EP_GetRxCount
 .text.HAL_PCD_EP_Transmit
                0x08002992       0x4a build/stm32f4xx_hal_pcd.o
                0x08002992                HAL_PCD_EP_Transmit
 .text.HAL_PCD_EP_SetStall
                0x080029dc       0x86 build/stm32f4xx_hal_pcd.o
                0x080029dc                HAL_PCD_EP_SetStall
 .text.HAL_PCD_EP_ClrStall
                0x08002a62       0x74 build/stm32f4xx_hal_pcd.o
                0x08002a62                HAL_PCD_EP_ClrStall
 .text.HAL_PCD_EP_Abort
                0x08002ad6       0x34 build/stm32f4xx_hal_pcd.o
                0x08002ad6                HAL_PCD_EP_Abort
 .text.HAL_PCD_IRQHandler
                0x08002b0a      0x5c0 build/stm32f4xx_hal_pcd.o
                0x08002b0a                HAL_PCD_IRQHandler
 .text.HAL_PCDEx_SetTxFiFo
                0x080030ca       0x4c build/stm32f4xx_hal_pcd_ex.o
                0x080030ca                HAL_PCDEx_SetTxFiFo
 .text.HAL_PCDEx_SetRxFiFo
                0x08003116        0x8 build/stm32f4xx_hal_pcd_ex.o
                0x08003116                HAL_PCDEx_SetRxFiFo
 .text.HAL_PCDEx_LPM_Callback
                0x0800311e        0x2 build/stm32f4xx_hal_pcd_ex.o
                0x0800311e                HAL_PCDEx_LPM_Callback
 .text.USB_CoreReset
                0x08003120       0x4a build/stm32f4xx_ll_usb.o
 .text.USB_CoreInit
                0x0800316a       0x92 build/stm32f4xx_ll_usb.o
                0x0800316a                USB_CoreInit
 .text.USB_SetTurnaroundTime
                0x080031fc       0xe4 build/stm32f4xx_ll_usb.o
                0x080031fc                USB_SetTurnaroundTime
 .text.USB_EnableGlobalInt
                0x080032e0        0xc build/stm32f4xx_ll_usb.o
                0x080032e0                USB_EnableGlobalInt
 .text.USB_DisableGlobalInt
                0x080032ec        0xc build/stm32f4xx_ll_usb.o
                0x080032ec                USB_DisableGlobalInt
 .text.USB_FlushTxFifo
                0x080032f8       0x4a build/stm32f4xx_ll_usb.o
                0x080032f8                USB_FlushTxFifo
 .text.USB_FlushRxFifo
                0x08003342       0x46 build/stm32f4xx_ll_usb.o
                0x08003342                USB_FlushRxFifo
 .text.USB_SetDevSpeed
                0x08003388        0xe build/stm32f4xx_ll_usb.o
                0x08003388                USB_SetDevSpeed
 *fill*         0x08003396        0x2 
 .text.USB_DevInit
                0x08003398      0x198 build/stm32f4xx_ll_usb.o
                0x08003398                USB_DevInit
 .text.USB_GetDevSpeed
                0x08003530       0x22 build/stm32f4xx_ll_usb.o
                0x08003530                USB_GetDevSpeed
 .text.USB_ActivateEndpoint
                0x08003552       0x9a build/stm32f4xx_ll_usb.o
                0x08003552                USB_ActivateEndpoint
 .text.USB_DeactivateEndpoint
                0x080035ec       0xe0 build/stm32f4xx_ll_usb.o
                0x080035ec                USB_DeactivateEndpoint
 .text.USB_EPStopXfer
                0x080036cc       0xbe build/stm32f4xx_ll_usb.o
                0x080036cc                USB_EPStopXfer
 .text.USB_WritePacket
                0x0800378a       0x2e build/stm32f4xx_ll_usb.o
                0x0800378a                USB_WritePacket
 .text.USB_EPStartXfer
                0x080037b8      0x244 build/stm32f4xx_ll_usb.o
                0x080037b8                USB_EPStartXfer
 .text.USB_ReadPacket
                0x080039fc       0x46 build/stm32f4xx_ll_usb.o
                0x080039fc                USB_ReadPacket
 .text.USB_EPSetStall
                0x08003a42       0x5a build/stm32f4xx_ll_usb.o
                0x08003a42                USB_EPSetStall
 .text.USB_EPClearStall
                0x08003a9c       0x5c build/stm32f4xx_ll_usb.o
                0x08003a9c                USB_EPClearStall
 .text.USB_StopDevice
                0x08003af8       0x40 build/stm32f4xx_ll_usb.o
                0x08003af8                USB_StopDevice
 .text.USB_SetDevAddress
                0x08003b38       0x20 build/stm32f4xx_ll_usb.o
                0x08003b38                USB_SetDevAddress
 .text.USB_DevConnect
                0x08003b58       0x1c build/stm32f4xx_ll_usb.o
                0x08003b58                USB_DevConnect
 .text.USB_DevDisconnect
                0x08003b74       0x1c build/stm32f4xx_ll_usb.o
                0x08003b74                USB_DevDisconnect
 .text.USB_ReadInterrupts
                0x08003b90        0x8 build/stm32f4xx_ll_usb.o
                0x08003b90                USB_ReadInterrupts
 .text.USB_ReadDevAllOutEpInterrupt
                0x08003b98       0x10 build/stm32f4xx_ll_usb.o
                0x08003b98                USB_ReadDevAllOutEpInterrupt
 .text.USB_ReadDevAllInEpInterrupt
                0x08003ba8       0x10 build/stm32f4xx_ll_usb.o
                0x08003ba8                USB_ReadDevAllInEpInterrupt
 .text.USB_ReadDevOutEPInterrupt
                0x08003bb8       0x12 build/stm32f4xx_ll_usb.o
                0x08003bb8                USB_ReadDevOutEPInterrupt
 .text.USB_ReadDevInEPInterrupt
                0x08003bca       0x24 build/stm32f4xx_ll_usb.o
                0x08003bca                USB_ReadDevInEPInterrupt
 .text.USB_GetMode
                0x08003bee        0x8 build/stm32f4xx_ll_usb.o
                0x08003bee                USB_GetMode
 .text.USB_SetCurrentMode
                0x08003bf6       0x62 build/stm32f4xx_ll_usb.o
                0x08003bf6                USB_SetCurrentMode
 .text.USB_ActivateSetup
                0x08003c58       0x1c build/stm32f4xx_ll_usb.o
                0x08003c58                USB_ActivateSetup
 .text.USB_EP0_OutStart
                0x08003c74       0x60 build/stm32f4xx_ll_usb.o
                0x08003c74                USB_EP0_OutStart
 .text.HAL_RCC_OscConfig
                0x08003cd4      0x3f8 build/stm32f4xx_hal_rcc.o
                0x08003cd4                HAL_RCC_OscConfig
 .text.HAL_RCC_GetSysClockFreq
                0x080040cc       0xa8 build/stm32f4xx_hal_rcc.o
                0x080040cc                HAL_RCC_GetSysClockFreq
 .text.HAL_RCC_ClockConfig
                0x08004174      0x160 build/stm32f4xx_hal_rcc.o
                0x08004174                HAL_RCC_ClockConfig
 .text.HAL_RCC_GetHCLKFreq
                0x080042d4        0xc build/stm32f4xx_hal_rcc.o
                0x080042d4                HAL_RCC_GetHCLKFreq
 .text.HAL_RCC_GetPCLK1Freq
                0x080042e0       0x20 build/stm32f4xx_hal_rcc.o
                0x080042e0                HAL_RCC_GetPCLK1Freq
 .text.HAL_RCC_GetPCLK2Freq
                0x08004300       0x20 build/stm32f4xx_hal_rcc.o
                0x08004300                HAL_RCC_GetPCLK2Freq
 .text.HAL_RCC_GetClockConfig
                0x08004320       0x3c build/stm32f4xx_hal_rcc.o
                0x08004320                HAL_RCC_GetClockConfig
 .text.HAL_GPIO_Init
                0x0800435c      0x1c8 build/stm32f4xx_hal_gpio.o
                0x0800435c                HAL_GPIO_Init
 .text.HAL_GPIO_DeInit
                0x08004524      0x110 build/stm32f4xx_hal_gpio.o
                0x08004524                HAL_GPIO_DeInit
 .text.HAL_GPIO_WritePin
                0x08004634        0xc build/stm32f4xx_hal_gpio.o
                0x08004634                HAL_GPIO_WritePin
 .text.HAL_GPIO_TogglePin
                0x08004640       0x12 build/stm32f4xx_hal_gpio.o
                0x08004640                HAL_GPIO_TogglePin
 *fill*         0x08004652        0x2 
 .text.__NVIC_EnableIRQ
                0x08004654       0x1c build/stm32f4xx_hal_cortex.o
 .text.__NVIC_DisableIRQ
                0x08004670       0x24 build/stm32f4xx_hal_cortex.o
 .text.__NVIC_SetPriority
                0x08004694       0x28 build/stm32f4xx_hal_cortex.o
 .text.NVIC_EncodePriority
                0x080046bc       0x3e build/stm32f4xx_hal_cortex.o
 *fill*         0x080046fa        0x2 
 .text.HAL_NVIC_SetPriorityGrouping
                0x080046fc       0x24 build/stm32f4xx_hal_cortex.o
                0x080046fc                HAL_NVIC_SetPriorityGrouping
 .text.HAL_NVIC_SetPriority
                0x08004720       0x20 build/stm32f4xx_hal_cortex.o
                0x08004720                HAL_NVIC_SetPriority
 .text.HAL_NVIC_EnableIRQ
                0x08004740        0x8 build/stm32f4xx_hal_cortex.o
                0x08004740                HAL_NVIC_EnableIRQ
 .text.HAL_NVIC_DisableIRQ
                0x08004748        0x8 build/stm32f4xx_hal_cortex.o
                0x08004748                HAL_NVIC_DisableIRQ
 .text.HAL_Init
                0x08004750       0x34 build/stm32f4xx_hal.o
                0x08004750                HAL_Init
 .text.HAL_IncTick
                0x08004784       0x18 build/stm32f4xx_hal.o
                0x08004784                HAL_IncTick
 .text.HAL_GetTick
                0x0800479c        0xc build/stm32f4xx_hal.o
                0x0800479c                HAL_GetTick
 .text.HAL_Delay
                0x080047a8       0x28 build/stm32f4xx_hal.o
                0x080047a8                HAL_Delay
 .text.ADC_Init
                0x080047d0      0x134 build/stm32f4xx_hal_adc.o
 .text.HAL_ADC_Init
                0x08004904       0x56 build/stm32f4xx_hal_adc.o
                0x08004904                HAL_ADC_Init
 *fill*         0x0800495a        0x2 
 .text.HAL_ADC_Start
                0x0800495c      0x108 build/stm32f4xx_hal_adc.o
                0x0800495c                HAL_ADC_Start
 .text.HAL_ADC_Stop
                0x08004a64       0x40 build/stm32f4xx_hal_adc.o
                0x08004a64                HAL_ADC_Stop
 .text.HAL_ADC_PollForConversion
                0x08004aa4       0xb8 build/stm32f4xx_hal_adc.o
                0x08004aa4                HAL_ADC_PollForConversion
 .text.HAL_ADC_GetValue
                0x08004b5c        0x6 build/stm32f4xx_hal_adc.o
                0x08004b5c                HAL_ADC_GetValue
 *fill*         0x08004b62        0x2 
 .text.HAL_ADC_ConfigChannel
                0x08004b64      0x194 build/stm32f4xx_hal_adc.o
                0x08004b64                HAL_ADC_ConfigChannel
 .text.HAL_I2C_Init
                0x08004cf8      0x1bc build/stm32f4xx_hal_i2c.o
                0x08004cf8                HAL_I2C_Init
 .text.SystemInit
                0x08004eb4       0x14 build/system_stm32f4xx.o
                0x08004eb4                SystemInit
 .text.vListInitialise
                0x08004ec8       0x16 build/list.o
                0x08004ec8                vListInitialise
 .text.vListInitialiseItem
                0x08004ede        0x6 build/list.o
                0x08004ede                vListInitialiseItem
 .text.vListInsertEnd
                0x08004ee4       0x16 build/list.o
                0x08004ee4                vListInsertEnd
 .text.vListInsert
                0x08004efa       0x32 build/list.o
                0x08004efa                vListInsert
 .text.uxListRemove
                0x08004f2c       0x26 build/list.o
                0x08004f2c                uxListRemove
 .text.prvIsQueueFull
                0x08004f52       0x1e build/queue.o
 .text.prvIsQueueEmpty
                0x08004f70       0x1a build/queue.o
 .text.prvCopyDataToQueue
                0x08004f8a       0x76 build/queue.o
 .text.prvCopyDataFromQueue
                0x08005000       0x24 build/queue.o
 .text.prvUnlockQueue
                0x08005024       0x6e build/queue.o
 .text.xQueueGenericReset
                0x08005092       0x84 build/queue.o
                0x08005092                xQueueGenericReset
 .text.prvInitialiseNewQueue
                0x08005116       0x22 build/queue.o
 .text.xQueueGenericCreateStatic
                0x08005138       0x94 build/queue.o
                0x08005138                xQueueGenericCreateStatic
 .text.xQueueGenericSend
                0x080051cc      0x188 build/queue.o
                0x080051cc                xQueueGenericSend
 .text.xQueueGenericSendFromISR
                0x08005354       0xce build/queue.o
                0x08005354                xQueueGenericSendFromISR
 .text.xQueueReceive
                0x08005422      0x15e build/queue.o
                0x08005422                xQueueReceive
 .text.vQueueAddToRegistry
                0x08005580       0x28 build/queue.o
                0x08005580                vQueueAddToRegistry
 .text.vQueueWaitForMessageRestricted
                0x080055a8       0x52 build/queue.o
                0x080055a8                vQueueWaitForMessageRestricted
 *fill*         0x080055fa        0x2 
 .text.prvResetNextTaskUnblockTime
                0x080055fc       0x2c build/tasks.o
 .text.prvInitialiseNewTask
                0x08005628      0x104 build/tasks.o
 .text.prvInitialiseTaskLists
                0x0800572c       0x68 build/tasks.o
 .text.prvAddNewTaskToReadyList
                0x08005794       0xac build/tasks.o
 .text.prvDeleteTCB
                0x08005840       0x40 build/tasks.o
 .text.prvCheckTasksWaitingTermination
                0x08005880       0x4c build/tasks.o
 .text.prvIdleTask
                0x080058cc       0x28 build/tasks.o
 .text.prvAddCurrentTaskToDelayedList
                0x080058f4       0x7c build/tasks.o
 .text.xTaskCreateStatic
                0x08005970       0x7a build/tasks.o
                0x08005970                xTaskCreateStatic
 .text.xTaskCreate
                0x080059ea       0x66 build/tasks.o
                0x080059ea                xTaskCreate
 .text.vTaskStartScheduler
                0x08005a50       0xac build/tasks.o
                0x08005a50                vTaskStartScheduler
 .text.vTaskSuspendAll
                0x08005afc       0x10 build/tasks.o
                0x08005afc                vTaskSuspendAll
 .text.xTaskGetTickCount
                0x08005b0c        0xc build/tasks.o
                0x08005b0c                xTaskGetTickCount
 .text.xTaskIncrementTick
                0x08005b18      0x118 build/tasks.o
                0x08005b18                xTaskIncrementTick
 .text.xTaskResumeAll
                0x08005c30       0xf8 build/tasks.o
                0x08005c30                xTaskResumeAll
 .text.vTaskDelay
                0x08005d28       0x4c build/tasks.o
                0x08005d28                vTaskDelay
 .text.vTaskSwitchContext
                0x08005d74       0xa4 build/tasks.o
                0x08005d74                vTaskSwitchContext
 .text.vTaskPlaceOnEventList
                0x08005e18       0x30 build/tasks.o
                0x08005e18                vTaskPlaceOnEventList
 .text.vTaskPlaceOnEventListRestricted
                0x08005e48       0x38 build/tasks.o
                0x08005e48                vTaskPlaceOnEventListRestricted
 .text.xTaskRemoveFromEventList
                0x08005e80       0x8c build/tasks.o
                0x08005e80                xTaskRemoveFromEventList
 .text.vTaskInternalSetTimeOutState
                0x08005f0c       0x18 build/tasks.o
                0x08005f0c                vTaskInternalSetTimeOutState
 .text.xTaskCheckForTimeOut
                0x08005f24       0x88 build/tasks.o
                0x08005f24                xTaskCheckForTimeOut
 .text.vTaskMissedYield
                0x08005fac        0xc build/tasks.o
                0x08005fac                vTaskMissedYield
 .text.xTaskGetSchedulerState
                0x08005fb8       0x20 build/tasks.o
                0x08005fb8                xTaskGetSchedulerState
 .text.xTaskPriorityDisinherit
                0x08005fd8       0x90 build/tasks.o
                0x08005fd8                xTaskPriorityDisinherit
 .text.prvGetNextExpireTime
                0x08006068       0x20 build/timers.o
 .text.prvInsertTimerInActiveList
                0x08006088       0x48 build/timers.o
 .text.prvCheckForValidListAndQueue
                0x080060d0       0x70 build/timers.o
 .text.xTimerCreateTimerTask
                0x08006140       0x64 build/timers.o
                0x08006140                xTimerCreateTimerTask
 .text.xTimerGenericCommand
                0x080061a4       0x6c build/timers.o
                0x080061a4                xTimerGenericCommand
 .text.prvSwitchTimerLists
                0x08006210       0x7c build/timers.o
 .text.prvSampleTimeNow
                0x0800628c       0x2c build/timers.o
 .text.prvProcessExpiredTimer
                0x080062b8       0x6c build/timers.o
 .text.prvProcessTimerOrBlockTask
                0x08006324       0x74 build/timers.o
 .text.prvProcessReceivedCommands
                0x08006398      0x10c build/timers.o
 .text.prvTimerTask
                0x080064a4       0x16 build/timers.o
 .text.SysTick_Handler
                0x080064ba       0x18 build/cmsis_os2.o
                0x080064ba                SysTick_Handler
 *fill*         0x080064d2        0x2 
 .text.osKernelInitialize
                0x080064d4       0x24 build/cmsis_os2.o
                0x080064d4                osKernelInitialize
 .text.osKernelStart
                0x080064f8       0x38 build/cmsis_os2.o
                0x080064f8                osKernelStart
 .text.osThreadNew
                0x08006530       0xb6 build/cmsis_os2.o
                0x08006530                osThreadNew
 .text.osDelay  0x080065e6       0x1c build/cmsis_os2.o
                0x080065e6                osDelay
 *fill*         0x08006602        0x2 
 .text.vApplicationGetIdleTaskMemory
                0x08006604       0x18 build/cmsis_os2.o
                0x08006604                vApplicationGetIdleTaskMemory
 .text.vApplicationGetTimerTaskMemory
                0x0800661c       0x18 build/cmsis_os2.o
                0x0800661c                vApplicationGetTimerTaskMemory
 .text.prvHeapInit
                0x08006634       0x64 build/heap_4.o
 .text.prvInsertBlockIntoFreeList
                0x08006698       0x64 build/heap_4.o
 .text.pvPortMalloc
                0x080066fc      0x104 build/heap_4.o
                0x080066fc                pvPortMalloc
 .text.vPortFree
                0x08006800       0x7c build/heap_4.o
                0x08006800                vPortFree
 .text.prvTaskExitError
                0x0800687c       0x40 build/port.o
 .text.prvPortStartFirstTask
                0x080068bc       0x28 build/port.o
 .text.vPortEnableVFP
                0x080068e4       0x14 build/port.o
 .text.pxPortInitialiseStack
                0x080068f8       0x2c build/port.o
                0x080068f8                pxPortInitialiseStack
 *fill*         0x08006924        0xc 
 .text.SVC_Handler
                0x08006930       0x24 build/port.o
                0x08006930                SVC_Handler
 .text.vPortEnterCritical
                0x08006954       0x44 build/port.o
                0x08006954                vPortEnterCritical
 .text.vPortExitCritical
                0x08006998       0x2c build/port.o
                0x08006998                vPortExitCritical
 *fill*         0x080069c4        0xc 
 .text.PendSV_Handler
                0x080069d0       0x64 build/port.o
                0x080069d0                PendSV_Handler
 .text.xPortSysTickHandler
                0x08006a34       0x2c build/port.o
                0x08006a34                xPortSysTickHandler
 .text.vPortSetupTimerInterrupt
                0x08006a60       0x28 build/port.o
                0x08006a60                vPortSetupTimerInterrupt
 .text.xPortStartScheduler
                0x08006a88      0x118 build/port.o
                0x08006a88                xPortStartScheduler
 .text.vPortValidateInterruptPriority
                0x08006ba0       0x5c build/port.o
                0x08006ba0                vPortValidateInterruptPriority
 .text.USBD_Init
                0x08006bfc       0x2e build/usbd_core.o
                0x08006bfc                USBD_Init
 .text.USBD_DeInit
                0x08006c2a       0x32 build/usbd_core.o
                0x08006c2a                USBD_DeInit
 .text.USBD_RegisterClass
                0x08006c5c       0x40 build/usbd_core.o
                0x08006c5c                USBD_RegisterClass
 .text.USBD_Start
                0x08006c9c        0x8 build/usbd_core.o
                0x08006c9c                USBD_Start
 .text.USBD_SetClassConfig
                0x08006ca4       0x12 build/usbd_core.o
                0x08006ca4                USBD_SetClassConfig
 .text.USBD_ClrClassConfig
                0x08006cb6       0x12 build/usbd_core.o
                0x08006cb6                USBD_ClrClassConfig
 .text.USBD_LL_SetupStage
                0x08006cc8       0x58 build/usbd_core.o
                0x08006cc8                USBD_LL_SetupStage
 .text.USBD_LL_Reset
                0x08006d20       0x64 build/usbd_core.o
                0x08006d20                USBD_LL_Reset
 .text.USBD_LL_SetSpeed
                0x08006d84        0x6 build/usbd_core.o
                0x08006d84                USBD_LL_SetSpeed
 .text.USBD_LL_Suspend
                0x08006d8a       0x1c build/usbd_core.o
                0x08006d8a                USBD_LL_Suspend
 .text.USBD_LL_Resume
                0x08006da6       0x18 build/usbd_core.o
                0x08006da6                USBD_LL_Resume
 .text.USBD_LL_SOF
                0x08006dbe       0x20 build/usbd_core.o
                0x08006dbe                USBD_LL_SOF
 .text.USBD_LL_IsoINIncomplete
                0x08006dde       0x2c build/usbd_core.o
                0x08006dde                USBD_LL_IsoINIncomplete
 .text.USBD_LL_IsoOUTIncomplete
                0x08006e0a       0x2c build/usbd_core.o
                0x08006e0a                USBD_LL_IsoOUTIncomplete
 .text.USBD_LL_DevConnected
                0x08006e36        0x4 build/usbd_core.o
                0x08006e36                USBD_LL_DevConnected
 .text.USBD_LL_DevDisconnected
                0x08006e3a       0x20 build/usbd_core.o
                0x08006e3a                USBD_LL_DevDisconnected
 .text.USBD_CoreFindIF
                0x08006e5a        0x4 build/usbd_core.o
                0x08006e5a                USBD_CoreFindIF
 .text.USBD_CoreFindEP
                0x08006e5e        0x4 build/usbd_core.o
                0x08006e5e                USBD_CoreFindEP
 .text.USBD_LL_DataOutStage
                0x08006e62       0xc0 build/usbd_core.o
                0x08006e62                USBD_LL_DataOutStage
 .text.USBD_LL_DataInStage
                0x08006f22       0xd2 build/usbd_core.o
                0x08006f22                USBD_LL_DataInStage
 .text.USBD_GetNextDesc
                0x08006ff4        0xe build/usbd_core.o
                0x08006ff4                USBD_GetNextDesc
 .text.USBD_GetEpDesc
                0x08007002       0x3e build/usbd_core.o
                0x08007002                USBD_GetEpDesc
 .text.USBD_GetLen
                0x08007040       0x14 build/usbd_ctlreq.o
 .text.USBD_ParseSetupRequest
                0x08007054       0x28 build/usbd_ctlreq.o
                0x08007054                USBD_ParseSetupRequest
 .text.USBD_CtlError
                0x0800707c       0x14 build/usbd_ctlreq.o
                0x0800707c                USBD_CtlError
 .text.USBD_GetDescriptor
                0x08007090      0x18a build/usbd_ctlreq.o
 .text.USBD_SetAddress
                0x0800721a       0x4e build/usbd_ctlreq.o
 .text.USBD_SetConfig
                0x08007268       0xcc build/usbd_ctlreq.o
 .text.USBD_GetConfig
                0x08007334       0x40 build/usbd_ctlreq.o
 .text.USBD_GetStatus
                0x08007374       0x38 build/usbd_ctlreq.o
 .text.USBD_SetFeature
                0x080073ac       0x2a build/usbd_ctlreq.o
 .text.USBD_ClrFeature
                0x080073d6       0x26 build/usbd_ctlreq.o
 .text.USBD_StdDevReq
                0x080073fc       0x76 build/usbd_ctlreq.o
                0x080073fc                USBD_StdDevReq
 .text.USBD_StdItfReq
                0x08007472       0x84 build/usbd_ctlreq.o
                0x08007472                USBD_StdItfReq
 .text.USBD_StdEPReq
                0x080074f6      0x238 build/usbd_ctlreq.o
                0x080074f6                USBD_StdEPReq
 .text.USBD_GetString
                0x0800772e       0x46 build/usbd_ctlreq.o
                0x0800772e                USBD_GetString
 .text.USBD_CtlSendData
                0x08007774       0x1a build/usbd_ioreq.o
                0x08007774                USBD_CtlSendData
 .text.USBD_CtlContinueSendData
                0x0800778e       0x10 build/usbd_ioreq.o
                0x0800778e                USBD_CtlContinueSendData
 .text.USBD_CtlPrepareRx
                0x0800779e       0x1e build/usbd_ioreq.o
                0x0800779e                USBD_CtlPrepareRx
 .text.USBD_CtlContinueRx
                0x080077bc       0x10 build/usbd_ioreq.o
                0x080077bc                USBD_CtlContinueRx
 .text.USBD_CtlSendStatus
                0x080077cc       0x16 build/usbd_ioreq.o
                0x080077cc                USBD_CtlSendStatus
 .text.USBD_CtlReceiveStatus
                0x080077e2       0x16 build/usbd_ioreq.o
                0x080077e2                USBD_CtlReceiveStatus
 .text.USBD_CDC_EP0_RxReady
                0x080077f8       0x40 build/usbd_cdc.o
 .text.USBD_CDC_GetDeviceQualifierDescriptor
                0x08007838        0xc build/usbd_cdc.o
                0x08007838                USBD_CDC_GetDeviceQualifierDescriptor
 .text.USBD_CDC_GetOtherSpeedCfgDesc
                0x08007844       0x48 build/usbd_cdc.o
 .text.USBD_CDC_GetFSCfgDesc
                0x0800788c       0x48 build/usbd_cdc.o
 .text.USBD_CDC_GetHSCfgDesc
                0x080078d4       0x48 build/usbd_cdc.o
 .text.USBD_CDC_DataOut
                0x0800791c       0x38 build/usbd_cdc.o
 .text.USBD_CDC_DataIn
                0x08007954       0x7c build/usbd_cdc.o
 .text.USBD_CDC_Setup
                0x080079d0      0x114 build/usbd_cdc.o
 .text.USBD_CDC_DeInit
                0x08007ae4       0x64 build/usbd_cdc.o
 .text.USBD_CDC_Init
                0x08007b48       0xee build/usbd_cdc.o
 .text.USBD_CDC_RegisterInterface
                0x08007c36       0x16 build/usbd_cdc.o
                0x08007c36                USBD_CDC_RegisterInterface
 .text.USBD_CDC_SetTxBuffer
                0x08007c4c       0x1c build/usbd_cdc.o
                0x08007c4c                USBD_CDC_SetTxBuffer
 .text.USBD_CDC_SetRxBuffer
                0x08007c68       0x18 build/usbd_cdc.o
                0x08007c68                USBD_CDC_SetRxBuffer
 .text.USBD_CDC_TransmitPacket
                0x08007c80       0x36 build/usbd_cdc.o
                0x08007c80                USBD_CDC_TransmitPacket
 .text.USBD_CDC_ReceivePacket
                0x08007cb6       0x38 build/usbd_cdc.o
                0x08007cb6                USBD_CDC_ReceivePacket
 *fill*         0x08007cee        0x2 
 .text.Reset_Handler
                0x08007cf0       0x50 build/startup_stm32f401xc.o
                0x08007cf0                Reset_Handler
 .text.Default_Handler
                0x08007d40        0x2 build/startup_stm32f401xc.o
                0x08007d40                RTC_Alarm_IRQHandler
                0x08007d40                EXTI2_IRQHandler
                0x08007d40                SPI4_IRQHandler
                0x08007d40                TIM1_CC_IRQHandler
                0x08007d40                DMA2_Stream5_IRQHandler
                0x08007d40                DMA1_Stream5_IRQHandler
                0x08007d40                PVD_IRQHandler
                0x08007d40                SDIO_IRQHandler
                0x08007d40                TAMP_STAMP_IRQHandler
                0x08007d40                EXTI3_IRQHandler
                0x08007d40                TIM1_UP_TIM10_IRQHandler
                0x08007d40                I2C3_ER_IRQHandler
                0x08007d40                EXTI0_IRQHandler
                0x08007d40                I2C2_EV_IRQHandler
                0x08007d40                DMA1_Stream2_IRQHandler
                0x08007d40                FPU_IRQHandler
                0x08007d40                DMA2_Stream2_IRQHandler
                0x08007d40                SPI1_IRQHandler
                0x08007d40                TIM1_BRK_TIM9_IRQHandler
                0x08007d40                DMA2_Stream3_IRQHandler
                0x08007d40                USART6_IRQHandler
                0x08007d40                DMA2_Stream0_IRQHandler
                0x08007d40                TIM4_IRQHandler
                0x08007d40                I2C1_EV_IRQHandler
                0x08007d40                DMA1_Stream6_IRQHandler
                0x08007d40                DMA1_Stream1_IRQHandler
                0x08007d40                TIM3_IRQHandler
                0x08007d40                RCC_IRQHandler
                0x08007d40                Default_Handler
                0x08007d40                EXTI15_10_IRQHandler
                0x08007d40                ADC_IRQHandler
                0x08007d40                DMA1_Stream7_IRQHandler
                0x08007d40                TIM5_IRQHandler
                0x08007d40                DMA2_Stream7_IRQHandler
                0x08007d40                I2C3_EV_IRQHandler
                0x08007d40                EXTI9_5_IRQHandler
                0x08007d40                RTC_WKUP_IRQHandler
                0x08007d40                SPI2_IRQHandler
                0x08007d40                DMA1_Stream0_IRQHandler
                0x08007d40                EXTI4_IRQHandler
                0x08007d40                WWDG_IRQHandler
                0x08007d40                TIM2_IRQHandler
                0x08007d40                OTG_FS_WKUP_IRQHandler
                0x08007d40                EXTI1_IRQHandler
                0x08007d40                USART2_IRQHandler
                0x08007d40                I2C2_ER_IRQHandler
                0x08007d40                DMA2_Stream1_IRQHandler
                0x08007d40                FLASH_IRQHandler
                0x08007d40                DMA2_Stream4_IRQHandler
                0x08007d40                USART1_IRQHandler
                0x08007d40                SPI3_IRQHandler
                0x08007d40                DMA1_Stream4_IRQHandler
                0x08007d40                I2C1_ER_IRQHandler
                0x08007d40                DMA2_Stream6_IRQHandler
                0x08007d40                DMA1_Stream3_IRQHandler
 *fill*         0x08007d42        0x2 
 .text.std      0x08007d44       0x6c c:/Program Files/ARMtoolchain/bin/../lib/gcc/arm-none-eabi/14.2.1/thumb/v7e-m+fp/hard\libc_nano.a(libc_a-findfp.o)
 .text.stdio_exit_handler
                0x08007db0       0x18 c:/Program Files/ARMtoolchain/bin/../lib/gcc/arm-none-eabi/14.2.1/thumb/v7e-m+fp/hard\libc_nano.a(libc_a-findfp.o)
 .text.cleanup_stdio
                0x08007dc8       0x40 c:/Program Files/ARMtoolchain/bin/../lib/gcc/arm-none-eabi/14.2.1/thumb/v7e-m+fp/hard\libc_nano.a(libc_a-findfp.o)
 .text.global_stdio_init.part.0
                0x08007e08       0x40 c:/Program Files/ARMtoolchain/bin/../lib/gcc/arm-none-eabi/14.2.1/thumb/v7e-m+fp/hard\libc_nano.a(libc_a-findfp.o)
 .text.__sfp_lock_acquire
                0x08007e48        0xc c:/Program Files/ARMtoolchain/bin/../lib/gcc/arm-none-eabi/14.2.1/thumb/v7e-m+fp/hard\libc_nano.a(libc_a-findfp.o)
                0x08007e48                __sfp_lock_acquire
 .text.__sfp_lock_release
                0x08007e54        0xc c:/Program Files/ARMtoolchain/bin/../lib/gcc/arm-none-eabi/14.2.1/thumb/v7e-m+fp/hard\libc_nano.a(libc_a-findfp.o)
                0x08007e54                __sfp_lock_release
 .text.__sinit  0x08007e60       0x30 c:/Program Files/ARMtoolchain/bin/../lib/gcc/arm-none-eabi/14.2.1/thumb/v7e-m+fp/hard\libc_nano.a(libc_a-findfp.o)
                0x08007e60                __sinit
 .text._fwalk_sglue
                0x08007e90       0x3c c:/Program Files/ARMtoolchain/bin/../lib/gcc/arm-none-eabi/14.2.1/thumb/v7e-m+fp/hard\libc_nano.a(libc_a-fwalk.o)
                0x08007e90                _fwalk_sglue
 .text.printf   0x08007ecc       0x24 c:/Program Files/ARMtoolchain/bin/../lib/gcc/arm-none-eabi/14.2.1/thumb/v7e-m+fp/hard\libc_nano.a(libc_a-printf.o)
                0x08007ecc                iprintf
                0x08007ecc                printf
 .text._puts_r  0x08007ef0       0xaa c:/Program Files/ARMtoolchain/bin/../lib/gcc/arm-none-eabi/14.2.1/thumb/v7e-m+fp/hard\libc_nano.a(libc_a-puts.o)
                0x08007ef0                _puts_r
 *fill*         0x08007f9a        0x2 
 .text.puts     0x08007f9c       0x10 c:/Program Files/ARMtoolchain/bin/../lib/gcc/arm-none-eabi/14.2.1/thumb/v7e-m+fp/hard\libc_nano.a(libc_a-puts.o)
                0x08007f9c                puts
 .text.__sread  0x08007fac       0x22 c:/Program Files/ARMtoolchain/bin/../lib/gcc/arm-none-eabi/14.2.1/thumb/v7e-m+fp/hard\libc_nano.a(libc_a-stdio.o)
                0x08007fac                __sread
 .text.__swrite
                0x08007fce       0x38 c:/Program Files/ARMtoolchain/bin/../lib/gcc/arm-none-eabi/14.2.1/thumb/v7e-m+fp/hard\libc_nano.a(libc_a-stdio.o)
                0x08007fce                __swrite
 .text.__sseek  0x08008006       0x26 c:/Program Files/ARMtoolchain/bin/../lib/gcc/arm-none-eabi/14.2.1/thumb/v7e-m+fp/hard\libc_nano.a(libc_a-stdio.o)
                0x08008006                __sseek
 .text.__sclose
                0x0800802c        0x8 c:/Program Files/ARMtoolchain/bin/../lib/gcc/arm-none-eabi/14.2.1/thumb/v7e-m+fp/hard\libc_nano.a(libc_a-stdio.o)
                0x0800802c                __sclose
 .text.__swbuf_r
                0x08008034       0x7c c:/Program Files/ARMtoolchain/bin/../lib/gcc/arm-none-eabi/14.2.1/thumb/v7e-m+fp/hard\libc_nano.a(libc_a-wbuf.o)
                0x08008034                __swbuf_r
 .text.__swsetup_r
                0x080080b0       0xa8 c:/Program Files/ARMtoolchain/bin/../lib/gcc/arm-none-eabi/14.2.1/thumb/v7e-m+fp/hard\libc_nano.a(libc_a-wsetup.o)
                0x080080b0                __swsetup_r
 .text.memset   0x08008158       0x10 c:/Program Files/ARMtoolchain/bin/../lib/gcc/arm-none-eabi/14.2.1/thumb/v7e-m+fp/hard\libc_nano.a(libc_a-memset.o)
                0x08008158                memset
 .text._close_r
                0x08008168       0x20 c:/Program Files/ARMtoolchain/bin/../lib/gcc/arm-none-eabi/14.2.1/thumb/v7e-m+fp/hard\libc_nano.a(libc_a-closer.o)
                0x08008168                _close_r
 .text._reclaim_reent
                0x08008188       0xbc c:/Program Files/ARMtoolchain/bin/../lib/gcc/arm-none-eabi/14.2.1/thumb/v7e-m+fp/hard\libc_nano.a(libc_a-reent.o)
                0x08008188                _reclaim_reent
 .text._lseek_r
                0x08008244       0x24 c:/Program Files/ARMtoolchain/bin/../lib/gcc/arm-none-eabi/14.2.1/thumb/v7e-m+fp/hard\libc_nano.a(libc_a-lseekr.o)
                0x08008244                _lseek_r
 .text._read_r  0x08008268       0x24 c:/Program Files/ARMtoolchain/bin/../lib/gcc/arm-none-eabi/14.2.1/thumb/v7e-m+fp/hard\libc_nano.a(libc_a-readr.o)
                0x08008268                _read_r
 .text._write_r
                0x0800828c       0x24 c:/Program Files/ARMtoolchain/bin/../lib/gcc/arm-none-eabi/14.2.1/thumb/v7e-m+fp/hard\libc_nano.a(libc_a-writer.o)
                0x0800828c                _write_r
 .text.__libc_init_array
                0x080082b0       0x48 c:/Program Files/ARMtoolchain/bin/../lib/gcc/arm-none-eabi/14.2.1/thumb/v7e-m+fp/hard\libc_nano.a(libc_a-init.o)
                0x080082b0                __libc_init_array
 .text.__retarget_lock_init_recursive
                0x080082f8        0x2 c:/Program Files/ARMtoolchain/bin/../lib/gcc/arm-none-eabi/14.2.1/thumb/v7e-m+fp/hard\libc_nano.a(libc_a-lock.o)
                0x080082f8                __retarget_lock_init_recursive
 .text.__retarget_lock_acquire_recursive
                0x080082fa        0x2 c:/Program Files/ARMtoolchain/bin/../lib/gcc/arm-none-eabi/14.2.1/thumb/v7e-m+fp/hard\libc_nano.a(libc_a-lock.o)
                0x080082fa                __retarget_lock_acquire_recursive
 .text.__retarget_lock_release_recursive
                0x080082fc        0x2 c:/Program Files/ARMtoolchain/bin/../lib/gcc/arm-none-eabi/14.2.1/thumb/v7e-m+fp/hard\libc_nano.a(libc_a-lock.o)
                0x080082fc                __retarget_lock_release_recursive
 .text.memcpy   0x080082fe       0x1c c:/Program Files/ARMtoolchain/bin/../lib/gcc/arm-none-eabi/14.2.1/thumb/v7e-m+fp/hard\libc_nano.a(libc_a-memcpy-stub.o)
                0x080082fe                memcpy
 *fill*         0x0800831a        0x2 
 .text._free_r  0x0800831c       0x94 c:/Program Files/ARMtoolchain/bin/../lib/gcc/arm-none-eabi/14.2.1/thumb/v7e-m+fp/hard\libc_nano.a(libc_a-freer.o)
                0x0800831c                _free_r
 .text.sbrk_aligned
                0x080083b0       0x44 c:/Program Files/ARMtoolchain/bin/../lib/gcc/arm-none-eabi/14.2.1/thumb/v7e-m+fp/hard\libc_nano.a(libc_a-mallocr.o)
 .text._malloc_r
                0x080083f4      0x100 c:/Program Files/ARMtoolchain/bin/../lib/gcc/arm-none-eabi/14.2.1/thumb/v7e-m+fp/hard\libc_nano.a(libc_a-mallocr.o)
                0x080083f4                _malloc_r
 .text.__malloc_lock
                0x080084f4        0xc c:/Program Files/ARMtoolchain/bin/../lib/gcc/arm-none-eabi/14.2.1/thumb/v7e-m+fp/hard\libc_nano.a(libc_a-mlock.o)
                0x080084f4                __malloc_lock
 .text.__malloc_unlock
                0x08008500        0xc c:/Program Files/ARMtoolchain/bin/../lib/gcc/arm-none-eabi/14.2.1/thumb/v7e-m+fp/hard\libc_nano.a(libc_a-mlock.o)
                0x08008500                __malloc_unlock
 .text.__sfputc_r
                0x0800850c       0x2e c:/Program Files/ARMtoolchain/bin/../lib/gcc/arm-none-eabi/14.2.1/thumb/v7e-m+fp/hard\libc_nano.a(libc_a-nano-vfprintf.o)
 .text.__sfputs_r
                0x0800853a       0x24 c:/Program Files/ARMtoolchain/bin/../lib/gcc/arm-none-eabi/14.2.1/thumb/v7e-m+fp/hard\libc_nano.a(libc_a-nano-vfprintf.o)
                0x0800853a                __sfputs_r
 *fill*         0x0800855e        0x2 
 .text._vfprintf_r
                0x08008560      0x230 c:/Program Files/ARMtoolchain/bin/../lib/gcc/arm-none-eabi/14.2.1/thumb/v7e-m+fp/hard\libc_nano.a(libc_a-nano-vfprintf.o)
                0x08008560                _vfprintf_r
                0x08008560                _vfiprintf_r
 .text._printf_common
                0x08008790       0xda c:/Program Files/ARMtoolchain/bin/../lib/gcc/arm-none-eabi/14.2.1/thumb/v7e-m+fp/hard\libc_nano.a(libc_a-nano-vfprintf_i.o)
                0x08008790                _printf_common
 *fill*         0x0800886a        0x2 
 .text._printf_i
                0x0800886c      0x240 c:/Program Files/ARMtoolchain/bin/../lib/gcc/arm-none-eabi/14.2.1/thumb/v7e-m+fp/hard\libc_nano.a(libc_a-nano-vfprintf_i.o)
                0x0800886c                _printf_i
 .text.__sflush_r
                0x08008aac      0x104 c:/Program Files/ARMtoolchain/bin/../lib/gcc/arm-none-eabi/14.2.1/thumb/v7e-m+fp/hard\libc_nano.a(libc_a-fflush.o)
                0x08008aac                __sflush_r
 .text._fflush_r
                0x08008bb0       0x50 c:/Program Files/ARMtoolchain/bin/../lib/gcc/arm-none-eabi/14.2.1/thumb/v7e-m+fp/hard\libc_nano.a(libc_a-fflush.o)
                0x08008bb0                _fflush_r
 .text.__swhatbuf_r
                0x08008c00       0x48 c:/Program Files/ARMtoolchain/bin/../lib/gcc/arm-none-eabi/14.2.1/thumb/v7e-m+fp/hard\libc_nano.a(libc_a-makebuf.o)
                0x08008c00                __swhatbuf_r
 .text.__smakebuf_r
                0x08008c48       0x72 c:/Program Files/ARMtoolchain/bin/../lib/gcc/arm-none-eabi/14.2.1/thumb/v7e-m+fp/hard\libc_nano.a(libc_a-makebuf.o)
                0x08008c48                __smakebuf_r
 *fill*         0x08008cba        0x2 
 .text._fstat_r
                0x08008cbc       0x24 c:/Program Files/ARMtoolchain/bin/../lib/gcc/arm-none-eabi/14.2.1/thumb/v7e-m+fp/hard\libc_nano.a(libc_a-fstatr.o)
                0x08008cbc                _fstat_r
 .text._isatty_r
                0x08008ce0       0x20 c:/Program Files/ARMtoolchain/bin/../lib/gcc/arm-none-eabi/14.2.1/thumb/v7e-m+fp/hard\libc_nano.a(libc_a-isattyr.o)
                0x08008ce0                _isatty_r
 .text._sbrk_r  0x08008d00       0x20 c:/Program Files/ARMtoolchain/bin/../lib/gcc/arm-none-eabi/14.2.1/thumb/v7e-m+fp/hard\libc_nano.a(libc_a-sbrkr.o)
                0x08008d00                _sbrk_r
 .text.log      0x08008d20       0x84 c:/Program Files/ARMtoolchain/bin/../lib/gcc/arm-none-eabi/14.2.1/thumb/v7e-m+fp/hard\libm.a(libm_a-w_log.o)
                0x08008d20                log
 *fill*         0x08008da4        0x4 
 .text.nan      0x08008da8       0x10 c:/Program Files/ARMtoolchain/bin/../lib/gcc/arm-none-eabi/14.2.1/thumb/v7e-m+fp/hard\libm.a(libm_a-s_nan.o)
                0x08008da8                nan
 .text.round    0x08008db8       0xa0 c:/Program Files/ARMtoolchain/bin/../lib/gcc/arm-none-eabi/14.2.1/thumb/v7e-m+fp/hard\libm.a(libm_a-s_round.o)
                0x08008db8                round
 .text.__ieee754_log
                0x08008e58      0x3b8 c:/Program Files/ARMtoolchain/bin/../lib/gcc/arm-none-eabi/14.2.1/thumb/v7e-m+fp/hard\libm.a(libm_a-e_log.o)
                0x08008e58                __ieee754_log
 .text._close   0x08009210       0x10 c:/Program Files/ARMtoolchain/bin/../lib/gcc/arm-none-eabi/14.2.1/thumb/v7e-m+fp/hard\libnosys.a(close.o)
                0x08009210                _close
 .text._fstat   0x08009220       0x10 c:/Program Files/ARMtoolchain/bin/../lib/gcc/arm-none-eabi/14.2.1/thumb/v7e-m+fp/hard\libnosys.a(fstat.o)
                0x08009220                _fstat
 .text._isatty  0x08009230       0x10 c:/Program Files/ARMtoolchain/bin/../lib/gcc/arm-none-eabi/14.2.1/thumb/v7e-m+fp/hard\libnosys.a(isatty.o)
                0x08009230                _isatty
 .text._lseek   0x08009240       0x10 c:/Program Files/ARMtoolchain/bin/../lib/gcc/arm-none-eabi/14.2.1/thumb/v7e-m+fp/hard\libnosys.a(lseek.o)
                0x08009240                _lseek
 .text._read    0x08009250       0x10 c:/Program Files/ARMtoolchain/bin/../lib/gcc/arm-none-eabi/14.2.1/thumb/v7e-m+fp/hard\libnosys.a(read.o)
                0x08009250                _read
 .text._sbrk    0x08009260       0x1c c:/Program Files/ARMtoolchain/bin/../lib/gcc/arm-none-eabi/14.2.1/thumb/v7e-m+fp/hard\libnosys.a(sbrk.o)
                0x08009260                _sbrk
 .text.__udivmoddi4
                0x0800927c      0x2f8 c:/Program Files/ARMtoolchain/bin/../lib/gcc/arm-none-eabi/14.2.1/thumb/v7e-m+fp/hard\libgcc.a(_udivmoddi4.o)
                0x0800927c                __udivmoddi4
 .text.__errno  0x08009574        0xc c:/Program Files/ARMtoolchain/bin/../lib/gcc/arm-none-eabi/14.2.1/thumb/v7e-m+fp/hard\libc_nano.a(libc_a-errno.o)
                0x08009574                __errno
 *(.glue_7)
 .glue_7        0x08009580        0x0 linker stubs
 *(.glue_7t)
 .glue_7t       0x08009580        0x0 linker stubs
 *(.eh_frame)
 .eh_frame      0x08009580        0x0 c:/Program Files/ARMtoolchain/bin/../lib/gcc/arm-none-eabi/14.2.1/thumb/v7e-m+fp/hard/crtbegin.o
 *(.init)
 .init          0x08009580        0x4 c:/Program Files/ARMtoolchain/bin/../lib/gcc/arm-none-eabi/14.2.1/thumb/v7e-m+fp/hard/crti.o
                0x08009580                _init
 .init          0x08009584        0x8 c:/Program Files/ARMtoolchain/bin/../lib/gcc/arm-none-eabi/14.2.1/thumb/v7e-m+fp/hard/crtn.o
 *(.fini)
 .fini          0x0800958c        0x4 c:/Program Files/ARMtoolchain/bin/../lib/gcc/arm-none-eabi/14.2.1/thumb/v7e-m+fp/hard/crti.o
                0x0800958c                _fini
 .fini          0x08009590        0x8 c:/Program Files/ARMtoolchain/bin/../lib/gcc/arm-none-eabi/14.2.1/thumb/v7e-m+fp/hard/crtn.o
                0x08009598                        . = ALIGN (0x4)
                0x08009598                        _etext = .

.vfp11_veneer   0x08009598        0x0
 .vfp11_veneer  0x08009598        0x0 linker stubs

.v4_bx          0x08009598        0x0
 .v4_bx         0x08009598        0x0 linker stubs

.iplt           0x08009598        0x0
 .iplt          0x08009598        0x0 c:/Program Files/ARMtoolchain/bin/../lib/gcc/arm-none-eabi/14.2.1/thumb/v7e-m+fp/hard/crtbegin.o

.rodata         0x08009598      0x208
                0x08009598                        . = ALIGN (0x4)
 *(.rodata)
 *(.rodata*)
 .rodata.LED_manager.str1.4
                0x08009598      0x12c build/main.o
                                 0x2a (size before relaxing)
 .rodata.COM_manager.str1.4
                0x080096c4       0x5e build/main.o
 .rodata.main.str1.4
                0x080096c4       0x26 build/main.o
 .rodata.str1.4
                0x080096c4       0x1a build/main.o
 .rodata.TEMP_attributes
                0x080096c4       0x24 build/main.o
                0x080096c4                TEMP_attributes
 .rodata.LED_attributes
                0x080096e8       0x24 build/main.o
                0x080096e8                LED_attributes
 .rodata.COM_attributes
                0x0800970c       0x24 build/main.o
                0x0800970c                COM_attributes
 .rodata.Blink_attributes
                0x08009730       0x24 build/main.o
                0x08009730                Blink_attributes
 .rodata.USBD_FS_ProductStrDescriptor.str1.4
                0x08009754       0x16 build/usbd_desc.o
 .rodata.USBD_FS_ManufacturerStrDescriptor.str1.4
                0x08009754       0x13 build/usbd_desc.o
 .rodata.USBD_FS_ConfigStrDescriptor.str1.4
                0x08009754        0xb build/usbd_desc.o
 .rodata.USBD_FS_InterfaceStrDescriptor.str1.4
                0x08009754        0xe build/usbd_desc.o
 .rodata.APBPrescTable
                0x08009754        0x8 build/system_stm32f4xx.o
                0x08009754                APBPrescTable
 .rodata.AHBPrescTable
                0x0800975c       0x10 build/system_stm32f4xx.o
                0x0800975c                AHBPrescTable
 .rodata.vTaskStartScheduler.str1.4
                0x0800976c        0x5 build/tasks.o
 .rodata.prvCheckForValidListAndQueue.str1.4
                0x0800976c        0x5 build/timers.o
 .rodata.xTimerCreateTimerTask.str1.4
                0x0800976c        0x8 build/timers.o
 .rodata._vfprintf_r.str1.1
                0x0800976c       0x33 c:/Program Files/ARMtoolchain/bin/../lib/gcc/arm-none-eabi/14.2.1/thumb/v7e-m+fp/hard\libc_nano.a(libc_a-nano-vfprintf.o)
                                 0x11 (size before relaxing)
 .rodata._printf_i.str1.1
                0x0800979f       0x22 c:/Program Files/ARMtoolchain/bin/../lib/gcc/arm-none-eabi/14.2.1/thumb/v7e-m+fp/hard\libc_nano.a(libc_a-nano-vfprintf_i.o)
 .rodata.log.str1.4
                0x0800979f        0x1 c:/Program Files/ARMtoolchain/bin/../lib/gcc/arm-none-eabi/14.2.1/thumb/v7e-m+fp/hard\libm.a(libm_a-w_log.o)
                0x080097c4                        . = ALIGN (0x4)
 *fill*         0x0800979f        0x1 

.ARM.extab      0x080097a0        0x0
                0x080097a0                        . = ALIGN (0x4)
 *(.ARM.extab* .gnu.linkonce.armextab.*)
                0x080097a0                        . = ALIGN (0x4)

.ARM            0x080097a0        0x8
                0x080097a0                        . = ALIGN (0x4)
                0x080097a0                        __exidx_start = .
 *(.ARM.exidx*)
 .ARM.exidx     0x080097a0        0x8 c:/Program Files/ARMtoolchain/bin/../lib/gcc/arm-none-eabi/14.2.1/thumb/v7e-m+fp/hard\libc_nano.a(libc_a-memchr.o)
 .ARM.exidx.text.__udivmoddi4
                0x080097a8        0x0 c:/Program Files/ARMtoolchain/bin/../lib/gcc/arm-none-eabi/14.2.1/thumb/v7e-m+fp/hard\libgcc.a(_udivmoddi4.o)
                                  0x8 (size before relaxing)
                0x080097a8                        __exidx_end = .
                0x080097a8                        . = ALIGN (0x4)

.rel.dyn        0x080097a8        0x0
 .rel.iplt      0x080097a8        0x0 c:/Program Files/ARMtoolchain/bin/../lib/gcc/arm-none-eabi/14.2.1/thumb/v7e-m+fp/hard/crtbegin.o

.preinit_array  0x080097a8        0x0
                0x080097a8                        . = ALIGN (0x4)
                0x080097a8                        PROVIDE (__preinit_array_start = .)
 *(.preinit_array*)
                0x080097a8                        PROVIDE (__preinit_array_end = .)
                0x080097a8                        . = ALIGN (0x4)

.init_array     0x080097a8        0x4
                0x080097a8                        . = ALIGN (0x4)
                0x080097a8                        PROVIDE (__init_array_start = .)
 *(SORT_BY_NAME(.init_array.*))
 *(.init_array*)
 .init_array    0x080097a8        0x4 c:/Program Files/ARMtoolchain/bin/../lib/gcc/arm-none-eabi/14.2.1/thumb/v7e-m+fp/hard/crtbegin.o
                0x080097ac                        PROVIDE (__init_array_end = .)
                0x080097ac                        . = ALIGN (0x4)

.fini_array     0x080097ac        0x4
                0x080097ac                        . = ALIGN (0x4)
                [!provide]                        PROVIDE (__fini_array_start = .)
 *(SORT_BY_NAME(.fini_array.*))
 *(.fini_array*)
 .fini_array    0x080097ac        0x4 c:/Program Files/ARMtoolchain/bin/../lib/gcc/arm-none-eabi/14.2.1/thumb/v7e-m+fp/hard/crtbegin.o
                [!provide]                        PROVIDE (__fini_array_end = .)
                0x080097b0                        . = ALIGN (0x4)
                0x080097b0                        _sidata = LOADADDR (.data)

.data           0x20000000      0x17c load address 0x080097b0
                0x20000000                        . = ALIGN (0x4)
                0x20000000                        _sdata = .
 *(.data)
 *(.data*)
 .data.GREEN_LED
                0x20000000        0xc build/main.o
                0x20000000                GREEN_LED
 .data.RED_LED  0x2000000c        0xc build/main.o
                0x2000000c                RED_LED
 .data.BLUE_LED
                0x20000018        0xc build/main.o
                0x20000018                BLUE_LED
 .data.USBD_StringSerial
                0x20000024       0x1a build/usbd_desc.o
                0x20000024                USBD_StringSerial
 *fill*         0x2000003e        0x2 
 .data.USBD_LangIDDesc
                0x20000040        0x4 build/usbd_desc.o
                0x20000040                USBD_LangIDDesc
 .data.USBD_FS_DeviceDesc
                0x20000044       0x12 build/usbd_desc.o
                0x20000044                USBD_FS_DeviceDesc
 *fill*         0x20000056        0x2 
 .data.FS_Desc  0x20000058       0x1c build/usbd_desc.o
                0x20000058                FS_Desc
 .data.USBD_Interface_fops_FS
                0x20000074       0x14 build/usbd_cdc_if.o
                0x20000074                USBD_Interface_fops_FS
 .data.uwTickFreq
                0x20000088        0x1 build/stm32f4xx_hal.o
                0x20000088                uwTickFreq
 *fill*         0x20000089        0x3 
 .data.uwTickPrio
                0x2000008c        0x4 build/stm32f4xx_hal.o
                0x2000008c                uwTickPrio
 .data.SystemCoreClock
                0x20000090        0x4 build/system_stm32f4xx.o
                0x20000090                SystemCoreClock
 .data.uxCriticalNesting
                0x20000094        0x4 build/port.o
 .data.USBD_CDC_CfgDesc
                0x20000098       0x43 build/usbd_cdc.o
 *fill*         0x200000db        0x1 
 .data.USBD_CDC
                0x200000dc       0x38 build/usbd_cdc.o
                0x200000dc                USBD_CDC
 .data.USBD_CDC_DeviceQualifierDesc
                0x20000114        0xa build/usbd_cdc.o
 *fill*         0x2000011e        0x2 
 .data.__sglue  0x20000120        0xc c:/Program Files/ARMtoolchain/bin/../lib/gcc/arm-none-eabi/14.2.1/thumb/v7e-m+fp/hard\libc_nano.a(libc_a-findfp.o)
                0x20000120                __sglue
 .data._impure_ptr
                0x2000012c        0x4 c:/Program Files/ARMtoolchain/bin/../lib/gcc/arm-none-eabi/14.2.1/thumb/v7e-m+fp/hard\libc_nano.a(libc_a-impure.o)
                0x2000012c                _impure_ptr
 .data._impure_data
                0x20000130       0x4c c:/Program Files/ARMtoolchain/bin/../lib/gcc/arm-none-eabi/14.2.1/thumb/v7e-m+fp/hard\libc_nano.a(libc_a-impure.o)
                0x20000130                _impure_data
 *(.RamFunc)
 *(.RamFunc*)
                0x2000017c                        . = ALIGN (0x4)
                0x2000017c                        _edata = .

.tm_clone_table
                0x2000017c        0x0 load address 0x0800992c
 .tm_clone_table
                0x2000017c        0x0 c:/Program Files/ARMtoolchain/bin/../lib/gcc/arm-none-eabi/14.2.1/thumb/v7e-m+fp/hard/crtbegin.o
 .tm_clone_table
                0x2000017c        0x0 c:/Program Files/ARMtoolchain/bin/../lib/gcc/arm-none-eabi/14.2.1/thumb/v7e-m+fp/hard/crtend.o

.igot.plt       0x2000017c        0x0 load address 0x0800992c
 .igot.plt      0x2000017c        0x0 c:/Program Files/ARMtoolchain/bin/../lib/gcc/arm-none-eabi/14.2.1/thumb/v7e-m+fp/hard/crtbegin.o
                0x2000017c                        . = ALIGN (0x4)

.bss            0x20000180     0x6284 load address 0x0800992c
                0x20000180                        _sbss = .
                0x20000180                        __bss_start__ = _sbss
 *(.bss)
 *(.bss*)
 .bss.completed.1
                0x20000180        0x1 c:/Program Files/ARMtoolchain/bin/../lib/gcc/arm-none-eabi/14.2.1/thumb/v7e-m+fp/hard/crtbegin.o
 *fill*         0x20000181        0x3 
 .bss.object.0  0x20000184       0x18 c:/Program Files/ARMtoolchain/bin/../lib/gcc/arm-none-eabi/14.2.1/thumb/v7e-m+fp/hard/crtbegin.o
 *fill*         0x2000019c        0x4 
 .bss.TARGET_TEMP
                0x200001a0       0x10 build/main.o
                0x200001a0                TARGET_TEMP
 .bss.ACTUAL_TEMP
                0x200001b0       0x10 build/main.o
                0x200001b0                ACTUAL_TEMP
 .bss.TEMP_manager_handle
                0x200001c0        0x4 build/main.o
                0x200001c0                TEMP_manager_handle
 .bss.COM_manager_handle
                0x200001c4        0x4 build/main.o
                0x200001c4                COM_manager_handle
 .bss.BlinkHandle
                0x200001c8        0x4 build/main.o
                0x200001c8                BlinkHandle
 .bss.htim2     0x200001cc       0x48 build/main.o
                0x200001cc                htim2
 .bss.hadc1     0x20000214       0x48 build/main.o
                0x20000214                hadc1
 .bss.hi2c1     0x2000025c       0x54 build/main.o
                0x2000025c                hi2c1
 .bss.htim11    0x200002b0       0x48 build/stm32f4xx_hal_timebase_tim.o
                0x200002b0                htim11
 .bss.hUsbDeviceFS
                0x200002f8      0x2dc build/usb_device.o
                0x200002f8                hUsbDeviceFS
 .bss.USBD_StrDesc
                0x200005d4      0x200 build/usbd_desc.o
                0x200005d4                USBD_StrDesc
 .bss.UserTxBufferFS
                0x200007d4      0x400 build/usbd_cdc_if.o
                0x200007d4                UserTxBufferFS
 .bss.UserRxBufferFS
                0x20000bd4      0x400 build/usbd_cdc_if.o
                0x20000bd4                UserRxBufferFS
 .bss.mem.0     0x20000fd4      0x220 build/usbd_conf.o
 .bss.hpcd_USB_OTG_FS
                0x200011f4      0x4e4 build/usbd_conf.o
                0x200011f4                hpcd_USB_OTG_FS
 .bss.uwTick    0x200016d8        0x4 build/stm32f4xx_hal.o
                0x200016d8                uwTick
 .bss.xQueueRegistry
                0x200016dc       0x40 build/queue.o
                0x200016dc                xQueueRegistry
 .bss.uxSchedulerSuspended
                0x2000171c        0x4 build/tasks.o
 .bss.xIdleTaskHandle
                0x20001720        0x4 build/tasks.o
 .bss.xNextTaskUnblockTime
                0x20001724        0x4 build/tasks.o
 .bss.uxTaskNumber
                0x20001728        0x4 build/tasks.o
 .bss.xNumOfOverflows
                0x2000172c        0x4 build/tasks.o
 .bss.xYieldPending
                0x20001730        0x4 build/tasks.o
 .bss.xPendedTicks
                0x20001734        0x4 build/tasks.o
 .bss.xSchedulerRunning
                0x20001738        0x4 build/tasks.o
 .bss.uxTopReadyPriority
                0x2000173c        0x4 build/tasks.o
 .bss.xTickCount
                0x20001740        0x4 build/tasks.o
 .bss.uxCurrentNumberOfTasks
                0x20001744        0x4 build/tasks.o
 .bss.xSuspendedTaskList
                0x20001748       0x14 build/tasks.o
 .bss.uxDeletedTasksWaitingCleanUp
                0x2000175c        0x4 build/tasks.o
 .bss.xTasksWaitingTermination
                0x20001760       0x14 build/tasks.o
 .bss.xPendingReadyList
                0x20001774       0x14 build/tasks.o
 .bss.pxOverflowDelayedTaskList
                0x20001788        0x4 build/tasks.o
 .bss.pxDelayedTaskList
                0x2000178c        0x4 build/tasks.o
 .bss.xDelayedTaskList2
                0x20001790       0x14 build/tasks.o
 .bss.xDelayedTaskList1
                0x200017a4       0x14 build/tasks.o
 .bss.pxReadyTasksLists
                0x200017b8      0x460 build/tasks.o
 .bss.pxCurrentTCB
                0x20001c18        0x4 build/tasks.o
                0x20001c18                pxCurrentTCB
 .bss.xStaticTimerQueue.0
                0x20001c1c       0x50 build/timers.o
 .bss.ucStaticTimerQueueStorage.1
                0x20001c6c       0xa0 build/timers.o
 .bss.xLastTime.2
                0x20001d0c        0x4 build/timers.o
 .bss.xTimerTaskHandle
                0x20001d10        0x4 build/timers.o
 .bss.xTimerQueue
                0x20001d14        0x4 build/timers.o
 .bss.pxOverflowTimerList
                0x20001d18        0x4 build/timers.o
 .bss.pxCurrentTimerList
                0x20001d1c        0x4 build/timers.o
 .bss.xActiveTimerList2
                0x20001d20       0x14 build/timers.o
 .bss.xActiveTimerList1
                0x20001d34       0x14 build/timers.o
 .bss.Timer_Stack.0
                0x20001d48      0x400 build/cmsis_os2.o
 .bss.Timer_TCB.1
                0x20002148      0x1a0 build/cmsis_os2.o
 .bss.Idle_Stack.2
                0x200022e8      0x200 build/cmsis_os2.o
 .bss.Idle_TCB.3
                0x200024e8      0x1a0 build/cmsis_os2.o
 .bss.KernelState
                0x20002688        0x4 build/cmsis_os2.o
 .bss.xBlockAllocatedBit
                0x2000268c        0x4 build/heap_4.o
 .bss.xNumberOfSuccessfulFrees
                0x20002690        0x4 build/heap_4.o
 .bss.xNumberOfSuccessfulAllocations
                0x20002694        0x4 build/heap_4.o
 .bss.xMinimumEverFreeBytesRemaining
                0x20002698        0x4 build/heap_4.o
 .bss.xFreeBytesRemaining
                0x2000269c        0x4 build/heap_4.o
 .bss.pxEnd     0x200026a0        0x4 build/heap_4.o
 .bss.xStart    0x200026a4        0x8 build/heap_4.o
 .bss.ucHeap    0x200026ac     0x3c00 build/heap_4.o
 .bss.ulMaxPRIGROUPValue
                0x200062ac        0x4 build/port.o
 .bss.ucMaxSysCallPriority
                0x200062b0        0x1 build/port.o
 .bss.cfgidx.0  0x200062b1        0x1 build/usbd_ctlreq.o
 *fill*         0x200062b2        0x2 
 .bss.__sf      0x200062b4      0x138 c:/Program Files/ARMtoolchain/bin/../lib/gcc/arm-none-eabi/14.2.1/thumb/v7e-m+fp/hard\libc_nano.a(libc_a-findfp.o)
                0x200062b4                __sf
 .bss.__stdio_exit_handler
                0x200063ec        0x4 c:/Program Files/ARMtoolchain/bin/../lib/gcc/arm-none-eabi/14.2.1/thumb/v7e-m+fp/hard\libc_nano.a(libc_a-findfp.o)
                0x200063ec                __stdio_exit_handler
 .bss.errno     0x200063f0        0x4 c:/Program Files/ARMtoolchain/bin/../lib/gcc/arm-none-eabi/14.2.1/thumb/v7e-m+fp/hard\libc_nano.a(libc_a-reent.o)
                0x200063f0                errno
 .bss.__lock___malloc_recursive_mutex
                0x200063f4        0x1 c:/Program Files/ARMtoolchain/bin/../lib/gcc/arm-none-eabi/14.2.1/thumb/v7e-m+fp/hard\libc_nano.a(libc_a-lock.o)
                0x200063f4                __lock___malloc_recursive_mutex
 .bss.__lock___sfp_recursive_mutex
                0x200063f5        0x1 c:/Program Files/ARMtoolchain/bin/../lib/gcc/arm-none-eabi/14.2.1/thumb/v7e-m+fp/hard\libc_nano.a(libc_a-lock.o)
                0x200063f5                __lock___sfp_recursive_mutex
 *fill*         0x200063f6        0x2 
 .bss.__malloc_sbrk_start
                0x200063f8        0x4 c:/Program Files/ARMtoolchain/bin/../lib/gcc/arm-none-eabi/14.2.1/thumb/v7e-m+fp/hard\libc_nano.a(libc_a-mallocr.o)
                0x200063f8                __malloc_sbrk_start
 .bss.__malloc_free_list
                0x200063fc        0x4 c:/Program Files/ARMtoolchain/bin/../lib/gcc/arm-none-eabi/14.2.1/thumb/v7e-m+fp/hard\libc_nano.a(libc_a-mallocr.o)
                0x200063fc                __malloc_free_list
 .bss.heap_end.0
                0x20006400        0x4 c:/Program Files/ARMtoolchain/bin/../lib/gcc/arm-none-eabi/14.2.1/thumb/v7e-m+fp/hard\libnosys.a(sbrk.o)
 *(COMMON)
                0x20006404                        . = ALIGN (0x4)
                0x20006404                        _ebss = .
                0x20006404                        __bss_end__ = _ebss

._user_heap_stack
                0x20006404      0x604 load address 0x0800992c
                0x20006408                        . = ALIGN (0x8)
 *fill*         0x20006404        0x4 
                0x20006408                        PROVIDE (end = .)
                [!provide]                        PROVIDE (_end = .)
                0x20006608                        . = (. + _Min_Heap_Size)
 *fill*         0x20006408      0x200 
                0x20006a08                        . = (. + _Min_Stack_Size)
 *fill*         0x20006608      0x400 
                0x20006a08                        . = ALIGN (0x8)

/DISCARD/
 libc.a(*)
 libm.a(*)
 libgcc.a(*)

.ARM.attributes
                0x00000000       0x30
 *(.ARM.attributes)
 .ARM.attributes
                0x00000000       0x22 c:/Program Files/ARMtoolchain/bin/../lib/gcc/arm-none-eabi/14.2.1/thumb/v7e-m+fp/hard/crti.o
 .ARM.attributes
                0x00000022       0x34 c:/Program Files/ARMtoolchain/bin/../lib/gcc/arm-none-eabi/14.2.1/thumb/v7e-m+fp/hard/crtbegin.o
 .ARM.attributes
                0x00000056       0x34 build/utils.o
 .ARM.attributes
                0x0000008a       0x34 build/main.o
 .ARM.attributes
                0x000000be       0x34 build/thermal_control.o
 .ARM.attributes
                0x000000f2       0x34 build/stm32f4xx_it.o
 .ARM.attributes
                0x00000126       0x34 build/stm32f4xx_hal_msp.o
 .ARM.attributes
                0x0000015a       0x34 build/stm32f4xx_hal_timebase_tim.o
 .ARM.attributes
                0x0000018e       0x34 build/usb_device.o
 .ARM.attributes
                0x000001c2       0x34 build/usbd_desc.o
 .ARM.attributes
                0x000001f6       0x34 build/usbd_cdc_if.o
 .ARM.attributes
                0x0000022a       0x34 build/usbd_conf.o
 .ARM.attributes
                0x0000025e       0x34 build/stm32f4xx_hal_tim.o
 .ARM.attributes
                0x00000292       0x34 build/stm32f4xx_hal_tim_ex.o
 .ARM.attributes
                0x000002c6       0x34 build/stm32f4xx_hal_pcd.o
 .ARM.attributes
                0x000002fa       0x34 build/stm32f4xx_hal_pcd_ex.o
 .ARM.attributes
                0x0000032e       0x34 build/stm32f4xx_ll_usb.o
 .ARM.attributes
                0x00000362       0x34 build/stm32f4xx_hal_rcc.o
 .ARM.attributes
                0x00000396       0x34 build/stm32f4xx_hal_gpio.o
 .ARM.attributes
                0x000003ca       0x34 build/stm32f4xx_hal_cortex.o
 .ARM.attributes
                0x000003fe       0x34 build/stm32f4xx_hal.o
 .ARM.attributes
                0x00000432       0x34 build/stm32f4xx_hal_adc.o
 .ARM.attributes
                0x00000466       0x34 build/stm32f4xx_hal_i2c.o
 .ARM.attributes
                0x0000049a       0x34 build/system_stm32f4xx.o
 .ARM.attributes
                0x000004ce       0x34 build/list.o
 .ARM.attributes
                0x00000502       0x34 build/queue.o
 .ARM.attributes
                0x00000536       0x34 build/tasks.o
 .ARM.attributes
                0x0000056a       0x34 build/timers.o
 .ARM.attributes
                0x0000059e       0x34 build/cmsis_os2.o
 .ARM.attributes
                0x000005d2       0x34 build/heap_4.o
 .ARM.attributes
                0x00000606       0x34 build/port.o
 .ARM.attributes
                0x0000063a       0x34 build/usbd_core.o
 .ARM.attributes
                0x0000066e       0x34 build/usbd_ctlreq.o
 .ARM.attributes
                0x000006a2       0x34 build/usbd_ioreq.o
 .ARM.attributes
                0x000006d6       0x34 build/usbd_cdc.o
 .ARM.attributes
                0x0000070a       0x21 build/startup_stm32f401xc.o
 .ARM.attributes
                0x0000072b       0x34 c:/Program Files/ARMtoolchain/bin/../lib/gcc/arm-none-eabi/14.2.1/thumb/v7e-m+fp/hard\libc_nano.a(libc_a-findfp.o)
 .ARM.attributes
                0x0000075f       0x34 c:/Program Files/ARMtoolchain/bin/../lib/gcc/arm-none-eabi/14.2.1/thumb/v7e-m+fp/hard\libc_nano.a(libc_a-fwalk.o)
 .ARM.attributes
                0x00000793       0x34 c:/Program Files/ARMtoolchain/bin/../lib/gcc/arm-none-eabi/14.2.1/thumb/v7e-m+fp/hard\libc_nano.a(libc_a-printf.o)
 .ARM.attributes
                0x000007c7       0x34 c:/Program Files/ARMtoolchain/bin/../lib/gcc/arm-none-eabi/14.2.1/thumb/v7e-m+fp/hard\libc_nano.a(libc_a-puts.o)
 .ARM.attributes
                0x000007fb       0x34 c:/Program Files/ARMtoolchain/bin/../lib/gcc/arm-none-eabi/14.2.1/thumb/v7e-m+fp/hard\libc_nano.a(libc_a-stdio.o)
 .ARM.attributes
                0x0000082f       0x34 c:/Program Files/ARMtoolchain/bin/../lib/gcc/arm-none-eabi/14.2.1/thumb/v7e-m+fp/hard\libc_nano.a(libc_a-wbuf.o)
 .ARM.attributes
                0x00000863       0x34 c:/Program Files/ARMtoolchain/bin/../lib/gcc/arm-none-eabi/14.2.1/thumb/v7e-m+fp/hard\libc_nano.a(libc_a-wsetup.o)
 .ARM.attributes
                0x00000897       0x34 c:/Program Files/ARMtoolchain/bin/../lib/gcc/arm-none-eabi/14.2.1/thumb/v7e-m+fp/hard\libc_nano.a(libc_a-memset.o)
 .ARM.attributes
                0x000008cb       0x34 c:/Program Files/ARMtoolchain/bin/../lib/gcc/arm-none-eabi/14.2.1/thumb/v7e-m+fp/hard\libc_nano.a(libc_a-closer.o)
 .ARM.attributes
                0x000008ff       0x34 c:/Program Files/ARMtoolchain/bin/../lib/gcc/arm-none-eabi/14.2.1/thumb/v7e-m+fp/hard\libc_nano.a(libc_a-reent.o)
 .ARM.attributes
                0x00000933       0x34 c:/Program Files/ARMtoolchain/bin/../lib/gcc/arm-none-eabi/14.2.1/thumb/v7e-m+fp/hard\libc_nano.a(libc_a-impure.o)
 .ARM.attributes
                0x00000967       0x34 c:/Program Files/ARMtoolchain/bin/../lib/gcc/arm-none-eabi/14.2.1/thumb/v7e-m+fp/hard\libc_nano.a(libc_a-lseekr.o)
 .ARM.attributes
                0x0000099b       0x34 c:/Program Files/ARMtoolchain/bin/../lib/gcc/arm-none-eabi/14.2.1/thumb/v7e-m+fp/hard\libc_nano.a(libc_a-readr.o)
 .ARM.attributes
                0x000009cf       0x34 c:/Program Files/ARMtoolchain/bin/../lib/gcc/arm-none-eabi/14.2.1/thumb/v7e-m+fp/hard\libc_nano.a(libc_a-writer.o)
 .ARM.attributes
                0x00000a03       0x34 c:/Program Files/ARMtoolchain/bin/../lib/gcc/arm-none-eabi/14.2.1/thumb/v7e-m+fp/hard\libc_nano.a(libc_a-init.o)
 .ARM.attributes
                0x00000a37       0x34 c:/Program Files/ARMtoolchain/bin/../lib/gcc/arm-none-eabi/14.2.1/thumb/v7e-m+fp/hard\libc_nano.a(libc_a-lock.o)
 .ARM.attributes
                0x00000a6b       0x34 c:/Program Files/ARMtoolchain/bin/../lib/gcc/arm-none-eabi/14.2.1/thumb/v7e-m+fp/hard\libc_nano.a(libc_a-memcpy-stub.o)
 .ARM.attributes
                0x00000a9f       0x34 c:/Program Files/ARMtoolchain/bin/../lib/gcc/arm-none-eabi/14.2.1/thumb/v7e-m+fp/hard\libc_nano.a(libc_a-freer.o)
 .ARM.attributes
                0x00000ad3       0x34 c:/Program Files/ARMtoolchain/bin/../lib/gcc/arm-none-eabi/14.2.1/thumb/v7e-m+fp/hard\libc_nano.a(libc_a-mallocr.o)
 .ARM.attributes
                0x00000b07       0x34 c:/Program Files/ARMtoolchain/bin/../lib/gcc/arm-none-eabi/14.2.1/thumb/v7e-m+fp/hard\libc_nano.a(libc_a-mlock.o)
 .ARM.attributes
                0x00000b3b       0x34 c:/Program Files/ARMtoolchain/bin/../lib/gcc/arm-none-eabi/14.2.1/thumb/v7e-m+fp/hard\libc_nano.a(libc_a-nano-vfprintf.o)
 .ARM.attributes
                0x00000b6f       0x34 c:/Program Files/ARMtoolchain/bin/../lib/gcc/arm-none-eabi/14.2.1/thumb/v7e-m+fp/hard\libc_nano.a(libc_a-nano-vfprintf_i.o)
 .ARM.attributes
                0x00000ba3       0x34 c:/Program Files/ARMtoolchain/bin/../lib/gcc/arm-none-eabi/14.2.1/thumb/v7e-m+fp/hard\libc_nano.a(libc_a-fflush.o)
 .ARM.attributes
                0x00000bd7       0x34 c:/Program Files/ARMtoolchain/bin/../lib/gcc/arm-none-eabi/14.2.1/thumb/v7e-m+fp/hard\libc_nano.a(libc_a-makebuf.o)
 .ARM.attributes
                0x00000c0b       0x34 c:/Program Files/ARMtoolchain/bin/../lib/gcc/arm-none-eabi/14.2.1/thumb/v7e-m+fp/hard\libc_nano.a(libc_a-fstatr.o)
 .ARM.attributes
                0x00000c3f       0x34 c:/Program Files/ARMtoolchain/bin/../lib/gcc/arm-none-eabi/14.2.1/thumb/v7e-m+fp/hard\libc_nano.a(libc_a-isattyr.o)
 .ARM.attributes
                0x00000c73       0x34 c:/Program Files/ARMtoolchain/bin/../lib/gcc/arm-none-eabi/14.2.1/thumb/v7e-m+fp/hard\libc_nano.a(libc_a-sbrkr.o)
 .ARM.attributes
                0x00000ca7       0x1c c:/Program Files/ARMtoolchain/bin/../lib/gcc/arm-none-eabi/14.2.1/thumb/v7e-m+fp/hard\libc_nano.a(libc_a-memchr.o)
 .ARM.attributes
                0x00000cc3       0x34 c:/Program Files/ARMtoolchain/bin/../lib/gcc/arm-none-eabi/14.2.1/thumb/v7e-m+fp/hard\libm.a(libm_a-w_log.o)
 .ARM.attributes
                0x00000cf7       0x34 c:/Program Files/ARMtoolchain/bin/../lib/gcc/arm-none-eabi/14.2.1/thumb/v7e-m+fp/hard\libm.a(libm_a-s_nan.o)
 .ARM.attributes
                0x00000d2b       0x34 c:/Program Files/ARMtoolchain/bin/../lib/gcc/arm-none-eabi/14.2.1/thumb/v7e-m+fp/hard\libm.a(libm_a-s_round.o)
 .ARM.attributes
                0x00000d5f       0x34 c:/Program Files/ARMtoolchain/bin/../lib/gcc/arm-none-eabi/14.2.1/thumb/v7e-m+fp/hard\libm.a(libm_a-e_log.o)
 .ARM.attributes
                0x00000d93       0x34 c:/Program Files/ARMtoolchain/bin/../lib/gcc/arm-none-eabi/14.2.1/thumb/v7e-m+fp/hard\libnosys.a(close.o)
 .ARM.attributes
                0x00000dc7       0x34 c:/Program Files/ARMtoolchain/bin/../lib/gcc/arm-none-eabi/14.2.1/thumb/v7e-m+fp/hard\libnosys.a(fstat.o)
 .ARM.attributes
                0x00000dfb       0x34 c:/Program Files/ARMtoolchain/bin/../lib/gcc/arm-none-eabi/14.2.1/thumb/v7e-m+fp/hard\libnosys.a(isatty.o)
 .ARM.attributes
                0x00000e2f       0x34 c:/Program Files/ARMtoolchain/bin/../lib/gcc/arm-none-eabi/14.2.1/thumb/v7e-m+fp/hard\libnosys.a(lseek.o)
 .ARM.attributes
                0x00000e63       0x34 c:/Program Files/ARMtoolchain/bin/../lib/gcc/arm-none-eabi/14.2.1/thumb/v7e-m+fp/hard\libnosys.a(read.o)
 .ARM.attributes