Archive member included to satisfy reference by file (symbol)

c:/program files (x86)/gnu arm embedded toolchain/10 2021.10/bin/../lib/gcc/arm-none-eabi/10.3.1/../../../../arm-none-eabi/lib/thumb/v7e-m+fp/hard\libc_nano.a(lib_a-exit.o)
                              c:/program files (x86)/gnu arm embedded toolchain/10 2021.10/bin/../lib/gcc/arm-none-eabi/10.3.1/../../../../arm-none-eabi/lib/thumb/v7e-m+fp/hard/crt0.o (exit)
c:/program files (x86)/gnu arm embedded toolchain/10 2021.10/bin/../lib/gcc/arm-none-eabi/10.3.1/../../../../arm-none-eabi/lib/thumb/v7e-m+fp/hard\libc_nano.a(lib_a-impure.o)
                              c:/program files (x86)/gnu arm embedded toolchain/10 2021.10/bin/../lib/gcc/arm-none-eabi/10.3.1/../../../../arm-none-eabi/lib/thumb/v7e-m+fp/hard\libc_nano.a(lib_a-exit.o) (_global_impure_ptr)
c:/program files (x86)/gnu arm embedded toolchain/10 2021.10/bin/../lib/gcc/arm-none-eabi/10.3.1/../../../../arm-none-eabi/lib/thumb/v7e-m+fp/hard\libc_nano.a(lib_a-init.o)
                              c:/program files (x86)/gnu arm embedded toolchain/10 2021.10/bin/../lib/gcc/arm-none-eabi/10.3.1/../../../../arm-none-eabi/lib/thumb/v7e-m+fp/hard/crt0.o (__libc_init_array)
c:/program files (x86)/gnu arm embedded toolchain/10 2021.10/bin/../lib/gcc/arm-none-eabi/10.3.1/../../../../arm-none-eabi/lib/thumb/v7e-m+fp/hard\libc_nano.a(lib_a-memcpy-stub.o)
                              build/queue.o (memcpy)
c:/program files (x86)/gnu arm embedded toolchain/10 2021.10/bin/../lib/gcc/arm-none-eabi/10.3.1/../../../../arm-none-eabi/lib/thumb/v7e-m+fp/hard\libc_nano.a(lib_a-memset.o)
                              c:/program files (x86)/gnu arm embedded toolchain/10 2021.10/bin/../lib/gcc/arm-none-eabi/10.3.1/../../../../arm-none-eabi/lib/thumb/v7e-m+fp/hard/crt0.o (memset)
c:/program files (x86)/gnu arm embedded toolchain/10 2021.10/bin/../lib/gcc/arm-none-eabi/10.3.1/../../../../arm-none-eabi/lib/thumb/v7e-m+fp/hard\libc_nano.a(lib_a-printf.o)
                              build/main.o (printf)
c:/program files (x86)/gnu arm embedded toolchain/10 2021.10/bin/../lib/gcc/arm-none-eabi/10.3.1/../../../../arm-none-eabi/lib/thumb/v7e-m+fp/hard\libc_nano.a(lib_a-puts.o)
                              build/main.o (puts)
c:/program files (x86)/gnu arm embedded toolchain/10 2021.10/bin/../lib/gcc/arm-none-eabi/10.3.1/../../../../arm-none-eabi/lib/thumb/v7e-m+fp/hard\libc_nano.a(lib_a-reent.o)
                              build/tasks.o (_reclaim_reent)
c:/program files (x86)/gnu arm embedded toolchain/10 2021.10/bin/../lib/gcc/arm-none-eabi/10.3.1/../../../../arm-none-eabi/lib/thumb/v7e-m+fp/hard\libc_nano.a(lib_a-wbuf.o)
                              c:/program files (x86)/gnu arm embedded toolchain/10 2021.10/bin/../lib/gcc/arm-none-eabi/10.3.1/../../../../arm-none-eabi/lib/thumb/v7e-m+fp/hard\libc_nano.a(lib_a-puts.o) (__swbuf_r)
c:/program files (x86)/gnu arm embedded toolchain/10 2021.10/bin/../lib/gcc/arm-none-eabi/10.3.1/../../../../arm-none-eabi/lib/thumb/v7e-m+fp/hard\libc_nano.a(lib_a-wsetup.o)
                              c:/program files (x86)/gnu arm embedded toolchain/10 2021.10/bin/../lib/gcc/arm-none-eabi/10.3.1/../../../../arm-none-eabi/lib/thumb/v7e-m+fp/hard\libc_nano.a(lib_a-puts.o) (__swsetup_r)
c:/program files (x86)/gnu arm embedded toolchain/10 2021.10/bin/../lib/gcc/arm-none-eabi/10.3.1/../../../../arm-none-eabi/lib/thumb/v7e-m+fp/hard\libc_nano.a(lib_a-fflush.o)
                              c:/program files (x86)/gnu arm embedded toolchain/10 2021.10/bin/../lib/gcc/arm-none-eabi/10.3.1/../../../../arm-none-eabi/lib/thumb/v7e-m+fp/hard\libc_nano.a(lib_a-wbuf.o) (_fflush_r)
c:/program files (x86)/gnu arm embedded toolchain/10 2021.10/bin/../lib/gcc/arm-none-eabi/10.3.1/../../../../arm-none-eabi/lib/thumb/v7e-m+fp/hard\libc_nano.a(lib_a-findfp.o)
                              c:/program files (x86)/gnu arm embedded toolchain/10 2021.10/bin/../lib/gcc/arm-none-eabi/10.3.1/../../../../arm-none-eabi/lib/thumb/v7e-m+fp/hard\libc_nano.a(lib_a-printf.o) (__sinit)
c:/program files (x86)/gnu arm embedded toolchain/10 2021.10/bin/../lib/gcc/arm-none-eabi/10.3.1/../../../../arm-none-eabi/lib/thumb/v7e-m+fp/hard\libc_nano.a(lib_a-fwalk.o)
                              c:/program files (x86)/gnu arm embedded toolchain/10 2021.10/bin/../lib/gcc/arm-none-eabi/10.3.1/../../../../arm-none-eabi/lib/thumb/v7e-m+fp/hard\libc_nano.a(lib_a-findfp.o) (_fwalk)
c:/program files (x86)/gnu arm embedded toolchain/10 2021.10/bin/../lib/gcc/arm-none-eabi/10.3.1/../../../../arm-none-eabi/lib/thumb/v7e-m+fp/hard\libc_nano.a(lib_a-lock.o)
                              c:/program files (x86)/gnu arm embedded toolchain/10 2021.10/bin/../lib/gcc/arm-none-eabi/10.3.1/../../../../arm-none-eabi/lib/thumb/v7e-m+fp/hard\libc_nano.a(lib_a-findfp.o) (__retarget_lock_init_recursive)
[...]
Memory Configuration

Name             Origin             Length             Attributes
RAM              0x20000000         0x00010000         xrw
FLASH            0x08000000         0x00040000         xr
*default*        0x00000000         0xffffffff

Linker script and memory map

LOAD c:/program files (x86)/gnu arm embedded toolchain/10 2021.10/bin/../lib/gcc/arm-none-eabi/10.3.1/thumb/v7e-m+fp/hard/crti.o
LOAD c:/program files (x86)/gnu arm embedded toolchain/10 2021.10/bin/../lib/gcc/arm-none-eabi/10.3.1/thumb/v7e-m+fp/hard/crtbegin.o
LOAD c:/program files (x86)/gnu arm embedded toolchain/10 2021.10/bin/../lib/gcc/arm-none-eabi/10.3.1/../../../../arm-none-eabi/lib/thumb/v7e-m+fp/hard/crt0.o
LOAD build/main.o
LOAD build/thermal_control.o
LOAD build/freertos.o
LOAD build/stm32f4xx_it.o
LOAD build/stm32f4xx_hal_msp.o
LOAD build/stm32f4xx_hal_timebase_tim.o
LOAD build/usb_device.o
LOAD build/usbd_desc.o
LOAD build/usbd_cdc_if.o
LOAD build/usbd_conf.o
LOAD build/stm32f4xx_hal_tim.o
LOAD build/stm32f4xx_hal_tim_ex.o
LOAD build/stm32f4xx_hal_pcd.o
LOAD build/stm32f4xx_hal_pcd_ex.o
LOAD build/stm32f4xx_ll_usb.o
LOAD build/stm32f4xx_hal_rcc.o
LOAD build/stm32f4xx_hal_rcc_ex.o
LOAD build/stm32f4xx_hal_flash.o
LOAD build/stm32f4xx_hal_flash_ex.o
LOAD build/stm32f4xx_hal_flash_ramfunc.o
LOAD build/stm32f4xx_hal_gpio.o
LOAD build/stm32f4xx_hal_dma_ex.o
LOAD build/stm32f4xx_hal_dma.o
LOAD build/stm32f4xx_hal_pwr.o
LOAD build/stm32f4xx_hal_pwr_ex.o
LOAD build/stm32f4xx_hal_cortex.o
LOAD build/stm32f4xx_hal.o
LOAD build/stm32f4xx_hal_exti.o
LOAD build/stm32f4xx_hal_adc.o
LOAD build/stm32f4xx_hal_adc_ex.o
LOAD build/stm32f4xx_ll_adc.o
LOAD build/stm32f4xx_hal_i2c.o
LOAD build/stm32f4xx_hal_i2c_ex.o
LOAD build/system_stm32f4xx.o
LOAD build/croutine.o
LOAD build/event_groups.o
LOAD build/list.o
LOAD build/queue.o
LOAD build/stream_buffer.o
LOAD build/tasks.o
LOAD build/timers.o
LOAD build/cmsis_os2.o
LOAD build/heap_4.o
LOAD build/port.o
LOAD build/usbd_core.o
LOAD build/usbd_ctlreq.o
LOAD build/usbd_ioreq.o
LOAD build/usbd_cdc.o
LOAD build/startup_stm32f411ccux.o
LOAD c:/program files (x86)/gnu arm embedded toolchain/10 2021.10/bin/../lib/gcc/arm-none-eabi/10.3.1/../../../../arm-none-eabi/lib/thumb/v7e-m+fp/hard\libc_nano.a
LOAD c:/program files (x86)/gnu arm embedded toolchain/10 2021.10/bin/../lib/gcc/arm-none-eabi/10.3.1/../../../../arm-none-eabi/lib/thumb/v7e-m+fp/hard\libm.a
LOAD c:/program files (x86)/gnu arm embedded toolchain/10 2021.10/bin/../lib/gcc/arm-none-eabi/10.3.1/../../../../arm-none-eabi/lib/thumb/v7e-m+fp/hard\libnosys.a
START GROUP
LOAD c:/program files (x86)/gnu arm embedded toolchain/10 2021.10/bin/../lib/gcc/arm-none-eabi/10.3.1/thumb/v7e-m+fp/hard\libgcc.a
LOAD c:/program files (x86)/gnu arm embedded toolchain/10 2021.10/bin/../lib/gcc/arm-none-eabi/10.3.1/../../../../arm-none-eabi/lib/thumb/v7e-m+fp/hard\libc_nano.a
END GROUP
START GROUP
LOAD c:/program files (x86)/gnu arm embedded toolchain/10 2021.10/bin/../lib/gcc/arm-none-eabi/10.3.1/thumb/v7e-m+fp/hard\libgcc.a
LOAD c:/program files (x86)/gnu arm embedded toolchain/10 2021.10/bin/../lib/gcc/arm-none-eabi/10.3.1/../../../../arm-none-eabi/lib/thumb/v7e-m+fp/hard\libc_nano.a
END GROUP
LOAD c:/program files (x86)/gnu arm embedded toolchain/10 2021.10/bin/../lib/gcc/arm-none-eabi/10.3.1/thumb/v7e-m+fp/hard/crtend.o
LOAD c:/program files (x86)/gnu arm embedded toolchain/10 2021.10/bin/../lib/gcc/arm-none-eabi/10.3.1/thumb/v7e-m+fp/hard/crtn.o
                0x20010000                _estack = (ORIGIN (RAM) + LENGTH (RAM))
                0x00000200                _Min_Heap_Size = 0x200
                0x00000400                _Min_Stack_Size = 0x400

.isr_vector     0x08000000      0x198
                0x08000000                . = ALIGN (0x4)
 *(.isr_vector)
 .isr_vector    0x08000000      0x198 build/startup_stm32f411ccux.o
                0x08000000                g_pfnVectors
                0x08000198                . = ALIGN (0x4)

.text           0x080001a0     0x94e0
                0x080001a0                . = ALIGN (0x4)
 *(.text)
 .text          0x080001a0       0x40 c:/program files (x86)/gnu arm embedded toolchain/10 2021.10/bin/../lib/gcc/arm-none-eabi/10.3.1/thumb/v7e-m+fp/hard/crtbegin.o
 .text          0x080001e0       0xa0 c:/program files (x86)/gnu arm embedded toolchain/10 2021.10/bin/../lib/gcc/arm-none-eabi/10.3.1/../../../../arm-none-eabi/lib/thumb/v7e-m+fp/hard\libc_nano.a(lib_a-memchr.o)
                0x080001e0                memchr
 .text          0x08000280      0x378 c:/program files (x86)/gnu arm embedded toolchain/10 2021.10/bin/../lib/gcc/arm-none-eabi/10.3.1/thumb/v7e-m+fp/hard\libgcc.a(_arm_addsubdf3.o)
                0x08000280                __aeabi_drsub
                0x08000288                __aeabi_dsub
                0x08000288                __subdf3
                0x0800028c                __aeabi_dadd
                0x0800028c                __adddf3
                0x08000504                __floatunsidf
                0x08000504                __aeabi_ui2d
                0x08000524                __floatsidf
                0x08000524                __aeabi_i2d
                0x08000548                __aeabi_f2d
                0x08000548                __extendsfdf2
                0x0800058c                __floatundidf
                0x0800058c                __aeabi_ul2d
                0x0800059c                __floatdidf
                0x0800059c                __aeabi_l2d
 .text          0x080005f8      0x424 c:/program files (x86)/gnu arm embedded toolchain/10 2021.10/bin/../lib/gcc/arm-none-eabi/10.3.1/thumb/v7e-m+fp/hard\libgcc.a(_arm_muldivdf3.o)
                0x080005f8                __aeabi_dmul
                0x080005f8                __muldf3
                0x0800084c                __divdf3
                0x0800084c                __aeabi_ddiv
 .text          0x08000a1c      0x110 c:/program files (x86)/gnu arm embedded toolchain/10 2021.10/bin/../lib/gcc/arm-none-eabi/10.3.1/thumb/v7e-m+fp/hard\libgcc.a(_arm_cmpdf2.o)
                0x08000a1c                __gtdf2
                0x08000a1c                __gedf2
                0x08000a24                __ltdf2
                0x08000a24                __ledf2
                0x08000a2c                __nedf2
                0x08000a2c                __eqdf2
                0x08000a2c                __cmpdf2
                0x08000aa8                __aeabi_cdrcmple
                0x08000ab8                __aeabi_cdcmpeq
                0x08000ab8                __aeabi_cdcmple
                0x08000ac8                __aeabi_dcmpeq
                0x08000adc                __aeabi_dcmplt
                0x08000af0                __aeabi_dcmple
                0x08000b04                __aeabi_dcmpge
                0x08000b18                __aeabi_dcmpgt
 .text          0x08000b2c       0x2c c:/program files (x86)/gnu arm embedded toolchain/10 2021.10/bin/../lib/gcc/arm-none-eabi/10.3.1/thumb/v7e-m+fp/hard\libgcc.a(_arm_unorddf2.o)
                0x08000b2c                __unorddf2
                0x08000b2c                __aeabi_dcmpun
 .text          0x08000b58       0x40 c:/program files (x86)/gnu arm embedded toolchain/10 2021.10/bin/../lib/gcc/arm-none-eabi/10.3.1/thumb/v7e-m+fp/hard\libgcc.a(_arm_fixunsdfsi.o)
                0x08000b58                __aeabi_d2uiz
                0x08000b58                __fixunsdfsi
 .text          0x08000b98       0x30 c:/program files (x86)/gnu arm embedded toolchain/10 2021.10/bin/../lib/gcc/arm-none-eabi/10.3.1/thumb/v7e-m+fp/hard\libgcc.a(_aeabi_uldivmod.o)
                0x08000b98                __aeabi_uldivmod
 .text          0x08000bc8      0x2d0 c:/program files (x86)/gnu arm embedded toolchain/10 2021.10/bin/../lib/gcc/arm-none-eabi/10.3.1/thumb/v7e-m+fp/hard\libgcc.a(_udivmoddi4.o)
                0x08000bc8                __udivmoddi4
 .text          0x08000e98        0x4 c:/program files (x86)/gnu arm embedded toolchain/10 2021.10/bin/../lib/gcc/arm-none-eabi/10.3.1/thumb/v7e-m+fp/hard\libgcc.a(_dvmd_tls.o)
                0x08000e98                __aeabi_idiv0
                0x08000e98                __aeabi_ldiv0
 *(.text*)
 .text.MX_GPIO_Init
                0x08000e9c       0x94 build/main.o
 .text.LED_manager
                0x08000f30       0x24 build/main.o
                0x08000f30                LED_manager
 .text.COM_manager
                0x08000f54      0x1a8 build/main.o
                0x08000f54                COM_manager
 .text.TEMP_manager
                0x080010fc       0xc4 build/main.o
                0x080010fc                TEMP_manager
 .text.StartBlink
                0x080011c0        0xe build/main.o
                0x080011c0                StartBlink
 .text._write   0x080011ce       0x46 build/main.o
                0x080011ce                _write
 .text.HAL_TIM_PeriodElapsedCallback
                0x08001214       0x18 build/main.o
                0x08001214                HAL_TIM_PeriodElapsedCallback
 .text.Error_Handler
                0x0800122c        0x4 build/main.o
                0x0800122c                Error_Handler
 .text.MX_I2C1_Init
                0x08001230       0x38 build/main.o
 .text.MX_ADC1_Init
                0x08001268       0x68 build/main.o
 .text.MX_TIM2_Init
                0x080012d0       0xa0 build/main.o
 .text.SystemClock_Config
                0x08001370       0xa8 build/main.o
                0x08001370                SystemClock_Config
 .text.main     0x08001418      0x138 build/main.o
                0x08001418                main
 .text.round_to_two_decimal_places
                0x08001550       0x2c build/thermal_control.o
                0x08001550                round_to_two_decimal_places
 *fill*         0x0800157c        0x4 
 .text.calc_temp
                0x08001580       0xb0 build/thermal_control.o
                0x08001580                calc_temp
 .text.NMI_Handler
                0x08001630        0x2 build/stm32f4xx_it.o
                0x08001630                NMI_Handler
 .text.HardFault_Handler
                0x08001632        0x2 build/stm32f4xx_it.o
                0x08001632                HardFault_Handler
 .text.MemManage_Handler
                0x08001634        0x2 build/stm32f4xx_it.o
                0x08001634                MemManage_Handler
 .text.BusFault_Handler
                0x08001636        0x2 build/stm32f4xx_it.o
                0x08001636                BusFault_Handler
 .text.UsageFault_Handler
                0x08001638        0x2 build/stm32f4xx_it.o
                0x08001638                UsageFault_Handler
 .text.DebugMon_Handler
                0x0800163a        0x2 build/stm32f4xx_it.o
                0x0800163a                DebugMon_Handler
 .text.TIM1_TRG_COM_TIM11_IRQHandler
                0x0800163c       0x10 build/stm32f4xx_it.o
                0x0800163c                TIM1_TRG_COM_TIM11_IRQHandler
 .text.OTG_FS_IRQHandler
                0x0800164c       0x10 build/stm32f4xx_it.o
                0x0800164c                OTG_FS_IRQHandler
 .text.HAL_MspInit
                0x0800165c       0x44 build/stm32f4xx_hal_msp.o
                0x0800165c                HAL_MspInit
 .text.HAL_ADC_MspInit
                0x080016a0       0x68 build/stm32f4xx_hal_msp.o
                0x080016a0                HAL_ADC_MspInit
 .text.HAL_I2C_MspInit
                0x08001708       0x70 build/stm32f4xx_hal_msp.o
                0x08001708                HAL_I2C_MspInit
 .text.HAL_TIM_Base_MspInit
                0x08001778       0x2c build/stm32f4xx_hal_msp.o
                0x08001778                HAL_TIM_Base_MspInit
 .text.HAL_TIM_MspPostInit
                0x080017a4       0x54 build/stm32f4xx_hal_msp.o
                0x080017a4                HAL_TIM_MspPostInit
 .text.HAL_InitTick
                0x080017f8       0x98 build/stm32f4xx_hal_timebase_tim.o
                0x080017f8                HAL_InitTick
 .text.MX_USB_DEVICE_Init
                0x08001890       0x54 build/usb_device.o
                0x08001890                MX_USB_DEVICE_Init
 .text.USBD_FS_DeviceDescriptor
                0x080018e4        0xc build/usbd_desc.o
                0x080018e4                USBD_FS_DeviceDescriptor
 .text.USBD_FS_LangIDStrDescriptor
                0x080018f0        0xc build/usbd_desc.o
                0x080018f0                USBD_FS_LangIDStrDescriptor
 .text.IntToUnicode
                0x080018fc       0x46 build/usbd_desc.o
 *fill*         0x08001942        0x2 
 .text.Get_SerialNum
                0x08001944       0x38 build/usbd_desc.o
 .text.USBD_FS_SerialStrDescriptor
                0x0800197c       0x14 build/usbd_desc.o
                0x0800197c                USBD_FS_SerialStrDescriptor
 .text.USBD_FS_ProductStrDescriptor
                0x08001990       0x24 build/usbd_desc.o
                0x08001990                USBD_FS_ProductStrDescriptor
 .text.USBD_FS_ManufacturerStrDescriptor
                0x080019b4       0x1c build/usbd_desc.o
                0x080019b4                USBD_FS_ManufacturerStrDescriptor
 .text.USBD_FS_ConfigStrDescriptor
                0x080019d0       0x24 build/usbd_desc.o
                0x080019d0                USBD_FS_ConfigStrDescriptor
 .text.USBD_FS_InterfaceStrDescriptor
                0x080019f4       0x24 build/usbd_desc.o
                0x080019f4                USBD_FS_InterfaceStrDescriptor
 .text.CDC_DeInit_FS
                0x08001a18        0x4 build/usbd_cdc_if.o
 .text.CDC_Control_FS
                0x08001a1c        0x4 build/usbd_cdc_if.o
 .text.CDC_TransmitCplt_FS
                0x08001a20        0x4 build/usbd_cdc_if.o
 .text.CDC_Receive_FS
                0x08001a24       0x2c build/usbd_cdc_if.o
 .text.CDC_Init_FS
                0x08001a50       0x2c build/usbd_cdc_if.o
 .text.CDC_Transmit_FS
                0x08001a7c       0x2c build/usbd_cdc_if.o
                0x08001a7c                CDC_Transmit_FS
 .text.HAL_PCD_MspInit
                0x08001aa8       0x84 build/usbd_conf.o
                0x08001aa8                HAL_PCD_MspInit
 .text.HAL_PCD_MspDeInit
                0x08001b2c       0x30 build/usbd_conf.o
                0x08001b2c                HAL_PCD_MspDeInit
 .text.HAL_PCD_SetupStageCallback
                0x08001b5c       0x10 build/usbd_conf.o
                0x08001b5c                HAL_PCD_SetupStageCallback
 .text.HAL_PCD_DataOutStageCallback
                0x08001b6c       0x18 build/usbd_conf.o
                0x08001b6c                HAL_PCD_DataOutStageCallback
 .text.HAL_PCD_DataInStageCallback
                0x08001b84       0x16 build/usbd_conf.o
                0x08001b84                HAL_PCD_DataInStageCallback
 .text.HAL_PCD_SOFCallback
                0x08001b9a        0xc build/usbd_conf.o
                0x08001b9a                HAL_PCD_SOFCallback
 .text.HAL_PCD_ResetCallback
                0x08001ba6       0x24 build/usbd_conf.o
                0x08001ba6                HAL_PCD_ResetCallback
 *fill*         0x08001bca        0x2 
 .text.HAL_PCD_SuspendCallback
                0x08001bcc       0x30 build/usbd_conf.o
                0x08001bcc                HAL_PCD_SuspendCallback
 .text.HAL_PCD_ResumeCallback
                0x08001bfc        0xc build/usbd_conf.o
                0x08001bfc                HAL_PCD_ResumeCallback
 .text.HAL_PCD_ISOOUTIncompleteCallback
                0x08001c08        0xc build/usbd_conf.o
                0x08001c08                HAL_PCD_ISOOUTIncompleteCallback
 .text.HAL_PCD_ISOINIncompleteCallback
                0x08001c14        0xc build/usbd_conf.o
                0x08001c14                HAL_PCD_ISOINIncompleteCallback
 .text.HAL_PCD_ConnectCallback
                0x08001c20        0xc build/usbd_conf.o
                0x08001c20                HAL_PCD_ConnectCallback
 .text.HAL_PCD_DisconnectCallback
                0x08001c2c        0xc build/usbd_conf.o
                0x08001c2c                HAL_PCD_DisconnectCallback
 .text.USBD_LL_Init
                0x08001c38       0x68 build/usbd_conf.o
                0x08001c38                USBD_LL_Init
 .text.USBD_LL_IsStallEP
                0x08001ca0       0x2c build/usbd_conf.o
                0x08001ca0                USBD_LL_IsStallEP
 .text.USBD_LL_GetRxDataSize
                0x08001ccc        0xc build/usbd_conf.o
                0x08001ccc                USBD_LL_GetRxDataSize
 .text.USBD_static_malloc
                0x08001cd8        0x8 build/usbd_conf.o
                0x08001cd8                USBD_static_malloc
 .text.USBD_static_free
                0x08001ce0        0x2 build/usbd_conf.o
                0x08001ce0                USBD_static_free
 .text.USBD_Get_USB_Status
                0x08001ce2       0x14 build/usbd_conf.o
                0x08001ce2                USBD_Get_USB_Status
 .text.USBD_LL_DeInit
                0x08001cf6       0x10 build/usbd_conf.o
                0x08001cf6                USBD_LL_DeInit
 .text.USBD_LL_Start
                0x08001d06       0x10 build/usbd_conf.o
                0x08001d06                USBD_LL_Start
 .text.USBD_LL_Stop
                0x08001d16       0x10 build/usbd_conf.o
                0x08001d16                USBD_LL_Stop
 .text.USBD_LL_OpenEP
                0x08001d26       0x16 build/usbd_conf.o
                0x08001d26                USBD_LL_OpenEP
 .text.USBD_LL_CloseEP
                0x08001d3c       0x10 build/usbd_conf.o
                0x08001d3c                USBD_LL_CloseEP
 .text.USBD_LL_StallEP
                0x08001d4c       0x10 build/usbd_conf.o
                0x08001d4c                USBD_LL_StallEP
 .text.USBD_LL_ClearStallEP
                0x08001d5c       0x10 build/usbd_conf.o
                0x08001d5c                USBD_LL_ClearStallEP
 .text.USBD_LL_SetUSBAddress
                0x08001d6c       0x10 build/usbd_conf.o
                0x08001d6c                USBD_LL_SetUSBAddress
 .text.USBD_LL_Transmit
                0x08001d7c       0x10 build/usbd_conf.o
                0x08001d7c                USBD_LL_Transmit
 .text.USBD_LL_PrepareReceive
                0x08001d8c       0x10 build/usbd_conf.o
                0x08001d8c                USBD_LL_PrepareReceive
 .text.TIM_OC1_SetConfig
                0x08001d9c       0x5c build/stm32f4xx_hal_tim.o
 .text.TIM_OC3_SetConfig
                0x08001df8       0x64 build/stm32f4xx_hal_tim.o
 .text.TIM_OC4_SetConfig
                0x08001e5c       0x48 build/stm32f4xx_hal_tim.o
 .text.TIM_TI1_ConfigInputStage
                0x08001ea4       0x26 build/stm32f4xx_hal_tim.o
 .text.TIM_TI2_ConfigInputStage
                0x08001eca       0x28 build/stm32f4xx_hal_tim.o
 .text.TIM_ITRx_SetConfig
                0x08001ef2       0x10 build/stm32f4xx_hal_tim.o
 *fill*         0x08001f02        0x2 
 .text.HAL_TIM_Base_Start_IT
                0x08001f04       0x78 build/stm32f4xx_hal_tim.o
                0x08001f04                HAL_TIM_Base_Start_IT
 .text.HAL_TIM_PWM_MspInit
                0x08001f7c        0x2 build/stm32f4xx_hal_tim.o
                0x08001f7c                HAL_TIM_PWM_MspInit
 .text.HAL_TIM_OC_DelayElapsedCallback
                0x08001f7e        0x2 build/stm32f4xx_hal_tim.o
                0x08001f7e                HAL_TIM_OC_DelayElapsedCallback
 .text.HAL_TIM_IC_CaptureCallback
                0x08001f80        0x2 build/stm32f4xx_hal_tim.o
                0x08001f80                HAL_TIM_IC_CaptureCallback
 .text.HAL_TIM_PWM_PulseFinishedCallback
                0x08001f82        0x2 build/stm32f4xx_hal_tim.o
                0x08001f82                HAL_TIM_PWM_PulseFinishedCallback
 .text.HAL_TIM_TriggerCallback
                0x08001f84        0x2 build/stm32f4xx_hal_tim.o
                0x08001f84                HAL_TIM_TriggerCallback
 .text.HAL_TIM_IRQHandler
                0x08001f86      0x15e build/stm32f4xx_hal_tim.o
                0x08001f86                HAL_TIM_IRQHandler
 .text.TIM_Base_SetConfig
                0x080020e4       0xac build/stm32f4xx_hal_tim.o
                0x080020e4                TIM_Base_SetConfig
 .text.HAL_TIM_Base_Init
                0x08002190       0x58 build/stm32f4xx_hal_tim.o
                0x08002190                HAL_TIM_Base_Init
 .text.HAL_TIM_PWM_Init
                0x080021e8       0x58 build/stm32f4xx_hal_tim.o
                0x080021e8                HAL_TIM_PWM_Init
 .text.TIM_OC2_SetConfig
                0x08002240       0x64 build/stm32f4xx_hal_tim.o
                0x08002240                TIM_OC2_SetConfig
 .text.HAL_TIM_PWM_ConfigChannel
                0x080022a4       0xdc build/stm32f4xx_hal_tim.o
                0x080022a4                HAL_TIM_PWM_ConfigChannel
 .text.TIM_ETR_SetConfig
                0x08002380       0x1a build/stm32f4xx_hal_tim.o
                0x08002380                TIM_ETR_SetConfig
 .text.HAL_TIM_ConfigClockSource
                0x0800239a       0xfe build/stm32f4xx_hal_tim.o
                0x0800239a                HAL_TIM_ConfigClockSource
 .text.TIM_CCxChannelCmd
                0x08002498       0x1e build/stm32f4xx_hal_tim.o
                0x08002498                TIM_CCxChannelCmd
 *fill*         0x080024b6        0x2 
 .text.HAL_TIM_PWM_Start
                0x080024b8       0xf0 build/stm32f4xx_hal_tim.o
                0x080024b8                HAL_TIM_PWM_Start
 .text.HAL_TIMEx_MasterConfigSynchronization
                0x080025a8       0x7c build/stm32f4xx_hal_tim_ex.o
                0x080025a8                HAL_TIMEx_MasterConfigSynchronization
 .text.HAL_TIMEx_CommutCallback
                0x08002624        0x2 build/stm32f4xx_hal_tim_ex.o
                0x08002624                HAL_TIMEx_CommutCallback
 .text.HAL_TIMEx_BreakCallback
                0x08002626        0x2 build/stm32f4xx_hal_tim_ex.o
                0x08002626                HAL_TIMEx_BreakCallback
 .text.PCD_WriteEmptyTxFifo
                0x08002628       0xd0 build/stm32f4xx_hal_pcd.o
 .text.HAL_PCD_Init
                0x080026f8      0x102 build/stm32f4xx_hal_pcd.o
                0x080026f8                HAL_PCD_Init
 .text.HAL_PCD_DeInit
                0x080027fa       0x2e build/stm32f4xx_hal_pcd.o
                0x080027fa                HAL_PCD_DeInit
 .text.HAL_PCD_Start
                0x08002828       0x44 build/stm32f4xx_hal_pcd.o
                0x08002828                HAL_PCD_Start
 .text.HAL_PCD_Stop
                0x0800286c       0x4c build/stm32f4xx_hal_pcd.o
                0x0800286c                HAL_PCD_Stop
 .text.PCD_EP_OutXfrComplete_int
                0x080028b8      0x104 build/stm32f4xx_hal_pcd.o
 .text.PCD_EP_OutSetupPacket_int
                0x080029bc       0x50 build/stm32f4xx_hal_pcd.o
 .text.HAL_PCD_SetAddress
                0x08002a0c       0x26 build/stm32f4xx_hal_pcd.o
                0x08002a0c                HAL_PCD_SetAddress
 .text.HAL_PCD_EP_Open
                0x08002a32       0x8c build/stm32f4xx_hal_pcd.o
                0x08002a32                HAL_PCD_EP_Open
 .text.HAL_PCD_EP_Close
                0x08002abe       0x70 build/stm32f4xx_hal_pcd.o
                0x08002abe                HAL_PCD_EP_Close
 .text.HAL_PCD_EP_Receive
                0x08002b2e       0x4a build/stm32f4xx_hal_pcd.o
                0x08002b2e                HAL_PCD_EP_Receive
 .text.HAL_PCD_EP_GetRxCount
                0x08002b78       0x12 build/stm32f4xx_hal_pcd.o
                0x08002b78                HAL_PCD_EP_GetRxCount
 .text.HAL_PCD_EP_Transmit
                0x08002b8a       0x4a build/stm32f4xx_hal_pcd.o
                0x08002b8a                HAL_PCD_EP_Transmit
 .text.HAL_PCD_EP_SetStall
                0x08002bd4       0x86 build/stm32f4xx_hal_pcd.o
                0x08002bd4                HAL_PCD_EP_SetStall
 .text.HAL_PCD_EP_ClrStall
                0x08002c5a       0x74 build/stm32f4xx_hal_pcd.o
                0x08002c5a                HAL_PCD_EP_ClrStall
 .text.HAL_PCD_EP_Abort
                0x08002cce       0x34 build/stm32f4xx_hal_pcd.o
                0x08002cce                HAL_PCD_EP_Abort
 .text.HAL_PCD_IRQHandler
                0x08002d02      0x5bc build/stm32f4xx_hal_pcd.o
                0x08002d02                HAL_PCD_IRQHandler
 .text.HAL_PCDEx_SetTxFiFo
                0x080032be       0x4c build/stm32f4xx_hal_pcd_ex.o
                0x080032be                HAL_PCDEx_SetTxFiFo
 .text.HAL_PCDEx_SetRxFiFo
                0x0800330a        0x8 build/stm32f4xx_hal_pcd_ex.o
                0x0800330a                HAL_PCDEx_SetRxFiFo
 .text.HAL_PCDEx_LPM_Callback
                0x08003312        0x2 build/stm32f4xx_hal_pcd_ex.o
                0x08003312                HAL_PCDEx_LPM_Callback
 .text.USB_CoreReset
                0x08003314       0x4a build/stm32f4xx_ll_usb.o
 .text.USB_CoreInit
                0x0800335e       0x92 build/stm32f4xx_ll_usb.o
                0x0800335e                USB_CoreInit
 .text.USB_SetTurnaroundTime
                0x080033f0       0xe4 build/stm32f4xx_ll_usb.o
                0x080033f0                USB_SetTurnaroundTime
 .text.USB_EnableGlobalInt
                0x080034d4        0xc build/stm32f4xx_ll_usb.o
                0x080034d4                USB_EnableGlobalInt
 .text.USB_DisableGlobalInt
                0x080034e0        0xc build/stm32f4xx_ll_usb.o
                0x080034e0                USB_DisableGlobalInt
 .text.USB_FlushTxFifo
                0x080034ec       0x4a build/stm32f4xx_ll_usb.o
                0x080034ec                USB_FlushTxFifo
 .text.USB_FlushRxFifo
                0x08003536       0x46 build/stm32f4xx_ll_usb.o
                0x08003536                USB_FlushRxFifo
 .text.USB_SetDevSpeed
                0x0800357c        0xe build/stm32f4xx_ll_usb.o
                0x0800357c                USB_SetDevSpeed
 *fill*         0x0800358a        0x2 
 .text.USB_DevInit
                0x0800358c      0x194 build/stm32f4xx_ll_usb.o
                0x0800358c                USB_DevInit
 .text.USB_GetDevSpeed
                0x08003720       0x22 build/stm32f4xx_ll_usb.o
                0x08003720                USB_GetDevSpeed
 .text.USB_ActivateEndpoint
                0x08003742       0x9c build/stm32f4xx_ll_usb.o
                0x08003742                USB_ActivateEndpoint
 *fill*         0x080037de        0x2 
 .text.USB_DeactivateEndpoint
                0x080037e0       0xe0 build/stm32f4xx_ll_usb.o
                0x080037e0                USB_DeactivateEndpoint
 .text.USB_EPStopXfer
                0x080038c0       0xbe build/stm32f4xx_ll_usb.o
                0x080038c0                USB_EPStopXfer
 .text.USB_WritePacket
                0x0800397e       0x2e build/stm32f4xx_ll_usb.o
                0x0800397e                USB_WritePacket
 .text.USB_EPStartXfer
                0x080039ac      0x248 build/stm32f4xx_ll_usb.o
                0x080039ac                USB_EPStartXfer
 .text.USB_ReadPacket
                0x08003bf4       0x54 build/stm32f4xx_ll_usb.o
                0x08003bf4                USB_ReadPacket
 .text.USB_EPSetStall
                0x08003c48       0x5a build/stm32f4xx_ll_usb.o
                0x08003c48                USB_EPSetStall
 .text.USB_EPClearStall
                0x08003ca2       0x5c build/stm32f4xx_ll_usb.o
                0x08003ca2                USB_EPClearStall
 .text.USB_StopDevice
                0x08003cfe       0x40 build/stm32f4xx_ll_usb.o
                0x08003cfe                USB_StopDevice
 .text.USB_SetDevAddress
                0x08003d3e       0x20 build/stm32f4xx_ll_usb.o
                0x08003d3e                USB_SetDevAddress
 .text.USB_DevConnect
                0x08003d5e       0x1c build/stm32f4xx_ll_usb.o
                0x08003d5e                USB_DevConnect
 .text.USB_DevDisconnect
                0x08003d7a       0x1c build/stm32f4xx_ll_usb.o
                0x08003d7a                USB_DevDisconnect
 .text.USB_ReadInterrupts
                0x08003d96        0x8 build/stm32f4xx_ll_usb.o
                0x08003d96                USB_ReadInterrupts
 .text.USB_ReadDevAllOutEpInterrupt
                0x08003d9e       0x10 build/stm32f4xx_ll_usb.o
                0x08003d9e                USB_ReadDevAllOutEpInterrupt
 .text.USB_ReadDevAllInEpInterrupt
                0x08003dae       0x10 build/stm32f4xx_ll_usb.o
                0x08003dae                USB_ReadDevAllInEpInterrupt
 .text.USB_ReadDevOutEPInterrupt
                0x08003dbe       0x12 build/stm32f4xx_ll_usb.o
                0x08003dbe                USB_ReadDevOutEPInterrupt
 .text.USB_ReadDevInEPInterrupt
                0x08003dd0       0x28 build/stm32f4xx_ll_usb.o
                0x08003dd0                USB_ReadDevInEPInterrupt
 .text.USB_GetMode
                0x08003df8        0x8 build/stm32f4xx_ll_usb.o
                0x08003df8                USB_GetMode
 .text.USB_SetCurrentMode
                0x08003e00       0x62 build/stm32f4xx_ll_usb.o
                0x08003e00                USB_SetCurrentMode
 .text.USB_ActivateSetup
                0x08003e62       0x20 build/stm32f4xx_ll_usb.o
                0x08003e62                USB_ActivateSetup
 *fill*         0x08003e82        0x2 
 .text.USB_EP0_OutStart
                0x08003e84       0x60 build/stm32f4xx_ll_usb.o
                0x08003e84                USB_EP0_OutStart
 .text.HAL_RCC_OscConfig
                0x08003ee4      0x3f8 build/stm32f4xx_hal_rcc.o
                0x08003ee4                HAL_RCC_OscConfig
 .text.HAL_RCC_GetSysClockFreq
                0x080042dc       0xa4 build/stm32f4xx_hal_rcc.o
                0x080042dc                HAL_RCC_GetSysClockFreq
 .text.HAL_RCC_ClockConfig
                0x08004380      0x160 build/stm32f4xx_hal_rcc.o
                0x08004380                HAL_RCC_ClockConfig
 .text.HAL_RCC_GetHCLKFreq
                0x080044e0        0xc build/stm32f4xx_hal_rcc.o
                0x080044e0                HAL_RCC_GetHCLKFreq
 .text.HAL_RCC_GetPCLK1Freq
                0x080044ec       0x20 build/stm32f4xx_hal_rcc.o
                0x080044ec                HAL_RCC_GetPCLK1Freq
 .text.HAL_RCC_GetPCLK2Freq
                0x0800450c       0x20 build/stm32f4xx_hal_rcc.o
                0x0800450c                HAL_RCC_GetPCLK2Freq
 .text.HAL_RCC_GetClockConfig
                0x0800452c       0x3c build/stm32f4xx_hal_rcc.o
                0x0800452c                HAL_RCC_GetClockConfig
 .text.HAL_GPIO_Init
                0x08004568      0x1c0 build/stm32f4xx_hal_gpio.o
                0x08004568                HAL_GPIO_Init
 .text.HAL_GPIO_DeInit
                0x08004728      0x110 build/stm32f4xx_hal_gpio.o
                0x08004728                HAL_GPIO_DeInit
 .text.HAL_GPIO_WritePin
                0x08004838        0xc build/stm32f4xx_hal_gpio.o
                0x08004838                HAL_GPIO_WritePin
 .text.HAL_GPIO_TogglePin
                0x08004844       0x12 build/stm32f4xx_hal_gpio.o
                0x08004844                HAL_GPIO_TogglePin
 *fill*         0x08004856        0x2 
 .text.HAL_NVIC_SetPriorityGrouping
                0x08004858       0x24 build/stm32f4xx_hal_cortex.o
                0x08004858                HAL_NVIC_SetPriorityGrouping
 .text.HAL_NVIC_SetPriority
                0x0800487c       0x70 build/stm32f4xx_hal_cortex.o
                0x0800487c                HAL_NVIC_SetPriority
 .text.HAL_NVIC_EnableIRQ
                0x080048ec       0x1c build/stm32f4xx_hal_cortex.o
                0x080048ec                HAL_NVIC_EnableIRQ
 .text.HAL_NVIC_DisableIRQ
                0x08004908       0x24 build/stm32f4xx_hal_cortex.o
                0x08004908                HAL_NVIC_DisableIRQ
 .text.HAL_Init
                0x0800492c       0x34 build/stm32f4xx_hal.o
                0x0800492c                HAL_Init
 .text.HAL_IncTick
                0x08004960       0x18 build/stm32f4xx_hal.o
                0x08004960                HAL_IncTick
 .text.HAL_GetTick
                0x08004978        0xc build/stm32f4xx_hal.o
                0x08004978                HAL_GetTick
 .text.HAL_Delay
                0x08004984       0x28 build/stm32f4xx_hal.o
                0x08004984                HAL_Delay
 .text.ADC_Init
                0x080049ac      0x134 build/stm32f4xx_hal_adc.o
 .text.HAL_ADC_Init
                0x08004ae0       0x56 build/stm32f4xx_hal_adc.o
                0x08004ae0                HAL_ADC_Init
 *fill*         0x08004b36        0x2 
 .text.HAL_ADC_Start
                0x08004b38      0x108 build/stm32f4xx_hal_adc.o
                0x08004b38                HAL_ADC_Start
 .text.HAL_ADC_Stop
                0x08004c40       0x40 build/stm32f4xx_hal_adc.o
                0x08004c40                HAL_ADC_Stop
 .text.HAL_ADC_PollForConversion
                0x08004c80       0xb8 build/stm32f4xx_hal_adc.o
                0x08004c80                HAL_ADC_PollForConversion
 .text.HAL_ADC_GetValue
                0x08004d38        0x6 build/stm32f4xx_hal_adc.o
                0x08004d38                HAL_ADC_GetValue
 *fill*         0x08004d3e        0x2 
 .text.HAL_ADC_ConfigChannel
                0x08004d40      0x198 build/stm32f4xx_hal_adc.o
                0x08004d40                HAL_ADC_ConfigChannel
 .text.HAL_I2C_Init
                0x08004ed8      0x1bc build/stm32f4xx_hal_i2c.o
                0x08004ed8                HAL_I2C_Init
 .text.SystemInit
                0x08005094       0x14 build/system_stm32f4xx.o
                0x08005094                SystemInit
 .text.vListInitialise
                0x080050a8       0x16 build/list.o
                0x080050a8                vListInitialise
 .text.vListInitialiseItem
                0x080050be        0x6 build/list.o
                0x080050be                vListInitialiseItem
 .text.vListInsertEnd
                0x080050c4       0x16 build/list.o
                0x080050c4                vListInsertEnd
 .text.vListInsert
                0x080050da       0x32 build/list.o
                0x080050da                vListInsert
 .text.uxListRemove
                0x0800510c       0x26 build/list.o
                0x0800510c                uxListRemove
 .text.prvIsQueueFull
                0x08005132       0x1e build/queue.o
 .text.prvIsQueueEmpty
                0x08005150       0x1a build/queue.o
 .text.prvCopyDataToQueue
                0x0800516a       0x76 build/queue.o
 .text.prvCopyDataFromQueue
                0x080051e0       0x24 build/queue.o
 .text.prvUnlockQueue
                0x08005204       0x6e build/queue.o
 .text.xQueueGenericReset
                0x08005272       0x84 build/queue.o
                0x08005272                xQueueGenericReset
 .text.prvInitialiseNewQueue
                0x080052f6       0x22 build/queue.o
 .text.xQueueGenericCreateStatic
                0x08005318       0x94 build/queue.o
                0x08005318                xQueueGenericCreateStatic
 .text.xQueueGenericSend
                0x080053ac      0x188 build/queue.o
                0x080053ac                xQueueGenericSend
 .text.xQueueGenericSendFromISR
                0x08005534       0xce build/queue.o
                0x08005534                xQueueGenericSendFromISR
 .text.xQueueReceive
                0x08005602      0x15e build/queue.o
                0x08005602                xQueueReceive
 .text.vQueueAddToRegistry
                0x08005760       0x28 build/queue.o
                0x08005760                vQueueAddToRegistry
 .text.vQueueWaitForMessageRestricted
                0x08005788       0x52 build/queue.o
                0x08005788                vQueueWaitForMessageRestricted
 *fill*         0x080057da        0x2 
 .text.prvResetNextTaskUnblockTime
                0x080057dc       0x2c build/tasks.o
 .text.prvInitialiseNewTask
                0x08005808      0x106 build/tasks.o
 *fill*         0x0800590e        0x2 
 .text.prvInitialiseTaskLists
                0x08005910       0x68 build/tasks.o
 .text.prvAddNewTaskToReadyList
                0x08005978       0xac build/tasks.o
 .text.prvDeleteTCB
                0x08005a24       0x40 build/tasks.o
 .text.prvCheckTasksWaitingTermination
                0x08005a64       0x4c build/tasks.o
 .text.prvIdleTask
                0x08005ab0       0x28 build/tasks.o
 .text.prvAddCurrentTaskToDelayedList
                0x08005ad8       0x7c build/tasks.o
 .text.xTaskCreateStatic
                0x08005b54       0x7a build/tasks.o
                0x08005b54                xTaskCreateStatic
 .text.xTaskCreate
                0x08005bce       0x6a build/tasks.o
                0x08005bce                xTaskCreate
 .text.vTaskStartScheduler
                0x08005c38       0xac build/tasks.o
                0x08005c38                vTaskStartScheduler
 .text.vTaskSuspendAll
                0x08005ce4       0x10 build/tasks.o
                0x08005ce4                vTaskSuspendAll
 .text.xTaskGetTickCount
                0x08005cf4        0xc build/tasks.o
                0x08005cf4                xTaskGetTickCount
 .text.xTaskIncrementTick
                0x08005d00      0x118 build/tasks.o
                0x08005d00                xTaskIncrementTick
 .text.xTaskResumeAll
                0x08005e18       0xf8 build/tasks.o
                0x08005e18                xTaskResumeAll
 .text.vTaskDelay
                0x08005f10       0x4c build/tasks.o
                0x08005f10                vTaskDelay
 .text.vTaskSwitchContext
                0x08005f5c       0xa0 build/tasks.o
                0x08005f5c                vTaskSwitchContext
 .text.vTaskPlaceOnEventList
                0x08005ffc       0x30 build/tasks.o
                0x08005ffc                vTaskPlaceOnEventList
 .text.vTaskPlaceOnEventListRestricted
                0x0800602c       0x38 build/tasks.o
                0x0800602c                vTaskPlaceOnEventListRestricted
 .text.xTaskRemoveFromEventList
                0x08006064       0x8c build/tasks.o
                0x08006064                xTaskRemoveFromEventList
 .text.vTaskInternalSetTimeOutState
                0x080060f0       0x18 build/tasks.o
                0x080060f0                vTaskInternalSetTimeOutState
 .text.xTaskCheckForTimeOut
                0x08006108       0x84 build/tasks.o
                0x08006108                xTaskCheckForTimeOut
 .text.vTaskMissedYield
                0x0800618c        0xc build/tasks.o
                0x0800618c                vTaskMissedYield
 .text.xTaskGetSchedulerState
                0x08006198       0x20 build/tasks.o
                0x08006198                xTaskGetSchedulerState
 .text.xTaskPriorityDisinherit
                0x080061b8       0x90 build/tasks.o
                0x080061b8                xTaskPriorityDisinherit
 .text.prvGetNextExpireTime
                0x08006248       0x20 build/timers.o
 .text.prvInsertTimerInActiveList
                0x08006268       0x48 build/timers.o
 .text.prvCheckForValidListAndQueue
                0x080062b0       0x70 build/timers.o
 .text.xTimerCreateTimerTask
                0x08006320       0x64 build/timers.o
                0x08006320                xTimerCreateTimerTask
 .text.xTimerGenericCommand
                0x08006384       0x6c build/timers.o
                0x08006384                xTimerGenericCommand
 .text.prvSwitchTimerLists
                0x080063f0       0x7c build/timers.o
 .text.prvSampleTimeNow
                0x0800646c       0x2c build/timers.o
 .text.prvProcessExpiredTimer
                0x08006498       0x6c build/timers.o
 .text.prvProcessTimerOrBlockTask
                0x08006504       0x74 build/timers.o
 .text.prvProcessReceivedCommands
                0x08006578      0x10c build/timers.o
 .text.prvTimerTask
                0x08006684       0x16 build/timers.o
 .text.SysTick_Handler
                0x0800669a       0x18 build/cmsis_os2.o
                0x0800669a                SysTick_Handler
 *fill*         0x080066b2        0x2 
 .text.osKernelInitialize
                0x080066b4       0x24 build/cmsis_os2.o
                0x080066b4                osKernelInitialize
 .text.osKernelStart
                0x080066d8       0x38 build/cmsis_os2.o
                0x080066d8                osKernelStart
 .text.osThreadNew
                0x08006710       0xbe build/cmsis_os2.o
                0x08006710                osThreadNew
 .text.osDelay  0x080067ce       0x1c build/cmsis_os2.o
                0x080067ce                osDelay
 *fill*         0x080067ea        0x2 
 .text.vApplicationGetIdleTaskMemory
                0x080067ec       0x18 build/cmsis_os2.o
                0x080067ec                vApplicationGetIdleTaskMemory
 .text.vApplicationGetTimerTaskMemory
                0x08006804       0x18 build/cmsis_os2.o
                0x08006804                vApplicationGetTimerTaskMemory
 .text.prvHeapInit
                0x0800681c       0x64 build/heap_4.o
 .text.prvInsertBlockIntoFreeList
                0x08006880       0x64 build/heap_4.o
 .text.pvPortMalloc
                0x080068e4       0xfc build/heap_4.o
                0x080068e4                pvPortMalloc
 .text.vPortFree
                0x080069e0       0x7c build/heap_4.o
                0x080069e0                vPortFree
 .text.prvTaskExitError
                0x08006a5c       0x40 build/port.o
 .text.prvPortStartFirstTask
                0x08006a9c       0x28 build/port.o
 .text.vPortEnableVFP
                0x08006ac4       0x14 build/port.o
 .text.pxPortInitialiseStack
                0x08006ad8       0x2c build/port.o
                0x08006ad8                pxPortInitialiseStack
 *fill*         0x08006b04        0xc 
 .text.SVC_Handler
                0x08006b10       0x24 build/port.o
                0x08006b10                SVC_Handler
 .text.vPortEnterCritical
                0x08006b34       0x44 build/port.o
                0x08006b34                vPortEnterCritical
 .text.vPortExitCritical
                0x08006b78       0x2c build/port.o
                0x08006b78                vPortExitCritical
 *fill*         0x08006ba4        0xc 
 .text.PendSV_Handler
                0x08006bb0       0x64 build/port.o
                0x08006bb0                PendSV_Handler
 .text.xPortSysTickHandler
                0x08006c14       0x2c build/port.o
                0x08006c14                xPortSysTickHandler
 .text.vPortSetupTimerInterrupt
                0x08006c40       0x28 build/port.o
                0x08006c40                vPortSetupTimerInterrupt
 .text.xPortStartScheduler
                0x08006c68      0x118 build/port.o
                0x08006c68                xPortStartScheduler
 .text.vPortValidateInterruptPriority
                0x08006d80       0x5c build/port.o
                0x08006d80                vPortValidateInterruptPriority
 .text.USBD_Init
                0x08006ddc       0x2e build/usbd_core.o
                0x08006ddc                USBD_Init
 .text.USBD_DeInit
                0x08006e0a       0x32 build/usbd_core.o
                0x08006e0a                USBD_DeInit
 .text.USBD_RegisterClass
                0x08006e3c       0x34 build/usbd_core.o
                0x08006e3c                USBD_RegisterClass
 .text.USBD_Start
                0x08006e70        0x8 build/usbd_core.o
                0x08006e70                USBD_Start
 .text.USBD_SetClassConfig
                0x08006e78       0x12 build/usbd_core.o
                0x08006e78                USBD_SetClassConfig
 .text.USBD_ClrClassConfig
                0x08006e8a       0x12 build/usbd_core.o
                0x08006e8a                USBD_ClrClassConfig
 .text.USBD_LL_SetupStage
                0x08006e9c       0x58 build/usbd_core.o
                0x08006e9c                USBD_LL_SetupStage
 .text.USBD_LL_Reset
                0x08006ef4       0x64 build/usbd_core.o
                0x08006ef4                USBD_LL_Reset
 .text.USBD_LL_SetSpeed
                0x08006f58        0x6 build/usbd_core.o
                0x08006f58                USBD_LL_SetSpeed
 .text.USBD_LL_Suspend
                0x08006f5e       0x1e build/usbd_core.o
                0x08006f5e                USBD_LL_Suspend
 .text.USBD_LL_Resume
                0x08006f7c       0x1a build/usbd_core.o
                0x08006f7c                USBD_LL_Resume
 .text.USBD_LL_SOF
                0x08006f96       0x22 build/usbd_core.o
                0x08006f96                USBD_LL_SOF
 .text.USBD_LL_IsoINIncomplete
                0x08006fb8       0x2e build/usbd_core.o
                0x08006fb8                USBD_LL_IsoINIncomplete
 .text.USBD_LL_IsoOUTIncomplete
                0x08006fe6       0x2e build/usbd_core.o
                0x08006fe6                USBD_LL_IsoOUTIncomplete
 .text.USBD_LL_DevConnected
                0x08007014        0x4 build/usbd_core.o
                0x08007014                USBD_LL_DevConnected
 .text.USBD_LL_DevDisconnected
                0x08007018       0x20 build/usbd_core.o
                0x08007018                USBD_LL_DevDisconnected
 .text.USBD_CoreFindIF
                0x08007038        0x4 build/usbd_core.o
                0x08007038                USBD_CoreFindIF
 .text.USBD_CoreFindEP
                0x0800703c        0x4 build/usbd_core.o
                0x0800703c                USBD_CoreFindEP
 .text.USBD_LL_DataOutStage
                0x08007040       0xc6 build/usbd_core.o
                0x08007040                USBD_LL_DataOutStage
 .text.USBD_LL_DataInStage
                0x08007106       0xd6 build/usbd_core.o
                0x08007106                USBD_LL_DataInStage
 .text.USBD_GetNextDesc
                0x080071dc        0xe build/usbd_core.o
                0x080071dc                USBD_GetNextDesc
 .text.USBD_GetEpDesc
                0x080071ea       0x3e build/usbd_core.o
                0x080071ea                USBD_GetEpDesc
 .text.USBD_GetLen
                0x08007228       0x14 build/usbd_ctlreq.o
 .text.USBD_ParseSetupRequest
                0x0800723c       0x28 build/usbd_ctlreq.o
                0x0800723c                USBD_ParseSetupRequest
 .text.USBD_CtlError
                0x08007264       0x14 build/usbd_ctlreq.o
                0x08007264                USBD_CtlError
 .text.USBD_GetDescriptor
                0x08007278      0x18a build/usbd_ctlreq.o
 .text.USBD_SetAddress
                0x08007402       0x50 build/usbd_ctlreq.o
 *fill*         0x08007452        0x2 
 .text.USBD_SetConfig
                0x08007454       0xcc build/usbd_ctlreq.o
 .text.USBD_GetConfig
                0x08007520       0x40 build/usbd_ctlreq.o
 .text.USBD_GetStatus
                0x08007560       0x38 build/usbd_ctlreq.o
 .text.USBD_SetFeature
                0x08007598       0x2a build/usbd_ctlreq.o
 .text.USBD_ClrFeature
                0x080075c2       0x26 build/usbd_ctlreq.o
 .text.USBD_StdDevReq
                0x080075e8       0x76 build/usbd_ctlreq.o
                0x080075e8                USBD_StdDevReq
 .text.USBD_StdItfReq
                0x0800765e       0x84 build/usbd_ctlreq.o
                0x0800765e                USBD_StdItfReq
 .text.USBD_StdEPReq
                0x080076e2      0x230 build/usbd_ctlreq.o
                0x080076e2                USBD_StdEPReq
 .text.USBD_GetString
                0x08007912       0x46 build/usbd_ctlreq.o
                0x08007912                USBD_GetString
 .text.USBD_CtlSendData
                0x08007958       0x1a build/usbd_ioreq.o
                0x08007958                USBD_CtlSendData
 .text.USBD_CtlContinueSendData
                0x08007972       0x10 build/usbd_ioreq.o
                0x08007972                USBD_CtlContinueSendData
 .text.USBD_CtlPrepareRx
                0x08007982       0x1e build/usbd_ioreq.o
                0x08007982                USBD_CtlPrepareRx
 .text.USBD_CtlContinueRx
                0x080079a0       0x10 build/usbd_ioreq.o
                0x080079a0                USBD_CtlContinueRx
 .text.USBD_CtlSendStatus
                0x080079b0       0x16 build/usbd_ioreq.o
                0x080079b0                USBD_CtlSendStatus
 .text.USBD_CtlReceiveStatus
                0x080079c6       0x16 build/usbd_ioreq.o
                0x080079c6                USBD_CtlReceiveStatus
 .text.USBD_CDC_EP0_RxReady
                0x080079dc       0x40 build/usbd_cdc.o
 .text.USBD_CDC_GetDeviceQualifierDescriptor
                0x08007a1c        0xc build/usbd_cdc.o
                0x08007a1c                USBD_CDC_GetDeviceQualifierDescriptor
 .text.USBD_CDC_GetOtherSpeedCfgDesc
                0x08007a28       0x48 build/usbd_cdc.o
 .text.USBD_CDC_GetFSCfgDesc
                0x08007a70       0x48 build/usbd_cdc.o
 .text.USBD_CDC_GetHSCfgDesc
                0x08007ab8       0x48 build/usbd_cdc.o
 .text.USBD_CDC_DataOut
                0x08007b00       0x38 build/usbd_cdc.o
 .text.USBD_CDC_DataIn
                0x08007b38       0x7c build/usbd_cdc.o
 .text.USBD_CDC_Setup
                0x08007bb4      0x11a build/usbd_cdc.o
 .text.USBD_CDC_DeInit
                0x08007cce       0x64 build/usbd_cdc.o
 .text.USBD_CDC_Init
                0x08007d32       0xee build/usbd_cdc.o
 .text.USBD_CDC_RegisterInterface
                0x08007e20       0x16 build/usbd_cdc.o
                0x08007e20                USBD_CDC_RegisterInterface
 .text.USBD_CDC_SetTxBuffer
                0x08007e36       0x1c build/usbd_cdc.o
                0x08007e36                USBD_CDC_SetTxBuffer
 .text.USBD_CDC_SetRxBuffer
                0x08007e52       0x18 build/usbd_cdc.o
                0x08007e52                USBD_CDC_SetRxBuffer
 .text.USBD_CDC_TransmitPacket
                0x08007e6a       0x3a build/usbd_cdc.o
                0x08007e6a                USBD_CDC_TransmitPacket
 .text.USBD_CDC_ReceivePacket
                0x08007ea4       0x38 build/usbd_cdc.o
                0x08007ea4                USBD_CDC_ReceivePacket
 .text.Reset_Handler
                0x08007edc       0x50 build/startup_stm32f411ccux.o
                0x08007edc                Reset_Handler
 .text.Default_Handler
                0x08007f2c        0x2 build/startup_stm32f411ccux.o
                0x08007f2c                RTC_Alarm_IRQHandler
                0x08007f2c                EXTI2_IRQHandler
                0x08007f2c                SPI4_IRQHandler
                0x08007f2c                TIM1_CC_IRQHandler
                0x08007f2c                DMA2_Stream5_IRQHandler
                0x08007f2c                DMA1_Stream5_IRQHandler
                0x08007f2c                PVD_IRQHandler
                0x08007f2c                SDIO_IRQHandler
                0x08007f2c                TAMP_STAMP_IRQHandler
                0x08007f2c                EXTI3_IRQHandler
                0x08007f2c                TIM1_UP_TIM10_IRQHandler
                0x08007f2c                I2C3_ER_IRQHandler
                0x08007f2c                EXTI0_IRQHandler
                0x08007f2c                I2C2_EV_IRQHandler
                0x08007f2c                DMA1_Stream2_IRQHandler
                0x08007f2c                FPU_IRQHandler
                0x08007f2c                DMA2_Stream2_IRQHandler
                0x08007f2c                SPI1_IRQHandler
                0x08007f2c                TIM1_BRK_TIM9_IRQHandler
                0x08007f2c                DMA2_Stream3_IRQHandler
                0x08007f2c                USART6_IRQHandler
                0x08007f2c                DMA2_Stream0_IRQHandler
                0x08007f2c                TIM4_IRQHandler
                0x08007f2c                I2C1_EV_IRQHandler
                0x08007f2c                DMA1_Stream6_IRQHandler
                0x08007f2c                DMA1_Stream1_IRQHandler
                0x08007f2c                TIM3_IRQHandler
                0x08007f2c                RCC_IRQHandler
                0x08007f2c                Default_Handler
                0x08007f2c                EXTI15_10_IRQHandler
                0x08007f2c                ADC_IRQHandler
                0x08007f2c                DMA1_Stream7_IRQHandler
                0x08007f2c                SPI5_IRQHandler
                0x08007f2c                TIM5_IRQHandler
                0x08007f2c                DMA2_Stream7_IRQHandler
                0x08007f2c                I2C3_EV_IRQHandler
                0x08007f2c                EXTI9_5_IRQHandler
                0x08007f2c                RTC_WKUP_IRQHandler
                0x08007f2c                SPI2_IRQHandler
                0x08007f2c                DMA1_Stream0_IRQHandler
                0x08007f2c                EXTI4_IRQHandler
                0x08007f2c                WWDG_IRQHandler
                0x08007f2c                TIM2_IRQHandler
                0x08007f2c                OTG_FS_WKUP_IRQHandler
                0x08007f2c                EXTI1_IRQHandler
                0x08007f2c                USART2_IRQHandler
                0x08007f2c                I2C2_ER_IRQHandler
                0x08007f2c                DMA2_Stream1_IRQHandler
                0x08007f2c                FLASH_IRQHandler
                0x08007f2c                DMA2_Stream4_IRQHandler
                0x08007f2c                USART1_IRQHandler
                0x08007f2c                SPI3_IRQHandler
                0x08007f2c                DMA1_Stream4_IRQHandler
                0x08007f2c                I2C1_ER_IRQHandler
                0x08007f2c                DMA2_Stream6_IRQHandler
                0x08007f2c                DMA1_Stream3_IRQHandler
 *fill*         0x08007f2e        0x2 
 .text.__libc_init_array
                0x08007f30       0x48 c:/program files (x86)/gnu arm embedded toolchain/10 2021.10/bin/../lib/gcc/arm-none-eabi/10.3.1/../../../../arm-none-eabi/lib/thumb/v7e-m+fp/hard\libc_nano.a(lib_a-init.o)
                0x08007f30                __libc_init_array
 .text.memcpy   0x08007f78       0x1c c:/program files (x86)/gnu arm embedded toolchain/10 2021.10/bin/../lib/gcc/arm-none-eabi/10.3.1/../../../../arm-none-eabi/lib/thumb/v7e-m+fp/hard\libc_nano.a(lib_a-memcpy-stub.o)
                0x08007f78                memcpy
 .text.memset   0x08007f94       0x10 c:/program files (x86)/gnu arm embedded toolchain/10 2021.10/bin/../lib/gcc/arm-none-eabi/10.3.1/../../../../arm-none-eabi/lib/thumb/v7e-m+fp/hard\libc_nano.a(lib_a-memset.o)
                0x08007f94                memset
 .text.printf   0x08007fa4       0x30 c:/program files (x86)/gnu arm embedded toolchain/10 2021.10/bin/../lib/gcc/arm-none-eabi/10.3.1/../../../../arm-none-eabi/lib/thumb/v7e-m+fp/hard\libc_nano.a(lib_a-printf.o)
                0x08007fa4                iprintf
                0x08007fa4                printf
 .text._puts_r  0x08007fd4       0xdc c:/program files (x86)/gnu arm embedded toolchain/10 2021.10/bin/../lib/gcc/arm-none-eabi/10.3.1/../../../../arm-none-eabi/lib/thumb/v7e-m+fp/hard\libc_nano.a(lib_a-puts.o)
                0x08007fd4                _puts_r
 .text.puts     0x080080b0       0x10 c:/program files (x86)/gnu arm embedded toolchain/10 2021.10/bin/../lib/gcc/arm-none-eabi/10.3.1/../../../../arm-none-eabi/lib/thumb/v7e-m+fp/hard\libc_nano.a(lib_a-puts.o)
                0x080080b0                puts
 .text.cleanup_glue
                0x080080c0       0x1a c:/program files (x86)/gnu arm embedded toolchain/10 2021.10/bin/../lib/gcc/arm-none-eabi/10.3.1/../../../../arm-none-eabi/lib/thumb/v7e-m+fp/hard\libc_nano.a(lib_a-reent.o)
                0x080080c0                cleanup_glue
 *fill*         0x080080da        0x2 
 .text._reclaim_reent
                0x080080dc       0xb8 c:/program files (x86)/gnu arm embedded toolchain/10 2021.10/bin/../lib/gcc/arm-none-eabi/10.3.1/../../../../arm-none-eabi/lib/thumb/v7e-m+fp/hard\libc_nano.a(lib_a-reent.o)
                0x080080dc                _reclaim_reent
 .text.__swbuf_r
                0x08008194       0xa4 c:/program files (x86)/gnu arm embedded toolchain/10 2021.10/bin/../lib/gcc/arm-none-eabi/10.3.1/../../../../arm-none-eabi/lib/thumb/v7e-m+fp/hard\libc_nano.a(lib_a-wbuf.o)
                0x08008194                __swbuf_r
 .text.__swsetup_r
                0x08008238       0xdc c:/program files (x86)/gnu arm embedded toolchain/10 2021.10/bin/../lib/gcc/arm-none-eabi/10.3.1/../../../../arm-none-eabi/lib/thumb/v7e-m+fp/hard\libc_nano.a(lib_a-wsetup.o)
                0x08008238                __swsetup_r
 .text.__sflush_r
                0x08008314      0x10c c:/program files (x86)/gnu arm embedded toolchain/10 2021.10/bin/../lib/gcc/arm-none-eabi/10.3.1/../../../../arm-none-eabi/lib/thumb/v7e-m+fp/hard\libc_nano.a(lib_a-fflush.o)
                0x08008314                __sflush_r
 .text._fflush_r
                0x08008420       0x78 c:/program files (x86)/gnu arm embedded toolchain/10 2021.10/bin/../lib/gcc/arm-none-eabi/10.3.1/../../../../arm-none-eabi/lib/thumb/v7e-m+fp/hard\libc_nano.a(lib_a-fflush.o)
                0x08008420                _fflush_r
 .text.std      0x08008498       0x48 c:/program files (x86)/gnu arm embedded toolchain/10 2021.10/bin/../lib/gcc/arm-none-eabi/10.3.1/../../../../arm-none-eabi/lib/thumb/v7e-m+fp/hard\libc_nano.a(lib_a-findfp.o)
 .text._cleanup_r
                0x080084e0        0xc c:/program files (x86)/gnu arm embedded toolchain/10 2021.10/bin/../lib/gcc/arm-none-eabi/10.3.1/../../../../arm-none-eabi/lib/thumb/v7e-m+fp/hard\libc_nano.a(lib_a-findfp.o)
                0x080084e0                _cleanup_r
 .text.__sfmoreglue
                0x080084ec       0x2c c:/program files (x86)/gnu arm embedded toolchain/10 2021.10/bin/../lib/gcc/arm-none-eabi/10.3.1/../../../../arm-none-eabi/lib/thumb/v7e-m+fp/hard\libc_nano.a(lib_a-findfp.o)
                0x080084ec                __sfmoreglue
 .text.__sfp_lock_acquire
                0x08008518        0xc c:/program files (x86)/gnu arm embedded toolchain/10 2021.10/bin/../lib/gcc/arm-none-eabi/10.3.1/../../../../arm-none-eabi/lib/thumb/v7e-m+fp/hard\libc_nano.a(lib_a-findfp.o)
                0x08008518                __sfp_lock_acquire
 .text.__sfp_lock_release
                0x08008524        0xc c:/program files (x86)/gnu arm embedded toolchain/10 2021.10/bin/../lib/gcc/arm-none-eabi/10.3.1/../../../../arm-none-eabi/lib/thumb/v7e-m+fp/hard\libc_nano.a(lib_a-findfp.o)
                0x08008524                __sfp_lock_release
 .text.__sinit_lock_acquire
                0x08008530        0xc c:/program files (x86)/gnu arm embedded toolchain/10 2021.10/bin/../lib/gcc/arm-none-eabi/10.3.1/../../../../arm-none-eabi/lib/thumb/v7e-m+fp/hard\libc_nano.a(lib_a-findfp.o)
                0x08008530                __sinit_lock_acquire
 .text.__sinit_lock_release
                0x0800853c        0xc c:/program files (x86)/gnu arm embedded toolchain/10 2021.10/bin/../lib/gcc/arm-none-eabi/10.3.1/../../../../arm-none-eabi/lib/thumb/v7e-m+fp/hard\libc_nano.a(lib_a-findfp.o)
                0x0800853c                __sinit_lock_release
 .text.__sinit  0x08008548       0x70 c:/program files (x86)/gnu arm embedded toolchain/10 2021.10/bin/../lib/gcc/arm-none-eabi/10.3.1/../../../../arm-none-eabi/lib/thumb/v7e-m+fp/hard\libc_nano.a(lib_a-findfp.o)
                0x08008548                __sinit
 .text.__sfp    0x080085b8       0x8c c:/program files (x86)/gnu arm embedded toolchain/10 2021.10/bin/../lib/gcc/arm-none-eabi/10.3.1/../../../../arm-none-eabi/lib/thumb/v7e-m+fp/hard\libc_nano.a(lib_a-findfp.o)
                0x080085b8                __sfp
 .text._fwalk_reent
                0x08008644       0x3e c:/program files (x86)/gnu arm embedded toolchain/10 2021.10/bin/../lib/gcc/arm-none-eabi/10.3.1/../../../../arm-none-eabi/lib/thumb/v7e-m+fp/hard\libc_nano.a(lib_a-fwalk.o)
                0x08008644                _fwalk_reent
 .text.__retarget_lock_init_recursive
                0x08008682        0x2 c:/program files (x86)/gnu arm embedded toolchain/10 2021.10/bin/../lib/gcc/arm-none-eabi/10.3.1/../../../../arm-none-eabi/lib/thumb/v7e-m+fp/hard\libc_nano.a(lib_a-lock.o)
                0x08008682                __retarget_lock_init_recursive
 .text.__retarget_lock_acquire_recursive
                0x08008684        0x2 c:/program files (x86)/gnu arm embedded toolchain/10 2021.10/bin/../lib/gcc/arm-none-eabi/10.3.1/../../../../arm-none-eabi/lib/thumb/v7e-m+fp/hard\libc_nano.a(lib_a-lock.o)
                0x08008684                __retarget_lock_acquire_recursive
 .text.__retarget_lock_release_recursive
                0x08008686        0x2 c:/program files (x86)/gnu arm embedded toolchain/10 2021.10/bin/../lib/gcc/arm-none-eabi/10.3.1/../../../../arm-none-eabi/lib/thumb/v7e-m+fp/hard\libc_nano.a(lib_a-lock.o)
                0x08008686                __retarget_lock_release_recursive
 .text.__swhatbuf_r
                0x08008688       0x4a c:/program files (x86)/gnu arm embedded toolchain/10 2021.10/bin/../lib/gcc/arm-none-eabi/10.3.1/../../../../arm-none-eabi/lib/thumb/v7e-m+fp/hard\libc_nano.a(lib_a-makebuf.o)
                0x08008688                __swhatbuf_r
 *fill*         0x080086d2        0x2 
 .text.__smakebuf_r
                0x080086d4       0x80 c:/program files (x86)/gnu arm embedded toolchain/10 2021.10/bin/../lib/gcc/arm-none-eabi/10.3.1/../../../../arm-none-eabi/lib/thumb/v7e-m+fp/hard\libc_nano.a(lib_a-makebuf.o)
                0x080086d4                __smakebuf_r
 .text._free_r  0x08008754       0x98 c:/program files (x86)/gnu arm embedded toolchain/10 2021.10/bin/../lib/gcc/arm-none-eabi/10.3.1/../../../../arm-none-eabi/lib/thumb/v7e-m+fp/hard\libc_nano.a(lib_a-nano-freer.o)
                0x08008754                _free_r
 .text.sbrk_aligned
                0x080087ec       0x40 c:/program files (x86)/gnu arm embedded toolchain/10 2021.10/bin/../lib/gcc/arm-none-eabi/10.3.1/../../../../arm-none-eabi/lib/thumb/v7e-m+fp/hard\libc_nano.a(lib_a-nano-mallocr.o)
 .text._malloc_r
                0x0800882c       0xe8 c:/program files (x86)/gnu arm embedded toolchain/10 2021.10/bin/../lib/gcc/arm-none-eabi/10.3.1/../../../../arm-none-eabi/lib/thumb/v7e-m+fp/hard\libc_nano.a(lib_a-nano-mallocr.o)
                0x0800882c                _malloc_r
 .text.__sfputc_r
                0x08008914       0x2e c:/program files (x86)/gnu arm embedded toolchain/10 2021.10/bin/../lib/gcc/arm-none-eabi/10.3.1/../../../../arm-none-eabi/lib/thumb/v7e-m+fp/hard\libc_nano.a(lib_a-nano-vfprintf.o)
 .text.__sfputs_r
                0x08008942       0x24 c:/program files (x86)/gnu arm embedded toolchain/10 2021.10/bin/../lib/gcc/arm-none-eabi/10.3.1/../../../../arm-none-eabi/lib/thumb/v7e-m+fp/hard\libc_nano.a(lib_a-nano-vfprintf.o)
                0x08008942                __sfputs_r
 *fill*         0x08008966        0x2 
 .text._vfprintf_r
                0x08008968      0x260 c:/program files (x86)/gnu arm embedded toolchain/10 2021.10/bin/../lib/gcc/arm-none-eabi/10.3.1/../../../../arm-none-eabi/lib/thumb/v7e-m+fp/hard\libc_nano.a(lib_a-nano-vfprintf.o)
                0x08008968                _vfprintf_r
                0x08008968                _vfiprintf_r
 .text._printf_common
                0x08008bc8       0xda c:/program files (x86)/gnu arm embedded toolchain/10 2021.10/bin/../lib/gcc/arm-none-eabi/10.3.1/../../../../arm-none-eabi/lib/thumb/v7e-m+fp/hard\libc_nano.a(lib_a-nano-vfprintf_i.o)
                0x08008bc8                _printf_common
 *fill*         0x08008ca2        0x2 
 .text._printf_i
                0x08008ca4      0x24c c:/program files (x86)/gnu arm embedded toolchain/10 2021.10/bin/../lib/gcc/arm-none-eabi/10.3.1/../../../../arm-none-eabi/lib/thumb/v7e-m+fp/hard\libc_nano.a(lib_a-nano-vfprintf_i.o)
                0x08008ca4                _printf_i
 .text._sbrk_r  0x08008ef0       0x20 c:/program files (x86)/gnu arm embedded toolchain/10 2021.10/bin/../lib/gcc/arm-none-eabi/10.3.1/../../../../arm-none-eabi/lib/thumb/v7e-m+fp/hard\libc_nano.a(lib_a-sbrkr.o)
                0x08008ef0                _sbrk_r
 .text.__sread  0x08008f10       0x22 c:/program files (x86)/gnu arm embedded toolchain/10 2021.10/bin/../lib/gcc/arm-none-eabi/10.3.1/../../../../arm-none-eabi/lib/thumb/v7e-m+fp/hard\libc_nano.a(lib_a-stdio.o)
                0x08008f10                __sread
 .text.__swrite
                0x08008f32       0x38 c:/program files (x86)/gnu arm embedded toolchain/10 2021.10/bin/../lib/gcc/arm-none-eabi/10.3.1/../../../../arm-none-eabi/lib/thumb/v7e-m+fp/hard\libc_nano.a(lib_a-stdio.o)
                0x08008f32                __swrite
 .text.__sseek  0x08008f6a       0x24 c:/program files (x86)/gnu arm embedded toolchain/10 2021.10/bin/../lib/gcc/arm-none-eabi/10.3.1/../../../../arm-none-eabi/lib/thumb/v7e-m+fp/hard\libc_nano.a(lib_a-stdio.o)
                0x08008f6a                __sseek
 .text.__sclose
                0x08008f8e        0x8 c:/program files (x86)/gnu arm embedded toolchain/10 2021.10/bin/../lib/gcc/arm-none-eabi/10.3.1/../../../../arm-none-eabi/lib/thumb/v7e-m+fp/hard\libc_nano.a(lib_a-stdio.o)
                0x08008f8e                __sclose
 *fill*         0x08008f96        0x2 
 .text._write_r
                0x08008f98       0x24 c:/program files (x86)/gnu arm embedded toolchain/10 2021.10/bin/../lib/gcc/arm-none-eabi/10.3.1/../../../../arm-none-eabi/lib/thumb/v7e-m+fp/hard\libc_nano.a(lib_a-writer.o)
                0x08008f98                _write_r
 .text._close_r
                0x08008fbc       0x20 c:/program files (x86)/gnu arm embedded toolchain/10 2021.10/bin/../lib/gcc/arm-none-eabi/10.3.1/../../../../arm-none-eabi/lib/thumb/v7e-m+fp/hard\libc_nano.a(lib_a-closer.o)
                0x08008fbc                _close_r
 .text._fstat_r
                0x08008fdc       0x24 c:/program files (x86)/gnu arm embedded toolchain/10 2021.10/bin/../lib/gcc/arm-none-eabi/10.3.1/../../../../arm-none-eabi/lib/thumb/v7e-m+fp/hard\libc_nano.a(lib_a-fstatr.o)
                0x08008fdc                _fstat_r
 .text._isatty_r
                0x08009000       0x20 c:/program files (x86)/gnu arm embedded toolchain/10 2021.10/bin/../lib/gcc/arm-none-eabi/10.3.1/../../../../arm-none-eabi/lib/thumb/v7e-m+fp/hard\libc_nano.a(lib_a-isattyr.o)
                0x08009000                _isatty_r
 .text._lseek_r
                0x08009020       0x24 c:/program files (x86)/gnu arm embedded toolchain/10 2021.10/bin/../lib/gcc/arm-none-eabi/10.3.1/../../../../arm-none-eabi/lib/thumb/v7e-m+fp/hard\libc_nano.a(lib_a-lseekr.o)
                0x08009020                _lseek_r
 .text.__malloc_lock
                0x08009044        0xc c:/program files (x86)/gnu arm embedded toolchain/10 2021.10/bin/../lib/gcc/arm-none-eabi/10.3.1/../../../../arm-none-eabi/lib/thumb/v7e-m+fp/hard\libc_nano.a(lib_a-mlock.o)
                0x08009044                __malloc_lock
 .text.__malloc_unlock
                0x08009050        0xc c:/program files (x86)/gnu arm embedded toolchain/10 2021.10/bin/../lib/gcc/arm-none-eabi/10.3.1/../../../../arm-none-eabi/lib/thumb/v7e-m+fp/hard\libc_nano.a(lib_a-mlock.o)
                0x08009050                __malloc_unlock
 .text._read_r  0x0800905c       0x24 c:/program files (x86)/gnu arm embedded toolchain/10 2021.10/bin/../lib/gcc/arm-none-eabi/10.3.1/../../../../arm-none-eabi/lib/thumb/v7e-m+fp/hard\libc_nano.a(lib_a-readr.o)
                0x0800905c                _read_r
 .text.round    0x08009080       0xa0 c:/program files (x86)/gnu arm embedded toolchain/10 2021.10/bin/../lib/gcc/arm-none-eabi/10.3.1/../../../../arm-none-eabi/lib/thumb/v7e-m+fp/hard\libm.a(lib_a-s_round.o)
                0x08009080                round
 .text.log      0x08009120       0x84 c:/program files (x86)/gnu arm embedded toolchain/10 2021.10/bin/../lib/gcc/arm-none-eabi/10.3.1/../../../../arm-none-eabi/lib/thumb/v7e-m+fp/hard\libm.a(lib_a-w_log.o)
                0x08009120                log
 *fill*         0x080091a4        0x4 
 .text.__ieee754_log
                0x080091a8      0x438 c:/program files (x86)/gnu arm embedded toolchain/10 2021.10/bin/../lib/gcc/arm-none-eabi/10.3.1/../../../../arm-none-eabi/lib/thumb/v7e-m+fp/hard\libm.a(lib_a-e_log.o)
                0x080091a8                __ieee754_log
 .text.nan      0x080095e0       0x10 c:/program files (x86)/gnu arm embedded toolchain/10 2021.10/bin/../lib/gcc/arm-none-eabi/10.3.1/../../../../arm-none-eabi/lib/thumb/v7e-m+fp/hard\libm.a(lib_a-s_nan.o)
                0x080095e0                nan
 .text._close   0x080095f0       0x10 c:/program files (x86)/gnu arm embedded toolchain/10 2021.10/bin/../lib/gcc/arm-none-eabi/10.3.1/../../../../arm-none-eabi/lib/thumb/v7e-m+fp/hard\libnosys.a(close.o)
                0x080095f0                _close
 .text._fstat   0x08009600       0x10 c:/program files (x86)/gnu arm embedded toolchain/10 2021.10/bin/../lib/gcc/arm-none-eabi/10.3.1/../../../../arm-none-eabi/lib/thumb/v7e-m+fp/hard\libnosys.a(fstat.o)
                0x08009600                _fstat
 .text._isatty  0x08009610       0x10 c:/program files (x86)/gnu arm embedded toolchain/10 2021.10/bin/../lib/gcc/arm-none-eabi/10.3.1/../../../../arm-none-eabi/lib/thumb/v7e-m+fp/hard\libnosys.a(isatty.o)
                0x08009610                _isatty
 .text._lseek   0x08009620       0x10 c:/program files (x86)/gnu arm embedded toolchain/10 2021.10/bin/../lib/gcc/arm-none-eabi/10.3.1/../../../../arm-none-eabi/lib/thumb/v7e-m+fp/hard\libnosys.a(lseek.o)
                0x08009620                _lseek
 .text._read    0x08009630       0x10 c:/program files (x86)/gnu arm embedded toolchain/10 2021.10/bin/../lib/gcc/arm-none-eabi/10.3.1/../../../../arm-none-eabi/lib/thumb/v7e-m+fp/hard\libnosys.a(read.o)
                0x08009630                _read
 .text._sbrk    0x08009640       0x1c c:/program files (x86)/gnu arm embedded toolchain/10 2021.10/bin/../lib/gcc/arm-none-eabi/10.3.1/../../../../arm-none-eabi/lib/thumb/v7e-m+fp/hard\libnosys.a(sbrk.o)
                0x08009640                _sbrk
 .text.__errno  0x0800965c        0xc c:/program files (x86)/gnu arm embedded toolchain/10 2021.10/bin/../lib/gcc/arm-none-eabi/10.3.1/../../../../arm-none-eabi/lib/thumb/v7e-m+fp/hard\libc_nano.a(lib_a-errno.o)
                0x0800965c                __errno
 *(.glue_7)
 .glue_7        0x08009668        0x0 linker stubs
 *(.glue_7t)
 .glue_7t       0x08009668        0x0 linker stubs
 *(.eh_frame)
 .eh_frame      0x08009668        0x0 c:/program files (x86)/gnu arm embedded toolchain/10 2021.10/bin/../lib/gcc/arm-none-eabi/10.3.1/thumb/v7e-m+fp/hard/crtbegin.o
 *(.init)
 .init          0x08009668        0x4 c:/program files (x86)/gnu arm embedded toolchain/10 2021.10/bin/../lib/gcc/arm-none-eabi/10.3.1/thumb/v7e-m+fp/hard/crti.o
                0x08009668                _init
 .init          0x0800966c        0x8 c:/program files (x86)/gnu arm embedded toolchain/10 2021.10/bin/../lib/gcc/arm-none-eabi/10.3.1/thumb/v7e-m+fp/hard/crtn.o
 *(.fini)
 .fini          0x08009674        0x4 c:/program files (x86)/gnu arm embedded toolchain/10 2021.10/bin/../lib/gcc/arm-none-eabi/10.3.1/thumb/v7e-m+fp/hard/crti.o
                0x08009674                _fini
 .fini          0x08009678        0x8 c:/program files (x86)/gnu arm embedded toolchain/10 2021.10/bin/../lib/gcc/arm-none-eabi/10.3.1/thumb/v7e-m+fp/hard/crtn.o
                0x08009680                . = ALIGN (0x4)
                0x08009680                _etext = .

.vfp11_veneer   0x08009680        0x0
 .vfp11_veneer  0x08009680        0x0 linker stubs

.v4_bx          0x08009680        0x0
 .v4_bx         0x08009680        0x0 linker stubs

.iplt           0x08009680        0x0
 .iplt          0x08009680        0x0 c:/program files (x86)/gnu arm embedded toolchain/10 2021.10/bin/../lib/gcc/arm-none-eabi/10.3.1/thumb/v7e-m+fp/hard/crtbegin.o

.rodata         0x08009680      0x2f0
                0x08009680                . = ALIGN (0x4)
 *(.rodata)
 *(.rodata*)
 .rodata.LED_manager.str1.4
                0x08009680       0x2a build/main.o
 *fill*         0x080096aa        0x2 
 .rodata.COM_manager.str1.4
                0x080096ac       0xdf build/main.o
 *fill*         0x0800978b        0x1 
 .rodata.main.str1.4
                0x0800978c       0x26 build/main.o
 *fill*         0x080097b2        0x2 
 .rodata.str1.4
                0x080097b4       0x1a build/main.o
 *fill*         0x080097ce        0x2 
 .rodata.Blink_attributes
                0x080097d0       0x24 build/main.o
                0x080097d0                Blink_attributes
 .rodata.COM_attributes
                0x080097f4       0x24 build/main.o
                0x080097f4                COM_attributes
 .rodata.LED_attributes
                0x08009818       0x24 build/main.o
                0x08009818                LED_attributes
 .rodata.TEMP_attributes
                0x0800983c       0x24 build/main.o
                0x0800983c                TEMP_attributes
 .rodata.USBD_FS_ProductStrDescriptor.str1.4
                0x08009860       0x16 build/usbd_desc.o
 *fill*         0x08009876        0x2 
 .rodata.USBD_FS_ManufacturerStrDescriptor.str1.4
                0x08009878       0x13 build/usbd_desc.o
 *fill*         0x0800988b        0x1 
 .rodata.USBD_FS_ConfigStrDescriptor.str1.4
                0x0800988c        0xb build/usbd_desc.o
 *fill*         0x08009897        0x1 
 .rodata.USBD_FS_InterfaceStrDescriptor.str1.4
                0x08009898        0xe build/usbd_desc.o
 *fill*         0x080098a6        0x2 
 .rodata.AHBPrescTable
                0x080098a8       0x10 build/system_stm32f4xx.o
                0x080098a8                AHBPrescTable
 .rodata.APBPrescTable
                0x080098b8        0x8 build/system_stm32f4xx.o
                0x080098b8                APBPrescTable
 .rodata.vTaskStartScheduler.str1.4
                0x080098c0        0x5 build/tasks.o
 *fill*         0x080098c5        0x3 
 .rodata.prvCheckForValidListAndQueue.str1.4
                0x080098c8        0x5 build/timers.o
 *fill*         0x080098cd        0x3 
 .rodata.xTimerCreateTimerTask.str1.4
                0x080098d0        0x8 build/timers.o
 .rodata._global_impure_ptr
                0x080098d8        0x4 c:/program files (x86)/gnu arm embedded toolchain/10 2021.10/bin/../lib/gcc/arm-none-eabi/10.3.1/../../../../arm-none-eabi/lib/thumb/v7e-m+fp/hard\libc_nano.a(lib_a-impure.o)
                0x080098d8                _global_impure_ptr
 .rodata.__sf_fake_stderr
                0x080098dc       0x20 c:/program files (x86)/gnu arm embedded toolchain/10 2021.10/bin/../lib/gcc/arm-none-eabi/10.3.1/../../../../arm-none-eabi/lib/thumb/v7e-m+fp/hard\libc_nano.a(lib_a-findfp.o)
                0x080098dc                __sf_fake_stderr
 .rodata.__sf_fake_stdin
                0x080098fc       0x20 c:/program files (x86)/gnu arm embedded toolchain/10 2021.10/bin/../lib/gcc/arm-none-eabi/10.3.1/../../../../arm-none-eabi/lib/thumb/v7e-m+fp/hard\libc_nano.a(lib_a-findfp.o)
                0x080098fc                __sf_fake_stdin
 .rodata.__sf_fake_stdout
                0x0800991c       0x20 c:/program files (x86)/gnu arm embedded toolchain/10 2021.10/bin/../lib/gcc/arm-none-eabi/10.3.1/../../../../arm-none-eabi/lib/thumb/v7e-m+fp/hard\libc_nano.a(lib_a-findfp.o)
                0x0800991c                __sf_fake_stdout
 .rodata._vfprintf_r.str1.1
                0x0800993c       0x11 c:/program files (x86)/gnu arm embedded toolchain/10 2021.10/bin/../lib/gcc/arm-none-eabi/10.3.1/../../../../arm-none-eabi/lib/thumb/v7e-m+fp/hard\libc_nano.a(lib_a-nano-vfprintf.o)
 .rodata._printf_i.str1.1
                0x0800994d       0x22 c:/program files (x86)/gnu arm embedded toolchain/10 2021.10/bin/../lib/gcc/arm-none-eabi/10.3.1/../../../../arm-none-eabi/lib/thumb/v7e-m+fp/hard\libc_nano.a(lib_a-nano-vfprintf_i.o)
 .rodata.log.str1.4
                0x0800996f        0x8 c:/program files (x86)/gnu arm embedded toolchain/10 2021.10/bin/../lib/gcc/arm-none-eabi/10.3.1/../../../../arm-none-eabi/lib/thumb/v7e-m+fp/hard\libm.a(lib_a-w_log.o)
                                  0x1 (size before relaxing)
                0x08009978                . = ALIGN (0x4)
 *fill*         0x0800996f        0x1 

.ARM.extab      0x08009970        0x0
                0x08009970                . = ALIGN (0x4)
 *(.ARM.extab* .gnu.linkonce.armextab.*)
                0x08009970                . = ALIGN (0x4)

.ARM            0x08009970        0x8
                0x08009970                . = ALIGN (0x4)
                0x08009970                __exidx_start = .
 *(.ARM.exidx*)
 .ARM.exidx     0x08009970        0x8 c:/program files (x86)/gnu arm embedded toolchain/10 2021.10/bin/../lib/gcc/arm-none-eabi/10.3.1/thumb/v7e-m+fp/hard\libgcc.a(_udivmoddi4.o)
                0x08009978                __exidx_end = .
                0x08009978                . = ALIGN (0x4)

.rel.dyn        0x08009978        0x0
 .rel.iplt      0x08009978        0x0 c:/program files (x86)/gnu arm embedded toolchain/10 2021.10/bin/../lib/gcc/arm-none-eabi/10.3.1/thumb/v7e-m+fp/hard/crtbegin.o

.preinit_array  0x08009978        0x0
                0x08009978                . = ALIGN (0x4)
                0x08009978                PROVIDE (__preinit_array_start = .)
 *(.preinit_array*)
                0x08009978                PROVIDE (__preinit_array_end = .)
                0x08009978                . = ALIGN (0x4)

.init_array     0x08009978        0x4
                0x08009978                . = ALIGN (0x4)
                0x08009978                PROVIDE (__init_array_start = .)
 *(SORT_BY_NAME(.init_array.*))
 *(.init_array*)
 .init_array    0x08009978        0x4 c:/program files (x86)/gnu arm embedded toolchain/10 2021.10/bin/../lib/gcc/arm-none-eabi/10.3.1/thumb/v7e-m+fp/hard/crtbegin.o
                0x0800997c                PROVIDE (__init_array_end = .)
                0x0800997c                . = ALIGN (0x4)

.fini_array     0x0800997c        0x4
                0x0800997c                . = ALIGN (0x4)
                [!provide]                PROVIDE (__fini_array_start = .)
 *(SORT_BY_NAME(.fini_array.*))
 *(.fini_array*)
 .fini_array    0x0800997c        0x4 c:/program files (x86)/gnu arm embedded toolchain/10 2021.10/bin/../lib/gcc/arm-none-eabi/10.3.1/thumb/v7e-m+fp/hard/crtbegin.o
                [!provide]                PROVIDE (__fini_array_end = .)
                0x08009980                . = ALIGN (0x4)
                0x08009980                _sidata = LOADADDR (.data)

.data           0x20000000      0x184 load address 0x08009980
                0x20000000                . = ALIGN (0x4)
                0x20000000                _sdata = .
 *(.data)
 *(.data*)
 .data.BLUE_LED
                0x20000000        0xc build/main.o
                0x20000000                BLUE_LED
 .data.GREEN_LED
                0x2000000c        0xc build/main.o
                0x2000000c                GREEN_LED
 .data.RED_LED  0x20000018        0xc build/main.o
                0x20000018                RED_LED
 .data.FS_Desc  0x20000024       0x1c build/usbd_desc.o
                0x20000024                FS_Desc
 .data.USBD_FS_DeviceDesc
                0x20000040       0x12 build/usbd_desc.o
                0x20000040                USBD_FS_DeviceDesc
 *fill*         0x20000052        0x2 
 .data.USBD_LangIDDesc
                0x20000054        0x4 build/usbd_desc.o
                0x20000054                USBD_LangIDDesc
 .data.USBD_StringSerial
                0x20000058       0x1a build/usbd_desc.o
                0x20000058                USBD_StringSerial
 *fill*         0x20000072        0x2 
 .data.USBD_Interface_fops_FS
                0x20000074       0x14 build/usbd_cdc_if.o
                0x20000074                USBD_Interface_fops_FS
 .data.uwTickFreq
                0x20000088        0x1 build/stm32f4xx_hal.o
                0x20000088                uwTickFreq
 *fill*         0x20000089        0x3 
 .data.uwTickPrio
                0x2000008c        0x4 build/stm32f4xx_hal.o
                0x2000008c                uwTickPrio
 .data.SystemCoreClock
                0x20000090        0x4 build/system_stm32f4xx.o
                0x20000090                SystemCoreClock
 .data.uxCriticalNesting
                0x20000094        0x4 build/port.o
 .data.USBD_CDC
                0x20000098       0x38 build/usbd_cdc.o
                0x20000098                USBD_CDC
 .data.USBD_CDC_CfgDesc
                0x200000d0       0x43 build/usbd_cdc.o
 *fill*         0x20000113        0x1 
 .data.USBD_CDC_DeviceQualifierDesc
                0x20000114        0xa build/usbd_cdc.o
 *fill*         0x2000011e        0x2 
 .data._impure_ptr
                0x20000120        0x4 c:/program files (x86)/gnu arm embedded toolchain/10 2021.10/bin/../lib/gcc/arm-none-eabi/10.3.1/../../../../arm-none-eabi/lib/thumb/v7e-m+fp/hard\libc_nano.a(lib_a-impure.o)
                0x20000120                _impure_ptr
 .data.impure_data
                0x20000124       0x60 c:/program files (x86)/gnu arm embedded toolchain/10 2021.10/bin/../lib/gcc/arm-none-eabi/10.3.1/../../../../arm-none-eabi/lib/thumb/v7e-m+fp/hard\libc_nano.a(lib_a-impure.o)
 *(.RamFunc)
 *(.RamFunc*)
                0x20000184                . = ALIGN (0x4)
                0x20000184                _edata = .

.igot.plt       0x20000184        0x0 load address 0x08009b04
 .igot.plt      0x20000184        0x0 c:/program files (x86)/gnu arm embedded toolchain/10 2021.10/bin/../lib/gcc/arm-none-eabi/10.3.1/thumb/v7e-m+fp/hard/crtbegin.o
                0x20000184                . = ALIGN (0x4)

.bss            0x20000188     0x6720 load address 0x08009b04
                0x20000188                _sbss = .
                0x20000188                __bss_start__ = _sbss
 *(.bss)
 .bss           0x20000188       0x1c c:/program files (x86)/gnu arm embedded toolchain/10 2021.10/bin/../lib/gcc/arm-none-eabi/10.3.1/thumb/v7e-m+fp/hard/crtbegin.o
 *(.bss*)
 *fill*         0x200001a4        0x4 
 .bss.ACTUAL_TEMP
                0x200001a8       0x10 build/main.o
                0x200001a8                ACTUAL_TEMP
 .bss.BlinkHandle
                0x200001b8        0x4 build/main.o
                0x200001b8                BlinkHandle
 .bss.COM_manager_handle
                0x200001bc        0x4 build/main.o
                0x200001bc                COM_manager_handle
 .bss.TARGET_TEMP
                0x200001c0       0x10 build/main.o
                0x200001c0                TARGET_TEMP
 .bss.TEMP_manager_handle
                0x200001d0        0x4 build/main.o
                0x200001d0                TEMP_manager_handle
 .bss.hadc1     0x200001d4       0x48 build/main.o
                0x200001d4                hadc1
 .bss.hi2c1     0x2000021c       0x54 build/main.o
                0x2000021c                hi2c1
 .bss.htim2     0x20000270       0x48 build/main.o
                0x20000270                htim2
 .bss.htim11    0x200002b8       0x48 build/stm32f4xx_hal_timebase_tim.o
                0x200002b8                htim11
 .bss.hUsbDeviceFS
                0x20000300      0x2dc build/usb_device.o
                0x20000300                hUsbDeviceFS
 .bss.USBD_StrDesc
                0x200005dc      0x200 build/usbd_desc.o
                0x200005dc                USBD_StrDesc
 .bss.UserRxBufferFS
                0x200007dc      0x400 build/usbd_cdc_if.o
                0x200007dc                UserRxBufferFS
 .bss.UserTxBufferFS
                0x20000bdc      0x400 build/usbd_cdc_if.o
                0x20000bdc                UserTxBufferFS
 .bss.hpcd_USB_OTG_FS
                0x20000fdc      0x4e4 build/usbd_conf.o
                0x20000fdc                hpcd_USB_OTG_FS
 .bss.mem.0     0x200014c0      0x220 build/usbd_conf.o
 .bss.uwTick    0x200016e0        0x4 build/stm32f4xx_hal.o
                0x200016e0                uwTick
 .bss.xQueueRegistry
                0x200016e4       0x40 build/queue.o
                0x200016e4                xQueueRegistry
 .bss.pxCurrentTCB
                0x20001724        0x4 build/tasks.o
                0x20001724                pxCurrentTCB
 .bss.pxDelayedTaskList
                0x20001728        0x4 build/tasks.o
 .bss.pxOverflowDelayedTaskList
                0x2000172c        0x4 build/tasks.o
 .bss.pxReadyTasksLists
                0x20001730      0x460 build/tasks.o
 .bss.uxCurrentNumberOfTasks
                0x20001b90        0x4 build/tasks.o
 .bss.uxDeletedTasksWaitingCleanUp
                0x20001b94        0x4 build/tasks.o
 .bss.uxSchedulerSuspended
                0x20001b98        0x4 build/tasks.o
 .bss.uxTaskNumber
                0x20001b9c        0x4 build/tasks.o
 .bss.uxTopReadyPriority
                0x20001ba0        0x4 build/tasks.o
 .bss.xDelayedTaskList1
                0x20001ba4       0x14 build/tasks.o
 .bss.xDelayedTaskList2
                0x20001bb8       0x14 build/tasks.o
 .bss.xIdleTaskHandle
                0x20001bcc        0x4 build/tasks.o
 .bss.xNextTaskUnblockTime
                0x20001bd0        0x4 build/tasks.o
 .bss.xNumOfOverflows
                0x20001bd4        0x4 build/tasks.o
 .bss.xPendedTicks
                0x20001bd8        0x4 build/tasks.o
 .bss.xPendingReadyList
                0x20001bdc       0x14 build/tasks.o
 .bss.xSchedulerRunning
                0x20001bf0        0x4 build/tasks.o
 .bss.xSuspendedTaskList
                0x20001bf4       0x14 build/tasks.o
 .bss.xTasksWaitingTermination
                0x20001c08       0x14 build/tasks.o
 .bss.xTickCount
                0x20001c1c        0x4 build/tasks.o
 .bss.xYieldPending
                0x20001c20        0x4 build/tasks.o
 .bss.pxCurrentTimerList
                0x20001c24        0x4 build/timers.o
 .bss.pxOverflowTimerList
                0x20001c28        0x4 build/timers.o
 .bss.ucStaticTimerQueueStorage.1
                0x20001c2c       0xa0 build/timers.o
 .bss.xActiveTimerList1
                0x20001ccc       0x14 build/timers.o
 .bss.xActiveTimerList2
                0x20001ce0       0x14 build/timers.o
 .bss.xLastTime.2
                0x20001cf4        0x4 build/timers.o
 .bss.xStaticTimerQueue.0
                0x20001cf8       0x50 build/timers.o
 .bss.xTimerQueue
                0x20001d48        0x4 build/timers.o
 .bss.xTimerTaskHandle
                0x20001d4c        0x4 build/timers.o
 .bss.Idle_Stack.2
                0x20001d50      0x200 build/cmsis_os2.o
 .bss.Idle_TCB.3
                0x20001f50      0x488 build/cmsis_os2.o
 .bss.KernelState
                0x200023d8        0x4 build/cmsis_os2.o
 .bss.Timer_Stack.0
                0x200023dc      0x400 build/cmsis_os2.o
 *fill*         0x200027dc        0x4 
 .bss.Timer_TCB.1
                0x200027e0      0x488 build/cmsis_os2.o
 .bss.pxEnd     0x20002c68        0x4 build/heap_4.o
 .bss.ucHeap    0x20002c6c     0x3c00 build/heap_4.o
 .bss.xBlockAllocatedBit
                0x2000686c        0x4 build/heap_4.o
 .bss.xFreeBytesRemaining
                0x20006870        0x4 build/heap_4.o
 .bss.xMinimumEverFreeBytesRemaining
                0x20006874        0x4 build/heap_4.o
 .bss.xNumberOfSuccessfulAllocations
                0x20006878        0x4 build/heap_4.o
 .bss.xNumberOfSuccessfulFrees
                0x2000687c        0x4 build/heap_4.o
 .bss.xStart    0x20006880        0x8 build/heap_4.o
 .bss.ucMaxSysCallPriority
                0x20006888        0x1 build/port.o
 *fill*         0x20006889        0x3 
 .bss.ulMaxPRIGROUPValue
                0x2000688c        0x4 build/port.o
 .bss.cfgidx.0  0x20006890        0x1 build/usbd_ctlreq.o
 *fill*         0x20006891        0x3 
 .bss.errno     0x20006894        0x4 c:/program files (x86)/gnu arm embedded toolchain/10 2021.10/bin/../lib/gcc/arm-none-eabi/10.3.1/../../../../arm-none-eabi/lib/thumb/v7e-m+fp/hard\libc_nano.a(lib_a-reent.o)
                0x20006894                errno
 .bss.__lock___malloc_recursive_mutex
                0x20006898        0x1 c:/program files (x86)/gnu arm embedded toolchain/10 2021.10/bin/../lib/gcc/arm-none-eabi/10.3.1/../../../../arm-none-eabi/lib/thumb/v7e-m+fp/hard\libc_nano.a(lib_a-lock.o)
                0x20006898                __lock___malloc_recursive_mutex
 .bss.__lock___sfp_recursive_mutex
                0x20006899        0x1 c:/program files (x86)/gnu arm embedded toolchain/10 2021.10/bin/../lib/gcc/arm-none-eabi/10.3.1/../../../../arm-none-eabi/lib/thumb/v7e-m+fp/hard\libc_nano.a(lib_a-lock.o)
                0x20006899                __lock___sfp_recursive_mutex
 .bss.__lock___sinit_recursive_mutex
                0x2000689a        0x1 c:/program files (x86)/gnu arm embedded toolchain/10 2021.10/bin/../lib/gcc/arm-none-eabi/10.3.1/../../../../arm-none-eabi/lib/thumb/v7e-m+fp/hard\libc_nano.a(lib_a-lock.o)
                0x2000689a                __lock___sinit_recursive_mutex
 *fill*         0x2000689b        0x1 
 .bss.__malloc_free_list
                0x2000689c        0x4 c:/program files (x86)/gnu arm embedded toolchain/10 2021.10/bin/../lib/gcc/arm-none-eabi/10.3.1/../../../../arm-none-eabi/lib/thumb/v7e-m+fp/hard\libc_nano.a(lib_a-nano-mallocr.o)
                0x2000689c                __malloc_free_list
 .bss.__malloc_sbrk_start
                0x200068a0        0x4 c:/program files (x86)/gnu arm embedded toolchain/10 2021.10/bin/../lib/gcc/arm-none-eabi/10.3.1/../../../../arm-none-eabi/lib/thumb/v7e-m+fp/hard\libc_nano.a(lib_a-nano-mallocr.o)
                0x200068a0                __malloc_sbrk_start
 .bss.heap_end.0
                0x200068a4        0x4 c:/program files (x86)/gnu arm embedded toolchain/10 2021.10/bin/../lib/gcc/arm-none-eabi/10.3.1/../../../../arm-none-eabi/lib/thumb/v7e-m+fp/hard\libnosys.a(sbrk.o)
 *(COMMON)
                0x200068a8                . = ALIGN (0x4)
                0x200068a8                _ebss = .
                0x200068a8                __bss_end__ = _ebss

._user_heap_stack
                0x200068a8      0x600 load address 0x08009b04
                0x200068a8                . = ALIGN (0x8)
                0x200068a8                PROVIDE (end = .)
                [!provide]                PROVIDE (_end = .)
                0x20006aa8                . = (. + _Min_Heap_Size)
 *fill*         0x200068a8      0x200 
                0x20006ea8                . = (. + _Min_Stack_Size)
 *fill*         0x20006aa8      0x400 
                0x20006ea8                . = ALIGN (0x8)

/DISCARD/
 libc.a(*)
 libm.a(*)
 libgcc.a(*)

.ARM.attributes
                0x00000000       0x30
 *(.ARM.attributes)
 .ARM.attributes
                0x00000000       0x1e c:/program files (x86)/gnu arm embedded toolchain/10 2021.10/bin/../lib/gcc/arm-none-eabi/10.3.1/thumb/v7e-m+fp/hard/crti.o
 .ARM.attributes
                0x0000001e       0x34 c:/program files (x86)/gnu arm embedded toolchain/10 2021.10/bin/../lib/gcc/arm-none-eabi/10.3.1/thumb/v7e-m+fp/hard/crtbegin.o
 .ARM.attributes
                0x00000052       0x34 build/main.o
 .ARM.attributes
                0x00000086       0x34 build/thermal_control.o
 .ARM.attributes
                0x000000ba       0x34 build/stm32f4xx_it.o
 .ARM.attributes
                0x000000ee       0x34 build/stm32f4xx_hal_msp.o
 .ARM.attributes
                0x00000122       0x34 build/stm32f4xx_hal_timebase_tim.o
 .ARM.attributes
                0x00000156       0x34 build/usb_device.o
 .ARM.attributes
                0x0000018a       0x34 build/usbd_desc.o
 .ARM.attributes
                0x000001be       0x34 build/usbd_cdc_if.o
 .ARM.attributes
                0x000001f2       0x34 build/usbd_conf.o
 .ARM.attributes
                0x00000226       0x34 build/stm32f4xx_hal_tim.o
 .ARM.attributes
                0x0000025a       0x34 build/stm32f4xx_hal_tim_ex.o
 .ARM.attributes
                0x0000028e       0x34 build/stm32f4xx_hal_pcd.o
 .ARM.attributes
                0x000002c2       0x34 build/stm32f4xx_hal_pcd_ex.o
 .ARM.attributes
                0x000002f6       0x34 build/stm32f4xx_ll_usb.o
 .ARM.attributes
                0x0000032a       0x34 build/stm32f4xx_hal_rcc.o
 .ARM.attributes
                0x0000035e       0x34 build/stm32f4xx_hal_gpio.o
 .ARM.attributes
                0x00000392       0x34 build/stm32f4xx_hal_cortex.o
 .ARM.attributes
                0x000003c6       0x34 build/stm32f4xx_hal.o
 .ARM.attributes
                0x000003fa       0x34 build/stm32f4xx_hal_adc.o
 .ARM.attributes
                0x0000042e       0x34 build/stm32f4xx_hal_i2c.o
 .ARM.attributes
                0x00000462       0x34 build/system_stm32f4xx.o
 .ARM.attributes
                0x00000496       0x34 build/list.o
 .ARM.attributes
                0x000004ca       0x34 build/queue.o
 .ARM.attributes
                0x000004fe       0x34 build/tasks.o
 .ARM.attributes
                0x00000532       0x34 build/timers.o
 .ARM.attributes
                0x00000566       0x34 build/cmsis_os2.o
 .ARM.attributes
                0x0000059a       0x34 build/heap_4.o
 .ARM.attributes
                0x000005ce       0x34 build/port.o
 .ARM.attributes
                0x00000602       0x34 build/usbd_core.o
 .ARM.attributes
                0x00000636       0x34 build/usbd_ctlreq.o
 .ARM.attributes
                0x0000066a       0x34 build/usbd_ioreq.o
 .ARM.attributes
                0x0000069e       0x34 build/usbd_cdc.o
 .ARM.attributes
                0x000006d2       0x21 build/startup_stm32f411ccux.o
 .ARM.attributes
                0x000006f3       0x34 c:/program files (x86)/gnu arm embedded toolchain/10 2021.10/bin/../lib/gcc/arm-none-eabi/10.3.1/../../../../arm-none-eabi/lib/thumb/v7e-m+fp/hard\libc_nano.a(lib_a-impure.o)
 .ARM.attributes
                0x00000727       0x34 c:/program files (x86)/gnu arm embedded toolchain/10 2021.10/bin/../lib/gcc/arm-none-eabi/10.3.1/../../../../arm-none-eabi/lib/thumb/v7e-m+fp/hard\libc_nano.a(lib_a-init.o)
 .ARM.attributes
                0x0000075b       0x34 c:/program files (x86)/gnu arm embedded toolchain/10 2021.10/bin/../lib/gcc/arm-none-eabi/10.3.1/../../../../arm-none-eabi/lib/thumb/v7e-m+fp/hard\libc_nano.a(lib_a-memcpy-stub.o)
 .ARM.attributes
                0x0000078f       0x34 c:/program files (x86)/gnu arm embedded toolchain/10 2021.10/bin/../lib/gcc/arm-none-eabi/10.3.1/../../../../arm-none-eabi/lib/thumb/v7e-m+fp/hard\libc_nano.a(lib_a-memset.o)
 .ARM.attributes
                0x000007c3       0x34 c:/program files (x86)/gnu arm embedded toolchain/10 2021.10/bin/../lib/gcc/arm-none-eabi/10.3.1/../../../../arm-none-eabi/lib/thumb/v7e-m+fp/hard\libc_nano.a(lib_a-printf.o)
 .ARM.attributes