Archive member included to satisfy reference by file (symbol)

c:/progra~2/gnuarm~1/102021~1.10/bin/../lib/gcc/arm-none-eabi/10.3.1/thumb/v7e-m+fp/hard\libgcc.a(_aeabi_uldivmod.o)
                              CMakeFiles/USB.elf.dir/Drivers/STM32F4xx_HAL_Driver/Src/stm32f4xx_hal_rcc.c.obj (__aeabi_uldivmod)
c:/progra~2/gnuarm~1/102021~1.10/bin/../lib/gcc/arm-none-eabi/10.3.1/thumb/v7e-m+fp/hard\libgcc.a(_udivmoddi4.o)
                              c:/progra~2/gnuarm~1/102021~1.10/bin/../lib/gcc/arm-none-eabi/10.3.1/thumb/v7e-m+fp/hard\libgcc.a(_aeabi_uldivmod.o) (__udivmoddi4)
c:/progra~2/gnuarm~1/102021~1.10/bin/../lib/gcc/arm-none-eabi/10.3.1/thumb/v7e-m+fp/hard\libgcc.a(_dvmd_tls.o)
                              c:/progra~2/gnuarm~1/102021~1.10/bin/../lib/gcc/arm-none-eabi/10.3.1/thumb/v7e-m+fp/hard\libgcc.a(_aeabi_uldivmod.o) (__aeabi_ldiv0)
c:/progra~2/gnuarm~1/102021~1.10/bin/../lib/gcc/arm-none-eabi/10.3.1/../../../../arm-none-eabi/lib/thumb/v7e-m+fp/hard\libg.a(lib_a-errno.o)
                              CMakeFiles/USB.elf.dir/Core/Src/syscalls.c.obj (__errno)
c:/progra~2/gnuarm~1/102021~1.10/bin/../lib/gcc/arm-none-eabi/10.3.1/../../../../arm-none-eabi/lib/thumb/v7e-m+fp/hard\libg.a(lib_a-exit.o)
                              c:/progra~2/gnuarm~1/102021~1.10/bin/../lib/gcc/arm-none-eabi/10.3.1/../../../../arm-none-eabi/lib/thumb/v7e-m+fp/hard/crt0.o (exit)
c:/progra~2/gnuarm~1/102021~1.10/bin/../lib/gcc/arm-none-eabi/10.3.1/../../../../arm-none-eabi/lib/thumb/v7e-m+fp/hard\libg.a(lib_a-impure.o)
                              c:/progra~2/gnuarm~1/102021~1.10/bin/../lib/gcc/arm-none-eabi/10.3.1/../../../../arm-none-eabi/lib/thumb/v7e-m+fp/hard\libg.a(lib_a-exit.o) (_global_impure_ptr)
c:/progra~2/gnuarm~1/102021~1.10/bin/../lib/gcc/arm-none-eabi/10.3.1/../../../../arm-none-eabi/lib/thumb/v7e-m+fp/hard\libg.a(lib_a-init.o)
                              c:/progra~2/gnuarm~1/102021~1.10/bin/../lib/gcc/arm-none-eabi/10.3.1/../../../../arm-none-eabi/lib/thumb/v7e-m+fp/hard/crt0.o (__libc_init_array)
c:/progra~2/gnuarm~1/102021~1.10/bin/../lib/gcc/arm-none-eabi/10.3.1/../../../../arm-none-eabi/lib/thumb/v7e-m+fp/hard\libg.a(lib_a-memcpy.o)
                              CMakeFiles/USB.elf.dir/Middlewares/Third_Party/FreeRTOS/Source/CMSIS_RTOS_V2/cmsis_os2.c.obj (memcpy)
c:/progra~2/gnuarm~1/102021~1.10/bin/../lib/gcc/arm-none-eabi/10.3.1/../../../../arm-none-eabi/lib/thumb/v7e-m+fp/hard\libg.a(lib_a-memset.o)
                              c:/progra~2/gnuarm~1/102021~1.10/bin/../lib/gcc/arm-none-eabi/10.3.1/../../../../arm-none-eabi/lib/thumb/v7e-m+fp/hard/crt0.o (memset)
c:/progra~2/gnuarm~1/102021~1.10/bin/../lib/gcc/arm-none-eabi/10.3.1/../../../../arm-none-eabi/lib/thumb/v7e-m+fp/hard\libg.a(lib_a-printf.o)
                              CMakeFiles/USB.elf.dir/Core/Src/main.c.obj (printf)
c:/progra~2/gnuarm~1/102021~1.10/bin/../lib/gcc/arm-none-eabi/10.3.1/../../../../arm-none-eabi/lib/thumb/v7e-m+fp/hard\libg.a(lib_a-puts.o)
                              CMakeFiles/USB.elf.dir/Core/Src/main.c.obj (puts)
c:/progra~2/gnuarm~1/102021~1.10/bin/../lib/gcc/arm-none-eabi/10.3.1/../../../../arm-none-eabi/lib/thumb/v7e-m+fp/hard\libg.a(lib_a-reent.o)
                              CMakeFiles/USB.elf.dir/Middlewares/Third_Party/FreeRTOS/Source/tasks.c.obj (_reclaim_reent)
c:/progra~2/gnuarm~1/102021~1.10/bin/../lib/gcc/arm-none-eabi/10.3.1/../../../../arm-none-eabi/lib/thumb/v7e-m+fp/hard\libg.a(lib_a-sprintf.o)
                              CMakeFiles/USB.elf.dir/Core/Src/main.c.obj (sprintf)
c:/progra~2/gnuarm~1/102021~1.10/bin/../lib/gcc/arm-none-eabi/10.3.1/../../../../arm-none-eabi/lib/thumb/v7e-m+fp/hard\libg.a(lib_a-strlen.o)
                              c:/progra~2/gnuarm~1/102021~1.10/bin/../lib/gcc/arm-none-eabi/10.3.1/../../../../arm-none-eabi/lib/thumb/v7e-m+fp/hard\libg.a(lib_a-puts.o) (strlen)
c:/progra~2/gnuarm~1/102021~1.10/bin/../lib/gcc/arm-none-eabi/10.3.1/../../../../arm-none-eabi/lib/thumb/v7e-m+fp/hard\libg.a(lib_a-svfprintf.o)
                              c:/progra~2/gnuarm~1/102021~1.10/bin/../lib/gcc/arm-none-eabi/10.3.1/../../../../arm-none-eabi/lib/thumb/v7e-m+fp/hard\libg.a(lib_a-sprintf.o) (_svfprintf_r)
c:/progra~2/gnuarm~1/102021~1.10/bin/../lib/gcc/arm-none-eabi/10.3.1/../../../../arm-none-eabi/lib/thumb/v7e-m+fp/hard\libg.a(lib_a-vfprintf.o)
                              c:/progra~2/gnuarm~1/102021~1.10/bin/../lib/gcc/arm-none-eabi/10.3.1/../../../../arm-none-eabi/lib/thumb/v7e-m+fp/hard\libg.a(lib_a-printf.o) (_vfprintf_r)
c:/progra~2/gnuarm~1/102021~1.10/bin/../lib/gcc/arm-none-eabi/10.3.1/../../../../arm-none-eabi/lib/thumb/v7e-m+fp/hard\libg.a(lib_a-wsetup.o)
                              c:/progra~2/gnuarm~1/102021~1.10/bin/../lib/gcc/arm-none-eabi/10.3.1/../../../../arm-none-eabi/lib/thumb/v7e-m+fp/hard\libg.a(lib_a-vfprintf.o) (__swsetup_r)
[...]
Memory Configuration

Name             Origin             Length             Attributes
RAM              0x20000000         0x00010000         xrw
FLASH            0x08000000         0x00040000         xr
*default*        0x00000000         0xffffffff

Linker script and memory map

LOAD c:/progra~2/gnuarm~1/102021~1.10/bin/../lib/gcc/arm-none-eabi/10.3.1/thumb/v7e-m+fp/hard/crti.o
LOAD c:/progra~2/gnuarm~1/102021~1.10/bin/../lib/gcc/arm-none-eabi/10.3.1/thumb/v7e-m+fp/hard/crtbegin.o
LOAD c:/progra~2/gnuarm~1/102021~1.10/bin/../lib/gcc/arm-none-eabi/10.3.1/../../../../arm-none-eabi/lib/thumb/v7e-m+fp/hard/crt0.o
LOAD CMakeFiles/USB.elf.dir/Core/Src/freertos.c.obj
LOAD CMakeFiles/USB.elf.dir/Core/Src/main.c.obj
LOAD CMakeFiles/USB.elf.dir/Core/Src/stm32f4xx_hal_msp.c.obj
LOAD CMakeFiles/USB.elf.dir/Core/Src/stm32f4xx_hal_timebase_tim.c.obj
LOAD CMakeFiles/USB.elf.dir/Core/Src/stm32f4xx_it.c.obj
LOAD CMakeFiles/USB.elf.dir/Core/Src/syscalls.c.obj
LOAD CMakeFiles/USB.elf.dir/Core/Src/sysmem.c.obj
LOAD CMakeFiles/USB.elf.dir/Core/Src/system_stm32f4xx.c.obj
LOAD CMakeFiles/USB.elf.dir/Core/Startup/startup_stm32f401ccux.s.obj
LOAD CMakeFiles/USB.elf.dir/Drivers/STM32F4xx_HAL_Driver/Src/stm32f4xx_hal.c.obj
LOAD CMakeFiles/USB.elf.dir/Drivers/STM32F4xx_HAL_Driver/Src/stm32f4xx_hal_cortex.c.obj
LOAD CMakeFiles/USB.elf.dir/Drivers/STM32F4xx_HAL_Driver/Src/stm32f4xx_hal_dma.c.obj
LOAD CMakeFiles/USB.elf.dir/Drivers/STM32F4xx_HAL_Driver/Src/stm32f4xx_hal_dma_ex.c.obj
LOAD CMakeFiles/USB.elf.dir/Drivers/STM32F4xx_HAL_Driver/Src/stm32f4xx_hal_exti.c.obj
LOAD CMakeFiles/USB.elf.dir/Drivers/STM32F4xx_HAL_Driver/Src/stm32f4xx_hal_flash.c.obj
LOAD CMakeFiles/USB.elf.dir/Drivers/STM32F4xx_HAL_Driver/Src/stm32f4xx_hal_flash_ex.c.obj
LOAD CMakeFiles/USB.elf.dir/Drivers/STM32F4xx_HAL_Driver/Src/stm32f4xx_hal_flash_ramfunc.c.obj
LOAD CMakeFiles/USB.elf.dir/Drivers/STM32F4xx_HAL_Driver/Src/stm32f4xx_hal_gpio.c.obj
LOAD CMakeFiles/USB.elf.dir/Drivers/STM32F4xx_HAL_Driver/Src/stm32f4xx_hal_i2c.c.obj
LOAD CMakeFiles/USB.elf.dir/Drivers/STM32F4xx_HAL_Driver/Src/stm32f4xx_hal_i2c_ex.c.obj
LOAD CMakeFiles/USB.elf.dir/Drivers/STM32F4xx_HAL_Driver/Src/stm32f4xx_hal_pcd.c.obj
LOAD CMakeFiles/USB.elf.dir/Drivers/STM32F4xx_HAL_Driver/Src/stm32f4xx_hal_pcd_ex.c.obj
LOAD CMakeFiles/USB.elf.dir/Drivers/STM32F4xx_HAL_Driver/Src/stm32f4xx_hal_pwr.c.obj
LOAD CMakeFiles/USB.elf.dir/Drivers/STM32F4xx_HAL_Driver/Src/stm32f4xx_hal_pwr_ex.c.obj
LOAD CMakeFiles/USB.elf.dir/Drivers/STM32F4xx_HAL_Driver/Src/stm32f4xx_hal_rcc.c.obj
LOAD CMakeFiles/USB.elf.dir/Drivers/STM32F4xx_HAL_Driver/Src/stm32f4xx_hal_rcc_ex.c.obj
LOAD CMakeFiles/USB.elf.dir/Drivers/STM32F4xx_HAL_Driver/Src/stm32f4xx_hal_tim.c.obj
LOAD CMakeFiles/USB.elf.dir/Drivers/STM32F4xx_HAL_Driver/Src/stm32f4xx_hal_tim_ex.c.obj
LOAD CMakeFiles/USB.elf.dir/Drivers/STM32F4xx_HAL_Driver/Src/stm32f4xx_ll_usb.c.obj
LOAD CMakeFiles/USB.elf.dir/Middlewares/ST/STM32_USB_Device_Library/Class/CDC/Src/usbd_cdc.c.obj
LOAD CMakeFiles/USB.elf.dir/Middlewares/ST/STM32_USB_Device_Library/Core/Src/usbd_core.c.obj
LOAD CMakeFiles/USB.elf.dir/Middlewares/ST/STM32_USB_Device_Library/Core/Src/usbd_ctlreq.c.obj
LOAD CMakeFiles/USB.elf.dir/Middlewares/ST/STM32_USB_Device_Library/Core/Src/usbd_ioreq.c.obj
LOAD CMakeFiles/USB.elf.dir/Middlewares/Third_Party/FreeRTOS/Source/CMSIS_RTOS_V2/cmsis_os2.c.obj
LOAD CMakeFiles/USB.elf.dir/Middlewares/Third_Party/FreeRTOS/Source/croutine.c.obj
LOAD CMakeFiles/USB.elf.dir/Middlewares/Third_Party/FreeRTOS/Source/event_groups.c.obj
LOAD CMakeFiles/USB.elf.dir/Middlewares/Third_Party/FreeRTOS/Source/list.c.obj
LOAD CMakeFiles/USB.elf.dir/Middlewares/Third_Party/FreeRTOS/Source/portable/GCC/ARM_CM4F/port.c.obj
LOAD CMakeFiles/USB.elf.dir/Middlewares/Third_Party/FreeRTOS/Source/portable/MemMang/heap_4.c.obj
LOAD CMakeFiles/USB.elf.dir/Middlewares/Third_Party/FreeRTOS/Source/queue.c.obj
LOAD CMakeFiles/USB.elf.dir/Middlewares/Third_Party/FreeRTOS/Source/stream_buffer.c.obj
LOAD CMakeFiles/USB.elf.dir/Middlewares/Third_Party/FreeRTOS/Source/tasks.c.obj
LOAD CMakeFiles/USB.elf.dir/Middlewares/Third_Party/FreeRTOS/Source/timers.c.obj
LOAD CMakeFiles/USB.elf.dir/USB_DEVICE/App/usb_device.c.obj
LOAD CMakeFiles/USB.elf.dir/USB_DEVICE/App/usbd_cdc_if.c.obj
LOAD CMakeFiles/USB.elf.dir/USB_DEVICE/App/usbd_desc.c.obj
LOAD CMakeFiles/USB.elf.dir/USB_DEVICE/Target/usbd_conf.c.obj
START GROUP
LOAD c:/progra~2/gnuarm~1/102021~1.10/bin/../lib/gcc/arm-none-eabi/10.3.1/thumb/v7e-m+fp/hard\libgcc.a
LOAD c:/progra~2/gnuarm~1/102021~1.10/bin/../lib/gcc/arm-none-eabi/10.3.1/../../../../arm-none-eabi/lib/thumb/v7e-m+fp/hard\libg.a
LOAD c:/progra~2/gnuarm~1/102021~1.10/bin/../lib/gcc/arm-none-eabi/10.3.1/../../../../arm-none-eabi/lib/thumb/v7e-m+fp/hard\libc.a
END GROUP
LOAD c:/progra~2/gnuarm~1/102021~1.10/bin/../lib/gcc/arm-none-eabi/10.3.1/thumb/v7e-m+fp/hard/crtend.o
LOAD c:/progra~2/gnuarm~1/102021~1.10/bin/../lib/gcc/arm-none-eabi/10.3.1/thumb/v7e-m+fp/hard/crtn.o
                0x20010000                _estack = (ORIGIN (RAM) + LENGTH (RAM))
                0x00000200                _Min_Heap_Size = 0x200
                0x00000400                _Min_Stack_Size = 0x400

.isr_vector     0x08000000      0x194
                0x08000000                . = ALIGN (0x4)
 *(.isr_vector)
 .isr_vector    0x08000000      0x194 CMakeFiles/USB.elf.dir/Core/Startup/startup_stm32f401ccux.s.obj
                0x08000000                g_pfnVectors
                0x08000194                . = ALIGN (0x4)

.text           0x080001c0     0xdfb8
                0x080001c0                . = ALIGN (0x4)
 *(.text)
 .text          0x080001c0       0x40 c:/progra~2/gnuarm~1/102021~1.10/bin/../lib/gcc/arm-none-eabi/10.3.1/thumb/v7e-m+fp/hard/crtbegin.o
 .text          0x08000200       0x30 c:/progra~2/gnuarm~1/102021~1.10/bin/../lib/gcc/arm-none-eabi/10.3.1/thumb/v7e-m+fp/hard\libgcc.a(_aeabi_uldivmod.o)
                0x08000200                __aeabi_uldivmod
 .text          0x08000230      0x2d0 c:/progra~2/gnuarm~1/102021~1.10/bin/../lib/gcc/arm-none-eabi/10.3.1/thumb/v7e-m+fp/hard\libgcc.a(_udivmoddi4.o)
                0x08000230                __udivmoddi4
 .text          0x08000500        0x4 c:/progra~2/gnuarm~1/102021~1.10/bin/../lib/gcc/arm-none-eabi/10.3.1/thumb/v7e-m+fp/hard\libgcc.a(_dvmd_tls.o)
                0x08000500                __aeabi_idiv0
                0x08000500                __aeabi_ldiv0
 .text          0x08000504      0x134 c:/progra~2/gnuarm~1/102021~1.10/bin/../lib/gcc/arm-none-eabi/10.3.1/../../../../arm-none-eabi/lib/thumb/v7e-m+fp/hard\libg.a(lib_a-memcpy.o)
                0x08000504                memcpy
 *fill*         0x08000638        0x8 
 .text          0x08000640       0xdc c:/progra~2/gnuarm~1/102021~1.10/bin/../lib/gcc/arm-none-eabi/10.3.1/../../../../arm-none-eabi/lib/thumb/v7e-m+fp/hard\libg.a(lib_a-strlen.o)
                0x08000640                strlen
 *fill*         0x0800071c        0x4 
 .text          0x08000720       0xa0 c:/progra~2/gnuarm~1/102021~1.10/bin/../lib/gcc/arm-none-eabi/10.3.1/../../../../arm-none-eabi/lib/thumb/v7e-m+fp/hard\libg.a(lib_a-memchr.o)
                0x08000720                memchr
 .text          0x080007c0      0x378 c:/progra~2/gnuarm~1/102021~1.10/bin/../lib/gcc/arm-none-eabi/10.3.1/thumb/v7e-m+fp/hard\libgcc.a(_arm_addsubdf3.o)
                0x080007c0                __aeabi_drsub
                0x080007c8                __aeabi_dsub
                0x080007c8                __subdf3
                0x080007cc                __aeabi_dadd
                0x080007cc                __adddf3
                0x08000a44                __floatunsidf
                0x08000a44                __aeabi_ui2d
                0x08000a64                __floatsidf
                0x08000a64                __aeabi_i2d
                0x08000a88                __aeabi_f2d
                0x08000a88                __extendsfdf2
                0x08000acc                __floatundidf
                0x08000acc                __aeabi_ul2d
                0x08000adc                __floatdidf
                0x08000adc                __aeabi_l2d
 .text          0x08000b38      0x424 c:/progra~2/gnuarm~1/102021~1.10/bin/../lib/gcc/arm-none-eabi/10.3.1/thumb/v7e-m+fp/hard\libgcc.a(_arm_muldivdf3.o)
                0x08000b38                __aeabi_dmul
                0x08000b38                __muldf3
                0x08000d8c                __divdf3
                0x08000d8c                __aeabi_ddiv
 .text          0x08000f5c      0x110 c:/progra~2/gnuarm~1/102021~1.10/bin/../lib/gcc/arm-none-eabi/10.3.1/thumb/v7e-m+fp/hard\libgcc.a(_arm_cmpdf2.o)
                0x08000f5c                __gtdf2
                0x08000f5c                __gedf2
                0x08000f64                __ltdf2
                0x08000f64                __ledf2
                0x08000f6c                __nedf2
                0x08000f6c                __eqdf2
                0x08000f6c                __cmpdf2
                0x08000fe8                __aeabi_cdrcmple
                0x08000ff8                __aeabi_cdcmpeq
                0x08000ff8                __aeabi_cdcmple
                0x08001008                __aeabi_dcmpeq
                0x0800101c                __aeabi_dcmplt
                0x08001030                __aeabi_dcmple
                0x08001044                __aeabi_dcmpge
                0x08001058                __aeabi_dcmpgt
 .text          0x0800106c       0x2c c:/progra~2/gnuarm~1/102021~1.10/bin/../lib/gcc/arm-none-eabi/10.3.1/thumb/v7e-m+fp/hard\libgcc.a(_arm_unorddf2.o)
                0x0800106c                __unorddf2
                0x0800106c                __aeabi_dcmpun
 .text          0x08001098       0x50 c:/progra~2/gnuarm~1/102021~1.10/bin/../lib/gcc/arm-none-eabi/10.3.1/thumb/v7e-m+fp/hard\libgcc.a(_arm_fixdfsi.o)
                0x08001098                __aeabi_d2iz
                0x08001098                __fixdfsi
 *(.text*)
 .text.MX_GPIO_Init
                0x080010e8       0xa4 CMakeFiles/USB.elf.dir/Core/Src/main.c.obj
 .text.StartLED
                0x0800118c       0x18 CMakeFiles/USB.elf.dir/Core/Src/main.c.obj
                0x0800118c                StartLED
 .text.MAIN     0x080011a4       0x6c CMakeFiles/USB.elf.dir/Core/Src/main.c.obj
                0x080011a4                MAIN
 .text.run_USB  0x08001210       0x38 CMakeFiles/USB.elf.dir/Core/Src/main.c.obj
                0x08001210                run_USB
 .text._write   0x08001248       0x46 CMakeFiles/USB.elf.dir/Core/Src/main.c.obj
                0x08001248                _write
 *fill*         0x0800128e        0x2 
 .text.HAL_TIM_PeriodElapsedCallback
                0x08001290       0x18 CMakeFiles/USB.elf.dir/Core/Src/main.c.obj
                0x08001290                HAL_TIM_PeriodElapsedCallback
 .text.Error_Handler
                0x080012a8        0x4 CMakeFiles/USB.elf.dir/Core/Src/main.c.obj
                0x080012a8                Error_Handler
 .text.MX_I2C1_Init
                0x080012ac       0x38 CMakeFiles/USB.elf.dir/Core/Src/main.c.obj
 .text.SystemClock_Config
                0x080012e4       0xac CMakeFiles/USB.elf.dir/Core/Src/main.c.obj
                0x080012e4                SystemClock_Config
 .text.main     0x08001390       0x5c CMakeFiles/USB.elf.dir/Core/Src/main.c.obj
                0x08001390                main
 .text.HAL_MspInit
                0x080013ec       0x44 CMakeFiles/USB.elf.dir/Core/Src/stm32f4xx_hal_msp.c.obj
                0x080013ec                HAL_MspInit
 .text.HAL_I2C_MspInit
                0x08001430       0x70 CMakeFiles/USB.elf.dir/Core/Src/stm32f4xx_hal_msp.c.obj
                0x08001430                HAL_I2C_MspInit
 .text.HAL_InitTick
                0x080014a0       0x98 CMakeFiles/USB.elf.dir/Core/Src/stm32f4xx_hal_timebase_tim.c.obj
                0x080014a0                HAL_InitTick
 .text.NMI_Handler
                0x08001538        0x2 CMakeFiles/USB.elf.dir/Core/Src/stm32f4xx_it.c.obj
                0x08001538                NMI_Handler
 .text.HardFault_Handler
                0x0800153a        0x2 CMakeFiles/USB.elf.dir/Core/Src/stm32f4xx_it.c.obj
                0x0800153a                HardFault_Handler
 .text.MemManage_Handler
                0x0800153c        0x2 CMakeFiles/USB.elf.dir/Core/Src/stm32f4xx_it.c.obj
                0x0800153c                MemManage_Handler
 .text.BusFault_Handler
                0x0800153e        0x2 CMakeFiles/USB.elf.dir/Core/Src/stm32f4xx_it.c.obj
                0x0800153e                BusFault_Handler
 .text.UsageFault_Handler
                0x08001540        0x2 CMakeFiles/USB.elf.dir/Core/Src/stm32f4xx_it.c.obj
                0x08001540                UsageFault_Handler
 .text.DebugMon_Handler
                0x08001542        0x2 CMakeFiles/USB.elf.dir/Core/Src/stm32f4xx_it.c.obj
                0x08001542                DebugMon_Handler
 .text.TIM1_TRG_COM_TIM11_IRQHandler
                0x08001544       0x10 CMakeFiles/USB.elf.dir/Core/Src/stm32f4xx_it.c.obj
                0x08001544                TIM1_TRG_COM_TIM11_IRQHandler
 .text.OTG_FS_IRQHandler
                0x08001554       0x10 CMakeFiles/USB.elf.dir/Core/Src/stm32f4xx_it.c.obj
                0x08001554                OTG_FS_IRQHandler
 .text._getpid  0x08001564        0x4 CMakeFiles/USB.elf.dir/Core/Src/syscalls.c.obj
                0x08001564                _getpid
 .text._kill    0x08001568       0x10 CMakeFiles/USB.elf.dir/Core/Src/syscalls.c.obj
                0x08001568                _kill
 .text._exit    0x08001578        0xc CMakeFiles/USB.elf.dir/Core/Src/syscalls.c.obj
                0x08001578                _exit
 .text._read    0x08001584       0x20 CMakeFiles/USB.elf.dir/Core/Src/syscalls.c.obj
                0x08001584                _read
 .text._close   0x080015a4        0x6 CMakeFiles/USB.elf.dir/Core/Src/syscalls.c.obj
                0x080015a4                _close
 .text._fstat   0x080015aa        0xa CMakeFiles/USB.elf.dir/Core/Src/syscalls.c.obj
                0x080015aa                _fstat
 .text._isatty  0x080015b4        0x4 CMakeFiles/USB.elf.dir/Core/Src/syscalls.c.obj
                0x080015b4                _isatty
 .text._lseek   0x080015b8        0x4 CMakeFiles/USB.elf.dir/Core/Src/syscalls.c.obj
                0x080015b8                _lseek
 .text._sbrk    0x080015bc       0x48 CMakeFiles/USB.elf.dir/Core/Src/sysmem.c.obj
                0x080015bc                _sbrk
 .text.SystemInit
                0x08001604       0x14 CMakeFiles/USB.elf.dir/Core/Src/system_stm32f4xx.c.obj
                0x08001604                SystemInit
 .text.Reset_Handler
                0x08001618       0x50 CMakeFiles/USB.elf.dir/Core/Startup/startup_stm32f401ccux.s.obj
                0x08001618                Reset_Handler
 .text.Default_Handler
                0x08001668        0x2 CMakeFiles/USB.elf.dir/Core/Startup/startup_stm32f401ccux.s.obj
                0x08001668                RTC_Alarm_IRQHandler
                0x08001668                EXTI2_IRQHandler
                0x08001668                SPI4_IRQHandler
                0x08001668                TIM1_CC_IRQHandler
                0x08001668                DMA2_Stream5_IRQHandler
                0x08001668                DMA1_Stream5_IRQHandler
                0x08001668                PVD_IRQHandler
                0x08001668                SDIO_IRQHandler
                0x08001668                TAMP_STAMP_IRQHandler
                0x08001668                EXTI3_IRQHandler
                0x08001668                TIM1_UP_TIM10_IRQHandler
                0x08001668                I2C3_ER_IRQHandler
                0x08001668                EXTI0_IRQHandler
                0x08001668                I2C2_EV_IRQHandler
                0x08001668                DMA1_Stream2_IRQHandler
                0x08001668                FPU_IRQHandler
                0x08001668                DMA2_Stream2_IRQHandler
                0x08001668                SPI1_IRQHandler
                0x08001668                TIM1_BRK_TIM9_IRQHandler
                0x08001668                DMA2_Stream3_IRQHandler
                0x08001668                USART6_IRQHandler
                0x08001668                DMA2_Stream0_IRQHandler
                0x08001668                TIM4_IRQHandler
                0x08001668                I2C1_EV_IRQHandler
                0x08001668                DMA1_Stream6_IRQHandler
                0x08001668                DMA1_Stream1_IRQHandler
                0x08001668                TIM3_IRQHandler
                0x08001668                RCC_IRQHandler
                0x08001668                Default_Handler
                0x08001668                EXTI15_10_IRQHandler
                0x08001668                ADC_IRQHandler
                0x08001668                DMA1_Stream7_IRQHandler
                0x08001668                TIM5_IRQHandler
                0x08001668                DMA2_Stream7_IRQHandler
                0x08001668                I2C3_EV_IRQHandler
                0x08001668                EXTI9_5_IRQHandler
                0x08001668                RTC_WKUP_IRQHandler
                0x08001668                SPI2_IRQHandler
                0x08001668                DMA1_Stream0_IRQHandler
                0x08001668                EXTI4_IRQHandler
                0x08001668                WWDG_IRQHandler
                0x08001668                TIM2_IRQHandler
                0x08001668                OTG_FS_WKUP_IRQHandler
                0x08001668                EXTI1_IRQHandler
                0x08001668                USART2_IRQHandler
                0x08001668                I2C2_ER_IRQHandler
                0x08001668                DMA2_Stream1_IRQHandler
                0x08001668                FLASH_IRQHandler
                0x08001668                DMA2_Stream4_IRQHandler
                0x08001668                USART1_IRQHandler
                0x08001668                SPI3_IRQHandler
                0x08001668                DMA1_Stream4_IRQHandler
                0x08001668                I2C1_ER_IRQHandler
                0x08001668                DMA2_Stream6_IRQHandler
                0x08001668                DMA1_Stream3_IRQHandler
 *fill*         0x0800166a        0x2 
 .text.HAL_Init
                0x0800166c       0x34 CMakeFiles/USB.elf.dir/Drivers/STM32F4xx_HAL_Driver/Src/stm32f4xx_hal.c.obj
                0x0800166c                HAL_Init
 .text.HAL_IncTick
                0x080016a0       0x18 CMakeFiles/USB.elf.dir/Drivers/STM32F4xx_HAL_Driver/Src/stm32f4xx_hal.c.obj
                0x080016a0                HAL_IncTick
 .text.HAL_GetTick
                0x080016b8        0xc CMakeFiles/USB.elf.dir/Drivers/STM32F4xx_HAL_Driver/Src/stm32f4xx_hal.c.obj
                0x080016b8                HAL_GetTick
 .text.HAL_Delay
                0x080016c4       0x28 CMakeFiles/USB.elf.dir/Drivers/STM32F4xx_HAL_Driver/Src/stm32f4xx_hal.c.obj
                0x080016c4                HAL_Delay
 .text.HAL_NVIC_SetPriorityGrouping
                0x080016ec       0x24 CMakeFiles/USB.elf.dir/Drivers/STM32F4xx_HAL_Driver/Src/stm32f4xx_hal_cortex.c.obj
                0x080016ec                HAL_NVIC_SetPriorityGrouping
 .text.HAL_NVIC_SetPriority
                0x08001710       0x70 CMakeFiles/USB.elf.dir/Drivers/STM32F4xx_HAL_Driver/Src/stm32f4xx_hal_cortex.c.obj
                0x08001710                HAL_NVIC_SetPriority
 .text.HAL_NVIC_EnableIRQ
                0x08001780       0x1c CMakeFiles/USB.elf.dir/Drivers/STM32F4xx_HAL_Driver/Src/stm32f4xx_hal_cortex.c.obj
                0x08001780                HAL_NVIC_EnableIRQ
 .text.HAL_GPIO_Init
                0x0800179c      0x1c0 CMakeFiles/USB.elf.dir/Drivers/STM32F4xx_HAL_Driver/Src/stm32f4xx_hal_gpio.c.obj
                0x0800179c                HAL_GPIO_Init
 .text.HAL_GPIO_WritePin
                0x0800195c        0xc CMakeFiles/USB.elf.dir/Drivers/STM32F4xx_HAL_Driver/Src/stm32f4xx_hal_gpio.c.obj
                0x0800195c                HAL_GPIO_WritePin
 .text.HAL_GPIO_TogglePin
                0x08001968       0x12 CMakeFiles/USB.elf.dir/Drivers/STM32F4xx_HAL_Driver/Src/stm32f4xx_hal_gpio.c.obj
                0x08001968                HAL_GPIO_TogglePin
 *fill*         0x0800197a        0x2 
 .text.HAL_I2C_Init
                0x0800197c      0x1bc CMakeFiles/USB.elf.dir/Drivers/STM32F4xx_HAL_Driver/Src/stm32f4xx_hal_i2c.c.obj
                0x0800197c                HAL_I2C_Init
 .text.PCD_WriteEmptyTxFifo
                0x08001b38       0xd0 CMakeFiles/USB.elf.dir/Drivers/STM32F4xx_HAL_Driver/Src/stm32f4xx_hal_pcd.c.obj
 .text.PCD_EP_OutXfrComplete_int
                0x08001c08      0x104 CMakeFiles/USB.elf.dir/Drivers/STM32F4xx_HAL_Driver/Src/stm32f4xx_hal_pcd.c.obj
 .text.PCD_EP_OutSetupPacket_int
                0x08001d0c       0x50 CMakeFiles/USB.elf.dir/Drivers/STM32F4xx_HAL_Driver/Src/stm32f4xx_hal_pcd.c.obj
 .text.HAL_PCD_SetAddress
                0x08001d5c       0x28 CMakeFiles/USB.elf.dir/Drivers/STM32F4xx_HAL_Driver/Src/stm32f4xx_hal_pcd.c.obj
                0x08001d5c                HAL_PCD_SetAddress
 .text.HAL_PCD_EP_Open
                0x08001d84       0x8a CMakeFiles/USB.elf.dir/Drivers/STM32F4xx_HAL_Driver/Src/stm32f4xx_hal_pcd.c.obj
                0x08001d84                HAL_PCD_EP_Open
 .text.HAL_PCD_EP_Receive
                0x08001e0e       0x5e CMakeFiles/USB.elf.dir/Drivers/STM32F4xx_HAL_Driver/Src/stm32f4xx_hal_pcd.c.obj
                0x08001e0e                HAL_PCD_EP_Receive
 .text.HAL_PCD_EP_Transmit
                0x08001e6c       0x5e CMakeFiles/USB.elf.dir/Drivers/STM32F4xx_HAL_Driver/Src/stm32f4xx_hal_pcd.c.obj
                0x08001e6c                HAL_PCD_EP_Transmit
 .text.HAL_PCD_EP_SetStall
                0x08001eca       0x88 CMakeFiles/USB.elf.dir/Drivers/STM32F4xx_HAL_Driver/Src/stm32f4xx_hal_pcd.c.obj
                0x08001eca                HAL_PCD_EP_SetStall
 .text.HAL_PCD_EP_ClrStall
                0x08001f52       0x76 CMakeFiles/USB.elf.dir/Drivers/STM32F4xx_HAL_Driver/Src/stm32f4xx_hal_pcd.c.obj
                0x08001f52                HAL_PCD_EP_ClrStall
 .text.HAL_PCD_EP_Abort
                0x08001fc8       0x34 CMakeFiles/USB.elf.dir/Drivers/STM32F4xx_HAL_Driver/Src/stm32f4xx_hal_pcd.c.obj
                0x08001fc8                HAL_PCD_EP_Abort
 .text.HAL_PCD_IRQHandler
                0x08001ffc      0x5c4 CMakeFiles/USB.elf.dir/Drivers/STM32F4xx_HAL_Driver/Src/stm32f4xx_hal_pcd.c.obj
                0x08001ffc                HAL_PCD_IRQHandler
 .text.HAL_PCDEx_LPM_Callback
                0x080025c0        0x2 CMakeFiles/USB.elf.dir/Drivers/STM32F4xx_HAL_Driver/Src/stm32f4xx_hal_pcd_ex.c.obj
                0x080025c0                HAL_PCDEx_LPM_Callback
 *fill*         0x080025c2        0x2 
 .text.HAL_RCC_OscConfig
                0x080025c4      0x3f8 CMakeFiles/USB.elf.dir/Drivers/STM32F4xx_HAL_Driver/Src/stm32f4xx_hal_rcc.c.obj
                0x080025c4                HAL_RCC_OscConfig
 .text.HAL_RCC_GetSysClockFreq
                0x080029bc       0xa4 CMakeFiles/USB.elf.dir/Drivers/STM32F4xx_HAL_Driver/Src/stm32f4xx_hal_rcc.c.obj
                0x080029bc                HAL_RCC_GetSysClockFreq
 .text.HAL_RCC_ClockConfig
                0x08002a60      0x160 CMakeFiles/USB.elf.dir/Drivers/STM32F4xx_HAL_Driver/Src/stm32f4xx_hal_rcc.c.obj
                0x08002a60                HAL_RCC_ClockConfig
 .text.HAL_RCC_GetHCLKFreq
                0x08002bc0        0xc CMakeFiles/USB.elf.dir/Drivers/STM32F4xx_HAL_Driver/Src/stm32f4xx_hal_rcc.c.obj
                0x08002bc0                HAL_RCC_GetHCLKFreq
 .text.HAL_RCC_GetPCLK1Freq
                0x08002bcc       0x20 CMakeFiles/USB.elf.dir/Drivers/STM32F4xx_HAL_Driver/Src/stm32f4xx_hal_rcc.c.obj
                0x08002bcc                HAL_RCC_GetPCLK1Freq
 .text.HAL_RCC_GetPCLK2Freq
                0x08002bec       0x20 CMakeFiles/USB.elf.dir/Drivers/STM32F4xx_HAL_Driver/Src/stm32f4xx_hal_rcc.c.obj
                0x08002bec                HAL_RCC_GetPCLK2Freq
 .text.HAL_RCC_GetClockConfig
                0x08002c0c       0x3c CMakeFiles/USB.elf.dir/Drivers/STM32F4xx_HAL_Driver/Src/stm32f4xx_hal_rcc.c.obj
                0x08002c0c                HAL_RCC_GetClockConfig
 .text.HAL_TIM_Base_MspInit
                0x08002c48        0x2 CMakeFiles/USB.elf.dir/Drivers/STM32F4xx_HAL_Driver/Src/stm32f4xx_hal_tim.c.obj
                0x08002c48                HAL_TIM_Base_MspInit
 *fill*         0x08002c4a        0x2 
 .text.HAL_TIM_Base_Start_IT
                0x08002c4c       0x78 CMakeFiles/USB.elf.dir/Drivers/STM32F4xx_HAL_Driver/Src/stm32f4xx_hal_tim.c.obj
                0x08002c4c                HAL_TIM_Base_Start_IT
 .text.HAL_TIM_OC_DelayElapsedCallback
                0x08002cc4        0x2 CMakeFiles/USB.elf.dir/Drivers/STM32F4xx_HAL_Driver/Src/stm32f4xx_hal_tim.c.obj
                0x08002cc4                HAL_TIM_OC_DelayElapsedCallback
 .text.HAL_TIM_IC_CaptureCallback
                0x08002cc6        0x2 CMakeFiles/USB.elf.dir/Drivers/STM32F4xx_HAL_Driver/Src/stm32f4xx_hal_tim.c.obj
                0x08002cc6                HAL_TIM_IC_CaptureCallback
 .text.HAL_TIM_PWM_PulseFinishedCallback
                0x08002cc8        0x2 CMakeFiles/USB.elf.dir/Drivers/STM32F4xx_HAL_Driver/Src/stm32f4xx_hal_tim.c.obj
                0x08002cc8                HAL_TIM_PWM_PulseFinishedCallback
 .text.HAL_TIM_TriggerCallback
                0x08002cca        0x2 CMakeFiles/USB.elf.dir/Drivers/STM32F4xx_HAL_Driver/Src/stm32f4xx_hal_tim.c.obj
                0x08002cca                HAL_TIM_TriggerCallback
 .text.HAL_TIM_IRQHandler
                0x08002ccc      0x17a CMakeFiles/USB.elf.dir/Drivers/STM32F4xx_HAL_Driver/Src/stm32f4xx_hal_tim.c.obj
                0x08002ccc                HAL_TIM_IRQHandler
 *fill*         0x08002e46        0x2 
 .text.TIM_Base_SetConfig
                0x08002e48       0x9c CMakeFiles/USB.elf.dir/Drivers/STM32F4xx_HAL_Driver/Src/stm32f4xx_hal_tim.c.obj
                0x08002e48                TIM_Base_SetConfig
 .text.HAL_TIM_Base_Init
                0x08002ee4       0x58 CMakeFiles/USB.elf.dir/Drivers/STM32F4xx_HAL_Driver/Src/stm32f4xx_hal_tim.c.obj
                0x08002ee4                HAL_TIM_Base_Init
 .text.HAL_TIMEx_CommutCallback
                0x08002f3c        0x2 CMakeFiles/USB.elf.dir/Drivers/STM32F4xx_HAL_Driver/Src/stm32f4xx_hal_tim_ex.c.obj
                0x08002f3c                HAL_TIMEx_CommutCallback
 .text.HAL_TIMEx_BreakCallback
                0x08002f3e        0x2 CMakeFiles/USB.elf.dir/Drivers/STM32F4xx_HAL_Driver/Src/stm32f4xx_hal_tim_ex.c.obj
                0x08002f3e                HAL_TIMEx_BreakCallback
 .text.USB_SetTurnaroundTime
                0x08002f40       0xe4 CMakeFiles/USB.elf.dir/Drivers/STM32F4xx_HAL_Driver/Src/stm32f4xx_ll_usb.c.obj
                0x08002f40                USB_SetTurnaroundTime
 .text.USB_FlushTxFifo
                0x08003024       0x50 CMakeFiles/USB.elf.dir/Drivers/STM32F4xx_HAL_Driver/Src/stm32f4xx_ll_usb.c.obj
                0x08003024                USB_FlushTxFifo
 .text.USB_GetDevSpeed
                0x08003074       0x22 CMakeFiles/USB.elf.dir/Drivers/STM32F4xx_HAL_Driver/Src/stm32f4xx_ll_usb.c.obj
                0x08003074                USB_GetDevSpeed
 .text.USB_ActivateEndpoint
                0x08003096       0x9c CMakeFiles/USB.elf.dir/Drivers/STM32F4xx_HAL_Driver/Src/stm32f4xx_ll_usb.c.obj
                0x08003096                USB_ActivateEndpoint
 .text.USB_EP0StartXfer
                0x08003132      0x124 CMakeFiles/USB.elf.dir/Drivers/STM32F4xx_HAL_Driver/Src/stm32f4xx_ll_usb.c.obj
                0x08003132                USB_EP0StartXfer
 .text.USB_EPStopXfer
                0x08003256       0xbe CMakeFiles/USB.elf.dir/Drivers/STM32F4xx_HAL_Driver/Src/stm32f4xx_ll_usb.c.obj
                0x08003256                USB_EPStopXfer
 .text.USB_WritePacket
                0x08003314       0x2e CMakeFiles/USB.elf.dir/Drivers/STM32F4xx_HAL_Driver/Src/stm32f4xx_ll_usb.c.obj
                0x08003314                USB_WritePacket
 *fill*         0x08003342        0x2 
 .text.USB_EPStartXfer
                0x08003344      0x234 CMakeFiles/USB.elf.dir/Drivers/STM32F4xx_HAL_Driver/Src/stm32f4xx_ll_usb.c.obj
                0x08003344                USB_EPStartXfer
 .text.USB_ReadPacket
                0x08003578       0x54 CMakeFiles/USB.elf.dir/Drivers/STM32F4xx_HAL_Driver/Src/stm32f4xx_ll_usb.c.obj
                0x08003578                USB_ReadPacket
 .text.USB_EPSetStall
                0x080035cc       0x5a CMakeFiles/USB.elf.dir/Drivers/STM32F4xx_HAL_Driver/Src/stm32f4xx_ll_usb.c.obj
                0x080035cc                USB_EPSetStall
 .text.USB_EPClearStall
                0x08003626       0x5c CMakeFiles/USB.elf.dir/Drivers/STM32F4xx_HAL_Driver/Src/stm32f4xx_ll_usb.c.obj
                0x08003626                USB_EPClearStall
 .text.USB_SetDevAddress
                0x08003682       0x20 CMakeFiles/USB.elf.dir/Drivers/STM32F4xx_HAL_Driver/Src/stm32f4xx_ll_usb.c.obj
                0x08003682                USB_SetDevAddress
 .text.USB_ReadInterrupts
                0x080036a2        0x8 CMakeFiles/USB.elf.dir/Drivers/STM32F4xx_HAL_Driver/Src/stm32f4xx_ll_usb.c.obj
                0x080036a2                USB_ReadInterrupts
 .text.USB_ReadDevAllOutEpInterrupt
                0x080036aa       0x10 CMakeFiles/USB.elf.dir/Drivers/STM32F4xx_HAL_Driver/Src/stm32f4xx_ll_usb.c.obj
                0x080036aa                USB_ReadDevAllOutEpInterrupt
 .text.USB_ReadDevAllInEpInterrupt
                0x080036ba       0x10 CMakeFiles/USB.elf.dir/Drivers/STM32F4xx_HAL_Driver/Src/stm32f4xx_ll_usb.c.obj
                0x080036ba                USB_ReadDevAllInEpInterrupt
 .text.USB_ReadDevOutEPInterrupt
                0x080036ca       0x12 CMakeFiles/USB.elf.dir/Drivers/STM32F4xx_HAL_Driver/Src/stm32f4xx_ll_usb.c.obj
                0x080036ca                USB_ReadDevOutEPInterrupt
 .text.USB_ReadDevInEPInterrupt
                0x080036dc       0x28 CMakeFiles/USB.elf.dir/Drivers/STM32F4xx_HAL_Driver/Src/stm32f4xx_ll_usb.c.obj
                0x080036dc                USB_ReadDevInEPInterrupt
 .text.USB_GetMode
                0x08003704        0x8 CMakeFiles/USB.elf.dir/Drivers/STM32F4xx_HAL_Driver/Src/stm32f4xx_ll_usb.c.obj
                0x08003704                USB_GetMode
 .text.USB_ActivateSetup
                0x0800370c       0x20 CMakeFiles/USB.elf.dir/Drivers/STM32F4xx_HAL_Driver/Src/stm32f4xx_ll_usb.c.obj
                0x0800370c                USB_ActivateSetup
 .text.USB_EP0_OutStart
                0x0800372c       0x60 CMakeFiles/USB.elf.dir/Drivers/STM32F4xx_HAL_Driver/Src/stm32f4xx_ll_usb.c.obj
                0x0800372c                USB_EP0_OutStart
 .text.USBD_CDC_SetTxBuffer
                0x0800378c       0x1c CMakeFiles/USB.elf.dir/Middlewares/ST/STM32_USB_Device_Library/Class/CDC/Src/usbd_cdc.c.obj
                0x0800378c                USBD_CDC_SetTxBuffer
 .text.USBD_CDC_TransmitPacket
                0x080037a8       0x3a CMakeFiles/USB.elf.dir/Middlewares/ST/STM32_USB_Device_Library/Class/CDC/Src/usbd_cdc.c.obj
                0x080037a8                USBD_CDC_TransmitPacket
 .text.USBD_SetClassConfig
                0x080037e2       0x12 CMakeFiles/USB.elf.dir/Middlewares/ST/STM32_USB_Device_Library/Core/Src/usbd_core.c.obj
                0x080037e2                USBD_SetClassConfig
 .text.USBD_ClrClassConfig
                0x080037f4       0x12 CMakeFiles/USB.elf.dir/Middlewares/ST/STM32_USB_Device_Library/Core/Src/usbd_core.c.obj
                0x080037f4                USBD_ClrClassConfig
 .text.USBD_LL_SetupStage
                0x08003806       0x58 CMakeFiles/USB.elf.dir/Middlewares/ST/STM32_USB_Device_Library/Core/Src/usbd_core.c.obj
                0x08003806                USBD_LL_SetupStage
 .text.USBD_LL_Reset
                0x0800385e       0x64 CMakeFiles/USB.elf.dir/Middlewares/ST/STM32_USB_Device_Library/Core/Src/usbd_core.c.obj
                0x0800385e                USBD_LL_Reset
 .text.USBD_LL_SetSpeed
                0x080038c2        0x6 CMakeFiles/USB.elf.dir/Middlewares/ST/STM32_USB_Device_Library/Core/Src/usbd_core.c.obj
                0x080038c2                USBD_LL_SetSpeed
 .text.USBD_LL_Suspend
                0x080038c8       0x14 CMakeFiles/USB.elf.dir/Middlewares/ST/STM32_USB_Device_Library/Core/Src/usbd_core.c.obj
                0x080038c8                USBD_LL_Suspend
 .text.USBD_LL_Resume
                0x080038dc       0x1a CMakeFiles/USB.elf.dir/Middlewares/ST/STM32_USB_Device_Library/Core/Src/usbd_core.c.obj
                0x080038dc                USBD_LL_Resume
 .text.USBD_LL_SOF
                0x080038f6       0x22 CMakeFiles/USB.elf.dir/Middlewares/ST/STM32_USB_Device_Library/Core/Src/usbd_core.c.obj
                0x080038f6                USBD_LL_SOF
 .text.USBD_LL_IsoINIncomplete
                0x08003918       0x2e CMakeFiles/USB.elf.dir/Middlewares/ST/STM32_USB_Device_Library/Core/Src/usbd_core.c.obj
                0x08003918                USBD_LL_IsoINIncomplete
 .text.USBD_LL_IsoOUTIncomplete
                0x08003946       0x2e CMakeFiles/USB.elf.dir/Middlewares/ST/STM32_USB_Device_Library/Core/Src/usbd_core.c.obj
                0x08003946                USBD_LL_IsoOUTIncomplete
 .text.USBD_LL_DevConnected
                0x08003974        0x4 CMakeFiles/USB.elf.dir/Middlewares/ST/STM32_USB_Device_Library/Core/Src/usbd_core.c.obj
                0x08003974                USBD_LL_DevConnected
 .text.USBD_LL_DevDisconnected
                0x08003978       0x20 CMakeFiles/USB.elf.dir/Middlewares/ST/STM32_USB_Device_Library/Core/Src/usbd_core.c.obj
                0x08003978                USBD_LL_DevDisconnected
 .text.USBD_CoreFindIF
                0x08003998        0x4 CMakeFiles/USB.elf.dir/Middlewares/ST/STM32_USB_Device_Library/Core/Src/usbd_core.c.obj
                0x08003998                USBD_CoreFindIF
 .text.USBD_CoreFindEP
                0x0800399c        0x4 CMakeFiles/USB.elf.dir/Middlewares/ST/STM32_USB_Device_Library/Core/Src/usbd_core.c.obj
                0x0800399c                USBD_CoreFindEP
 .text.USBD_LL_DataOutStage
                0x080039a0       0xc6 CMakeFiles/USB.elf.dir/Middlewares/ST/STM32_USB_Device_Library/Core/Src/usbd_core.c.obj
                0x080039a0                USBD_LL_DataOutStage
 .text.USBD_LL_DataInStage
                0x08003a66       0xd6 CMakeFiles/USB.elf.dir/Middlewares/ST/STM32_USB_Device_Library/Core/Src/usbd_core.c.obj
                0x08003a66                USBD_LL_DataInStage
 .text.USBD_ParseSetupRequest
                0x08003b3c       0x28 CMakeFiles/USB.elf.dir/Middlewares/ST/STM32_USB_Device_Library/Core/Src/usbd_ctlreq.c.obj
                0x08003b3c                USBD_ParseSetupRequest
 .text.USBD_CtlError
                0x08003b64       0x14 CMakeFiles/USB.elf.dir/Middlewares/ST/STM32_USB_Device_Library/Core/Src/usbd_ctlreq.c.obj
                0x08003b64                USBD_CtlError
 .text.USBD_GetDescriptor
                0x08003b78      0x18a CMakeFiles/USB.elf.dir/Middlewares/ST/STM32_USB_Device_Library/Core/Src/usbd_ctlreq.c.obj
 .text.USBD_SetAddress
                0x08003d02       0x50 CMakeFiles/USB.elf.dir/Middlewares/ST/STM32_USB_Device_Library/Core/Src/usbd_ctlreq.c.obj
 *fill*         0x08003d52        0x2 
 .text.USBD_SetConfig
                0x08003d54       0xcc CMakeFiles/USB.elf.dir/Middlewares/ST/STM32_USB_Device_Library/Core/Src/usbd_ctlreq.c.obj
 .text.USBD_GetConfig
                0x08003e20       0x40 CMakeFiles/USB.elf.dir/Middlewares/ST/STM32_USB_Device_Library/Core/Src/usbd_ctlreq.c.obj
 .text.USBD_GetStatus
                0x08003e60       0x38 CMakeFiles/USB.elf.dir/Middlewares/ST/STM32_USB_Device_Library/Core/Src/usbd_ctlreq.c.obj
 .text.USBD_SetFeature
                0x08003e98       0x2a CMakeFiles/USB.elf.dir/Middlewares/ST/STM32_USB_Device_Library/Core/Src/usbd_ctlreq.c.obj
 .text.USBD_ClrFeature
                0x08003ec2       0x26 CMakeFiles/USB.elf.dir/Middlewares/ST/STM32_USB_Device_Library/Core/Src/usbd_ctlreq.c.obj
 .text.USBD_StdDevReq
                0x08003ee8       0x76 CMakeFiles/USB.elf.dir/Middlewares/ST/STM32_USB_Device_Library/Core/Src/usbd_ctlreq.c.obj
                0x08003ee8                USBD_StdDevReq
 .text.USBD_StdItfReq
                0x08003f5e       0x84 CMakeFiles/USB.elf.dir/Middlewares/ST/STM32_USB_Device_Library/Core/Src/usbd_ctlreq.c.obj
                0x08003f5e                USBD_StdItfReq
 .text.USBD_StdEPReq
                0x08003fe2      0x230 CMakeFiles/USB.elf.dir/Middlewares/ST/STM32_USB_Device_Library/Core/Src/usbd_ctlreq.c.obj
                0x08003fe2                USBD_StdEPReq
 .text.USBD_CtlSendData
                0x08004212       0x1a CMakeFiles/USB.elf.dir/Middlewares/ST/STM32_USB_Device_Library/Core/Src/usbd_ioreq.c.obj
                0x08004212                USBD_CtlSendData
 .text.USBD_CtlContinueSendData
                0x0800422c       0x10 CMakeFiles/USB.elf.dir/Middlewares/ST/STM32_USB_Device_Library/Core/Src/usbd_ioreq.c.obj
                0x0800422c                USBD_CtlContinueSendData
 .text.USBD_CtlContinueRx
                0x0800423c       0x10 CMakeFiles/USB.elf.dir/Middlewares/ST/STM32_USB_Device_Library/Core/Src/usbd_ioreq.c.obj
                0x0800423c                USBD_CtlContinueRx
 .text.USBD_CtlSendStatus
                0x0800424c       0x16 CMakeFiles/USB.elf.dir/Middlewares/ST/STM32_USB_Device_Library/Core/Src/usbd_ioreq.c.obj
                0x0800424c                USBD_CtlSendStatus
 .text.USBD_CtlReceiveStatus
                0x08004262       0x16 CMakeFiles/USB.elf.dir/Middlewares/ST/STM32_USB_Device_Library/Core/Src/usbd_ioreq.c.obj
                0x08004262                USBD_CtlReceiveStatus
 .text.SysTick_Handler
                0x08004278       0x18 CMakeFiles/USB.elf.dir/Middlewares/Third_Party/FreeRTOS/Source/CMSIS_RTOS_V2/cmsis_os2.c.obj
                0x08004278                SysTick_Handler
 .text.osKernelInitialize
                0x08004290       0x24 CMakeFiles/USB.elf.dir/Middlewares/Third_Party/FreeRTOS/Source/CMSIS_RTOS_V2/cmsis_os2.c.obj
                0x08004290                osKernelInitialize
 .text.osKernelStart
                0x080042b4       0x38 CMakeFiles/USB.elf.dir/Middlewares/Third_Party/FreeRTOS/Source/CMSIS_RTOS_V2/cmsis_os2.c.obj
                0x080042b4                osKernelStart
 .text.osThreadNew
                0x080042ec       0xbe CMakeFiles/USB.elf.dir/Middlewares/Third_Party/FreeRTOS/Source/CMSIS_RTOS_V2/cmsis_os2.c.obj
                0x080042ec                osThreadNew
 .text.osThreadSuspend
                0x080043aa       0x1e CMakeFiles/USB.elf.dir/Middlewares/Third_Party/FreeRTOS/Source/CMSIS_RTOS_V2/cmsis_os2.c.obj
                0x080043aa                osThreadSuspend
 .text.osThreadResume
                0x080043c8       0x1e CMakeFiles/USB.elf.dir/Middlewares/Third_Party/FreeRTOS/Source/CMSIS_RTOS_V2/cmsis_os2.c.obj
                0x080043c8                osThreadResume
 .text.osDelay  0x080043e6       0x1c CMakeFiles/USB.elf.dir/Middlewares/Third_Party/FreeRTOS/Source/CMSIS_RTOS_V2/cmsis_os2.c.obj
                0x080043e6                osDelay
 *fill*         0x08004402        0x2 
 .text.vApplicationGetIdleTaskMemory
                0x08004404       0x18 CMakeFiles/USB.elf.dir/Middlewares/Third_Party/FreeRTOS/Source/CMSIS_RTOS_V2/cmsis_os2.c.obj
                0x08004404                vApplicationGetIdleTaskMemory
 .text.vApplicationGetTimerTaskMemory
                0x0800441c       0x18 CMakeFiles/USB.elf.dir/Middlewares/Third_Party/FreeRTOS/Source/CMSIS_RTOS_V2/cmsis_os2.c.obj
                0x0800441c                vApplicationGetTimerTaskMemory
 .text.vListInitialise
                0x08004434       0x16 CMakeFiles/USB.elf.dir/Middlewares/Third_Party/FreeRTOS/Source/list.c.obj
                0x08004434                vListInitialise
 .text.vListInitialiseItem
                0x0800444a        0x6 CMakeFiles/USB.elf.dir/Middlewares/Third_Party/FreeRTOS/Source/list.c.obj
                0x0800444a                vListInitialiseItem
 .text.vListInsertEnd
                0x08004450       0x16 CMakeFiles/USB.elf.dir/Middlewares/Third_Party/FreeRTOS/Source/list.c.obj
                0x08004450                vListInsertEnd
 .text.vListInsert
                0x08004466       0x32 CMakeFiles/USB.elf.dir/Middlewares/Third_Party/FreeRTOS/Source/list.c.obj
                0x08004466                vListInsert
 .text.uxListRemove
                0x08004498       0x26 CMakeFiles/USB.elf.dir/Middlewares/Third_Party/FreeRTOS/Source/list.c.obj
                0x08004498                uxListRemove
 *fill*         0x080044be        0x2 
 .text.prvTaskExitError
                0x080044c0       0x40 CMakeFiles/USB.elf.dir/Middlewares/Third_Party/FreeRTOS/Source/portable/GCC/ARM_CM4F/port.c.obj
 .text.prvPortStartFirstTask
                0x08004500       0x28 CMakeFiles/USB.elf.dir/Middlewares/Third_Party/FreeRTOS/Source/portable/GCC/ARM_CM4F/port.c.obj
 .text.vPortEnableVFP
                0x08004528       0x14 CMakeFiles/USB.elf.dir/Middlewares/Third_Party/FreeRTOS/Source/portable/GCC/ARM_CM4F/port.c.obj
 .text.pxPortInitialiseStack
                0x0800453c       0x2c CMakeFiles/USB.elf.dir/Middlewares/Third_Party/FreeRTOS/Source/portable/GCC/ARM_CM4F/port.c.obj
                0x0800453c                pxPortInitialiseStack
 *fill*         0x08004568        0x8 
 .text.SVC_Handler
                0x08004570       0x24 CMakeFiles/USB.elf.dir/Middlewares/Third_Party/FreeRTOS/Source/portable/GCC/ARM_CM4F/port.c.obj
                0x08004570                SVC_Handler
 .text.vPortEnterCritical
                0x08004594       0x44 CMakeFiles/USB.elf.dir/Middlewares/Third_Party/FreeRTOS/Source/portable/GCC/ARM_CM4F/port.c.obj
                0x08004594                vPortEnterCritical
 .text.vPortExitCritical
                0x080045d8       0x2c CMakeFiles/USB.elf.dir/Middlewares/Third_Party/FreeRTOS/Source/portable/GCC/ARM_CM4F/port.c.obj
                0x080045d8                vPortExitCritical
 *fill*         0x08004604        0xc 
 .text.PendSV_Handler
                0x08004610       0x64 CMakeFiles/USB.elf.dir/Middlewares/Third_Party/FreeRTOS/Source/portable/GCC/ARM_CM4F/port.c.obj
                0x08004610                PendSV_Handler
 .text.xPortSysTickHandler
                0x08004674       0x2c CMakeFiles/USB.elf.dir/Middlewares/Third_Party/FreeRTOS/Source/portable/GCC/ARM_CM4F/port.c.obj
                0x08004674                xPortSysTickHandler
 .text.vPortSetupTimerInterrupt
                0x080046a0       0x28 CMakeFiles/USB.elf.dir/Middlewares/Third_Party/FreeRTOS/Source/portable/GCC/ARM_CM4F/port.c.obj
                0x080046a0                vPortSetupTimerInterrupt
 .text.xPortStartScheduler
                0x080046c8      0x118 CMakeFiles/USB.elf.dir/Middlewares/Third_Party/FreeRTOS/Source/portable/GCC/ARM_CM4F/port.c.obj
                0x080046c8                xPortStartScheduler
 .text.vPortValidateInterruptPriority
                0x080047e0       0x5c CMakeFiles/USB.elf.dir/Middlewares/Third_Party/FreeRTOS/Source/portable/GCC/ARM_CM4F/port.c.obj
                0x080047e0                vPortValidateInterruptPriority
 .text.prvHeapInit
                0x0800483c       0x64 CMakeFiles/USB.elf.dir/Middlewares/Third_Party/FreeRTOS/Source/portable/MemMang/heap_4.c.obj
 .text.prvInsertBlockIntoFreeList
                0x080048a0       0x64 CMakeFiles/USB.elf.dir/Middlewares/Third_Party/FreeRTOS/Source/portable/MemMang/heap_4.c.obj
 .text.pvPortMalloc
                0x08004904       0xfc CMakeFiles/USB.elf.dir/Middlewares/Third_Party/FreeRTOS/Source/portable/MemMang/heap_4.c.obj
                0x08004904                pvPortMalloc
 .text.vPortFree
                0x08004a00       0x7c CMakeFiles/USB.elf.dir/Middlewares/Third_Party/FreeRTOS/Source/portable/MemMang/heap_4.c.obj
                0x08004a00                vPortFree
 .text.prvIsQueueFull
                0x08004a7c       0x1e CMakeFiles/USB.elf.dir/Middlewares/Third_Party/FreeRTOS/Source/queue.c.obj
 .text.prvIsQueueEmpty
                0x08004a9a       0x1a CMakeFiles/USB.elf.dir/Middlewares/Third_Party/FreeRTOS/Source/queue.c.obj
 .text.prvCopyDataToQueue
                0x08004ab4       0x76 CMakeFiles/USB.elf.dir/Middlewares/Third_Party/FreeRTOS/Source/queue.c.obj
 .text.prvCopyDataFromQueue
                0x08004b2a       0x24 CMakeFiles/USB.elf.dir/Middlewares/Third_Party/FreeRTOS/Source/queue.c.obj
 .text.prvUnlockQueue
                0x08004b4e       0x6e CMakeFiles/USB.elf.dir/Middlewares/Third_Party/FreeRTOS/Source/queue.c.obj
 .text.xQueueGenericReset
                0x08004bbc       0x84 CMakeFiles/USB.elf.dir/Middlewares/Third_Party/FreeRTOS/Source/queue.c.obj
                0x08004bbc                xQueueGenericReset
 .text.prvInitialiseNewQueue
                0x08004c40       0x22 CMakeFiles/USB.elf.dir/Middlewares/Third_Party/FreeRTOS/Source/queue.c.obj
 .text.xQueueGenericCreateStatic
                0x08004c62       0x94 CMakeFiles/USB.elf.dir/Middlewares/Third_Party/FreeRTOS/Source/queue.c.obj
                0x08004c62                xQueueGenericCreateStatic
 .text.xQueueGenericSend
                0x08004cf6      0x188 CMakeFiles/USB.elf.dir/Middlewares/Third_Party/FreeRTOS/Source/queue.c.obj
                0x08004cf6                xQueueGenericSend
 .text.xQueueGenericSendFromISR
                0x08004e7e       0xce CMakeFiles/USB.elf.dir/Middlewares/Third_Party/FreeRTOS/Source/queue.c.obj
                0x08004e7e                xQueueGenericSendFromISR
 .text.xQueueReceive
                0x08004f4c      0x15e CMakeFiles/USB.elf.dir/Middlewares/Third_Party/FreeRTOS/Source/queue.c.obj
                0x08004f4c                xQueueReceive
 *fill*         0x080050aa        0x2 
 .text.vQueueAddToRegistry
                0x080050ac       0x28 CMakeFiles/USB.elf.dir/Middlewares/Third_Party/FreeRTOS/Source/queue.c.obj
                0x080050ac                vQueueAddToRegistry
 .text.vQueueWaitForMessageRestricted
                0x080050d4       0x52 CMakeFiles/USB.elf.dir/Middlewares/Third_Party/FreeRTOS/Source/queue.c.obj
                0x080050d4                vQueueWaitForMessageRestricted
 *fill*         0x08005126        0x2 
 .text.prvTaskIsTaskSuspended
                0x08005128       0x40 CMakeFiles/USB.elf.dir/Middlewares/Third_Party/FreeRTOS/Source/tasks.c.obj
 .text.prvResetNextTaskUnblockTime
                0x08005168       0x2c CMakeFiles/USB.elf.dir/Middlewares/Third_Party/FreeRTOS/Source/tasks.c.obj
 .text.prvInitialiseNewTask
                0x08005194      0x106 CMakeFiles/USB.elf.dir/Middlewares/Third_Party/FreeRTOS/Source/tasks.c.obj
 *fill*         0x0800529a        0x2 
 .text.prvInitialiseTaskLists
                0x0800529c       0x68 CMakeFiles/USB.elf.dir/Middlewares/Third_Party/FreeRTOS/Source/tasks.c.obj
 .text.prvAddNewTaskToReadyList
                0x08005304       0xac CMakeFiles/USB.elf.dir/Middlewares/Third_Party/FreeRTOS/Source/tasks.c.obj
 .text.prvDeleteTCB
                0x080053b0       0x40 CMakeFiles/USB.elf.dir/Middlewares/Third_Party/FreeRTOS/Source/tasks.c.obj
 .text.prvCheckTasksWaitingTermination
                0x080053f0       0x4c CMakeFiles/USB.elf.dir/Middlewares/Third_Party/FreeRTOS/Source/tasks.c.obj
 .text.prvIdleTask
                0x0800543c       0x28 CMakeFiles/USB.elf.dir/Middlewares/Third_Party/FreeRTOS/Source/tasks.c.obj
 .text.prvAddCurrentTaskToDelayedList
                0x08005464       0x7c CMakeFiles/USB.elf.dir/Middlewares/Third_Party/FreeRTOS/Source/tasks.c.obj
 .text.xTaskCreateStatic
                0x080054e0       0x7a CMakeFiles/USB.elf.dir/Middlewares/Third_Party/FreeRTOS/Source/tasks.c.obj
                0x080054e0                xTaskCreateStatic
 .text.xTaskCreate
                0x0800555a       0x6a CMakeFiles/USB.elf.dir/Middlewares/Third_Party/FreeRTOS/Source/tasks.c.obj
                0x0800555a                xTaskCreate
 .text.vTaskResume
                0x080055c4       0x88 CMakeFiles/USB.elf.dir/Middlewares/Third_Party/FreeRTOS/Source/tasks.c.obj
                0x080055c4                vTaskResume
 .text.vTaskStartScheduler
                0x0800564c       0xac CMakeFiles/USB.elf.dir/Middlewares/Third_Party/FreeRTOS/Source/tasks.c.obj
                0x0800564c                vTaskStartScheduler
 .text.vTaskSuspendAll
                0x080056f8       0x10 CMakeFiles/USB.elf.dir/Middlewares/Third_Party/FreeRTOS/Source/tasks.c.obj
                0x080056f8                vTaskSuspendAll
 .text.xTaskGetTickCount
                0x08005708        0xc CMakeFiles/USB.elf.dir/Middlewares/Third_Party/FreeRTOS/Source/tasks.c.obj
                0x08005708                xTaskGetTickCount
 .text.xTaskIncrementTick
                0x08005714      0x118 CMakeFiles/USB.elf.dir/Middlewares/Third_Party/FreeRTOS/Source/tasks.c.obj
                0x08005714                xTaskIncrementTick
 .text.xTaskResumeAll
                0x0800582c       0xf8 CMakeFiles/USB.elf.dir/Middlewares/Third_Party/FreeRTOS/Source/tasks.c.obj
                0x0800582c                xTaskResumeAll
 .text.vTaskDelay
                0x08005924       0x4c CMakeFiles/USB.elf.dir/Middlewares/Third_Party/FreeRTOS/Source/tasks.c.obj
                0x08005924                vTaskDelay
 .text.vTaskSwitchContext
                0x08005970       0xa0 CMakeFiles/USB.elf.dir/Middlewares/Third_Party/FreeRTOS/Source/tasks.c.obj
                0x08005970                vTaskSwitchContext
 .text.vTaskSuspend
                0x08005a10       0xc4 CMakeFiles/USB.elf.dir/Middlewares/Third_Party/FreeRTOS/Source/tasks.c.obj
                0x08005a10                vTaskSuspend
 .text.vTaskPlaceOnEventList
                0x08005ad4       0x30 CMakeFiles/USB.elf.dir/Middlewares/Third_Party/FreeRTOS/Source/tasks.c.obj
                0x08005ad4                vTaskPlaceOnEventList
 .text.vTaskPlaceOnEventListRestricted
                0x08005b04       0x38 CMakeFiles/USB.elf.dir/Middlewares/Third_Party/FreeRTOS/Source/tasks.c.obj
                0x08005b04                vTaskPlaceOnEventListRestricted
 .text.xTaskRemoveFromEventList
                0x08005b3c       0x8c CMakeFiles/USB.elf.dir/Middlewares/Third_Party/FreeRTOS/Source/tasks.c.obj
                0x08005b3c                xTaskRemoveFromEventList
 .text.vTaskInternalSetTimeOutState
                0x08005bc8       0x18 CMakeFiles/USB.elf.dir/Middlewares/Third_Party/FreeRTOS/Source/tasks.c.obj
                0x08005bc8                vTaskInternalSetTimeOutState
 .text.xTaskCheckForTimeOut
                0x08005be0       0x84 CMakeFiles/USB.elf.dir/Middlewares/Third_Party/FreeRTOS/Source/tasks.c.obj
                0x08005be0                xTaskCheckForTimeOut
 .text.vTaskMissedYield
                0x08005c64        0xc CMakeFiles/USB.elf.dir/Middlewares/Third_Party/FreeRTOS/Source/tasks.c.obj
                0x08005c64                vTaskMissedYield
 .text.xTaskGetSchedulerState
                0x08005c70       0x20 CMakeFiles/USB.elf.dir/Middlewares/Third_Party/FreeRTOS/Source/tasks.c.obj
                0x08005c70                xTaskGetSchedulerState
 .text.xTaskPriorityDisinherit
                0x08005c90       0x90 CMakeFiles/USB.elf.dir/Middlewares/Third_Party/FreeRTOS/Source/tasks.c.obj
                0x08005c90                xTaskPriorityDisinherit
 .text.prvGetNextExpireTime
                0x08005d20       0x20 CMakeFiles/USB.elf.dir/Middlewares/Third_Party/FreeRTOS/Source/timers.c.obj
 .text.prvInsertTimerInActiveList
                0x08005d40       0x48 CMakeFiles/USB.elf.dir/Middlewares/Third_Party/FreeRTOS/Source/timers.c.obj
 .text.prvCheckForValidListAndQueue
                0x08005d88       0x70 CMakeFiles/USB.elf.dir/Middlewares/Third_Party/FreeRTOS/Source/timers.c.obj
 .text.xTimerCreateTimerTask
                0x08005df8       0x64 CMakeFiles/USB.elf.dir/Middlewares/Third_Party/FreeRTOS/Source/timers.c.obj
                0x08005df8                xTimerCreateTimerTask
 .text.xTimerGenericCommand
                0x08005e5c       0x6c CMakeFiles/USB.elf.dir/Middlewares/Third_Party/FreeRTOS/Source/timers.c.obj
                0x08005e5c                xTimerGenericCommand
 .text.prvSwitchTimerLists
                0x08005ec8       0x7c CMakeFiles/USB.elf.dir/Middlewares/Third_Party/FreeRTOS/Source/timers.c.obj
 .text.prvSampleTimeNow
                0x08005f44       0x2c CMakeFiles/USB.elf.dir/Middlewares/Third_Party/FreeRTOS/Source/timers.c.obj
 .text.prvProcessExpiredTimer
                0x08005f70       0x6c CMakeFiles/USB.elf.dir/Middlewares/Third_Party/FreeRTOS/Source/timers.c.obj
 .text.prvProcessTimerOrBlockTask
                0x08005fdc       0x74 CMakeFiles/USB.elf.dir/Middlewares/Third_Party/FreeRTOS/Source/timers.c.obj
 .text.prvProcessReceivedCommands
                0x08006050      0x10c CMakeFiles/USB.elf.dir/Middlewares/Third_Party/FreeRTOS/Source/timers.c.obj
 .text.prvTimerTask
                0x0800615c       0x16 CMakeFiles/USB.elf.dir/Middlewares/Third_Party/FreeRTOS/Source/timers.c.obj
 *fill*         0x08006172        0x2 
 .text.CDC_Transmit_FS
                0x08006174       0x2c CMakeFiles/USB.elf.dir/USB_DEVICE/App/usbd_cdc_if.c.obj
                0x08006174                CDC_Transmit_FS
 .text.HAL_PCD_SetupStageCallback
                0x080061a0       0x10 CMakeFiles/USB.elf.dir/USB_DEVICE/Target/usbd_conf.c.obj
                0x080061a0                HAL_PCD_SetupStageCallback
 .text.HAL_PCD_DataOutStageCallback
                0x080061b0       0x18 CMakeFiles/USB.elf.dir/USB_DEVICE/Target/usbd_conf.c.obj
                0x080061b0                HAL_PCD_DataOutStageCallback
 .text.HAL_PCD_DataInStageCallback
                0x080061c8       0x16 CMakeFiles/USB.elf.dir/USB_DEVICE/Target/usbd_conf.c.obj
                0x080061c8                HAL_PCD_DataInStageCallback
 .text.HAL_PCD_SOFCallback
                0x080061de        0xc CMakeFiles/USB.elf.dir/USB_DEVICE/Target/usbd_conf.c.obj
                0x080061de                HAL_PCD_SOFCallback
 .text.HAL_PCD_ResetCallback
                0x080061ea       0x24 CMakeFiles/USB.elf.dir/USB_DEVICE/Target/usbd_conf.c.obj
                0x080061ea                HAL_PCD_ResetCallback
 *fill*         0x0800620e        0x2 
 .text.HAL_PCD_SuspendCallback
                0x08006210       0x30 CMakeFiles/USB.elf.dir/USB_DEVICE/Target/usbd_conf.c.obj
                0x08006210                HAL_PCD_SuspendCallback
 .text.HAL_PCD_ResumeCallback
                0x08006240        0xc CMakeFiles/USB.elf.dir/USB_DEVICE/Target/usbd_conf.c.obj
                0x08006240                HAL_PCD_ResumeCallback
 .text.HAL_PCD_ISOOUTIncompleteCallback
                0x0800624c        0xc CMakeFiles/USB.elf.dir/USB_DEVICE/Target/usbd_conf.c.obj
                0x0800624c                HAL_PCD_ISOOUTIncompleteCallback
 .text.HAL_PCD_ISOINIncompleteCallback
                0x08006258        0xc CMakeFiles/USB.elf.dir/USB_DEVICE/Target/usbd_conf.c.obj
                0x08006258                HAL_PCD_ISOINIncompleteCallback
 .text.HAL_PCD_ConnectCallback
                0x08006264        0xc CMakeFiles/USB.elf.dir/USB_DEVICE/Target/usbd_conf.c.obj
                0x08006264                HAL_PCD_ConnectCallback
 .text.HAL_PCD_DisconnectCallback
                0x08006270        0xc CMakeFiles/USB.elf.dir/USB_DEVICE/Target/usbd_conf.c.obj
                0x08006270                HAL_PCD_DisconnectCallback
 .text.USBD_LL_IsStallEP
                0x0800627c       0x2e CMakeFiles/USB.elf.dir/USB_DEVICE/Target/usbd_conf.c.obj
                0x0800627c                USBD_LL_IsStallEP
 .text.USBD_Get_USB_Status
                0x080062aa       0x14 CMakeFiles/USB.elf.dir/USB_DEVICE/Target/usbd_conf.c.obj
                0x080062aa                USBD_Get_USB_Status
 .text.USBD_LL_OpenEP
                0x080062be       0x16 CMakeFiles/USB.elf.dir/USB_DEVICE/Target/usbd_conf.c.obj
                0x080062be                USBD_LL_OpenEP
 .text.USBD_LL_StallEP
                0x080062d4       0x10 CMakeFiles/USB.elf.dir/USB_DEVICE/Target/usbd_conf.c.obj
                0x080062d4                USBD_LL_StallEP
 .text.USBD_LL_ClearStallEP
                0x080062e4       0x10 CMakeFiles/USB.elf.dir/USB_DEVICE/Target/usbd_conf.c.obj
                0x080062e4                USBD_LL_ClearStallEP
 .text.USBD_LL_SetUSBAddress
                0x080062f4       0x10 CMakeFiles/USB.elf.dir/USB_DEVICE/Target/usbd_conf.c.obj
                0x080062f4                USBD_LL_SetUSBAddress
 .text.USBD_LL_Transmit
                0x08006304       0x10 CMakeFiles/USB.elf.dir/USB_DEVICE/Target/usbd_conf.c.obj
                0x08006304                USBD_LL_Transmit
 .text.USBD_LL_PrepareReceive
                0x08006314       0x10 CMakeFiles/USB.elf.dir/USB_DEVICE/Target/usbd_conf.c.obj
                0x08006314                USBD_LL_PrepareReceive
 .text.__errno  0x08006324        0xc c:/progra~2/gnuarm~1/102021~1.10/bin/../lib/gcc/arm-none-eabi/10.3.1/../../../../arm-none-eabi/lib/thumb/v7e-m+fp/hard\libg.a(lib_a-errno.o)
                0x08006324                __errno
 .text.__libc_init_array
                0x08006330       0x48 c:/progra~2/gnuarm~1/102021~1.10/bin/../lib/gcc/arm-none-eabi/10.3.1/../../../../arm-none-eabi/lib/thumb/v7e-m+fp/hard\libg.a(lib_a-init.o)
                0x08006330                __libc_init_array
 .text.memset   0x08006378       0xa4 c:/progra~2/gnuarm~1/102021~1.10/bin/../lib/gcc/arm-none-eabi/10.3.1/../../../../arm-none-eabi/lib/thumb/v7e-m+fp/hard\libg.a(lib_a-memset.o)
                0x08006378                memset
 .text.printf   0x0800641c       0x28 c:/progra~2/gnuarm~1/102021~1.10/bin/../lib/gcc/arm-none-eabi/10.3.1/../../../../arm-none-eabi/lib/thumb/v7e-m+fp/hard\libg.a(lib_a-printf.o)
                0x0800641c                printf
 .text._puts_r  0x08006444       0x9c c:/progra~2/gnuarm~1/102021~1.10/bin/../lib/gcc/arm-none-eabi/10.3.1/../../../../arm-none-eabi/lib/thumb/v7e-m+fp/hard\libg.a(lib_a-puts.o)
                0x08006444                _puts_r
 .text.puts     0x080064e0       0x10 c:/progra~2/gnuarm~1/102021~1.10/bin/../lib/gcc/arm-none-eabi/10.3.1/../../../../arm-none-eabi/lib/thumb/v7e-m+fp/hard\libg.a(lib_a-puts.o)
                0x080064e0                puts
 .text.cleanup_glue
                0x080064f0       0x48 c:/progra~2/gnuarm~1/102021~1.10/bin/../lib/gcc/arm-none-eabi/10.3.1/../../../../arm-none-eabi/lib/thumb/v7e-m+fp/hard\libg.a(lib_a-reent.o)
                0x080064f0                cleanup_glue
 .text._reclaim_reent
                0x08006538       0x90 c:/progra~2/gnuarm~1/102021~1.10/bin/../lib/gcc/arm-none-eabi/10.3.1/../../../../arm-none-eabi/lib/thumb/v7e-m+fp/hard\libg.a(lib_a-reent.o)
                0x08006538                _reclaim_reent
 .text.sprintf  0x080065c8       0x40 c:/progra~2/gnuarm~1/102021~1.10/bin/../lib/gcc/arm-none-eabi/10.3.1/../../../../arm-none-eabi/lib/thumb/v7e-m+fp/hard\libg.a(lib_a-sprintf.o)
                0x080065c8                sprintf
 .text._svfprintf_r
                0x08006608     0x1acc c:/progra~2/gnuarm~1/102021~1.10/bin/../lib/gcc/arm-none-eabi/10.3.1/../../../../arm-none-eabi/lib/thumb/v7e-m+fp/hard\libg.a(lib_a-svfprintf.o)
                0x08006608                _svfprintf_r
 *fill*         0x080080d4        0x4 
 .text._vfprintf_r
                0x080080d8     0x1b90 c:/progra~2/gnuarm~1/102021~1.10/bin/../lib/gcc/arm-none-eabi/10.3.1/../../../../arm-none-eabi/lib/thumb/v7e-m+fp/hard\libg.a(lib_a-vfprintf.o)
                0x080080d8                _vfprintf_r
 .text.__sbprintf
                0x08009c68       0x80 c:/progra~2/gnuarm~1/102021~1.10/bin/../lib/gcc/arm-none-eabi/10.3.1/../../../../arm-none-eabi/lib/thumb/v7e-m+fp/hard\libg.a(lib_a-vfprintf.o)
 .text.__swsetup_r
                0x08009ce8       0xd4 c:/progra~2/gnuarm~1/102021~1.10/bin/../lib/gcc/arm-none-eabi/10.3.1/../../../../arm-none-eabi/lib/thumb/v7e-m+fp/hard\libg.a(lib_a-wsetup.o)
                0x08009ce8                __swsetup_r
 .text.startup.register_fini
                0x08009dbc       0x14 c:/progra~2/gnuarm~1/102021~1.10/bin/../lib/gcc/arm-none-eabi/10.3.1/../../../../arm-none-eabi/lib/thumb/v7e-m+fp/hard\libg.a(lib_a-__call_atexit.o)
 .text.atexit   0x08009dd0        0xc c:/progra~2/gnuarm~1/102021~1.10/bin/../lib/gcc/arm-none-eabi/10.3.1/../../../../arm-none-eabi/lib/thumb/v7e-m+fp/hard\libg.a(lib_a-atexit.o)
                0x08009dd0                atexit
 .text.quorem   0x08009ddc      0x128 c:/progra~2/gnuarm~1/102021~1.10/bin/../lib/gcc/arm-none-eabi/10.3.1/../../../../arm-none-eabi/lib/thumb/v7e-m+fp/hard\libg.a(lib_a-dtoa.o)
 *fill*         0x08009f04        0x4 
 .text._dtoa_r  0x08009f08      0xf3c c:/progra~2/gnuarm~1/102021~1.10/bin/../lib/gcc/arm-none-eabi/10.3.1/../../../../arm-none-eabi/lib/thumb/v7e-m+fp/hard\libg.a(lib_a-dtoa.o)
                0x08009f08                _dtoa_r
 .text.__sflush_r
                0x0800ae44      0x130 c:/progra~2/gnuarm~1/102021~1.10/bin/../lib/gcc/arm-none-eabi/10.3.1/../../../../arm-none-eabi/lib/thumb/v7e-m+fp/hard\libg.a(lib_a-fflush.o)
                0x0800ae44                __sflush_r
 .text._fflush_r
                0x0800af74       0x5c c:/progra~2/gnuarm~1/102021~1.10/bin/../lib/gcc/arm-none-eabi/10.3.1/../../../../arm-none-eabi/lib/thumb/v7e-m+fp/hard\libg.a(lib_a-fflush.o)
                0x0800af74                _fflush_r
 .text._cleanup_r
                0x0800afd0        0xc c:/progra~2/gnuarm~1/102021~1.10/bin/../lib/gcc/arm-none-eabi/10.3.1/../../../../arm-none-eabi/lib/thumb/v7e-m+fp/hard\libg.a(lib_a-findfp.o)
                0x0800afd0                _cleanup_r
 .text.__sinit  0x0800afdc      0x10c c:/progra~2/gnuarm~1/102021~1.10/bin/../lib/gcc/arm-none-eabi/10.3.1/../../../../arm-none-eabi/lib/thumb/v7e-m+fp/hard\libg.a(lib_a-findfp.o)
                0x0800afdc                __sinit
 .text.__sfp_lock_acquire
                0x0800b0e8        0xc c:/progra~2/gnuarm~1/102021~1.10/bin/../lib/gcc/arm-none-eabi/10.3.1/../../../../arm-none-eabi/lib/thumb/v7e-m+fp/hard\libg.a(lib_a-findfp.o)
                0x0800b0e8                __sfp_lock_acquire
 .text.__sfp_lock_release
                0x0800b0f4        0xc c:/progra~2/gnuarm~1/102021~1.10/bin/../lib/gcc/arm-none-eabi/10.3.1/../../../../arm-none-eabi/lib/thumb/v7e-m+fp/hard\libg.a(lib_a-findfp.o)
                0x0800b0f4                __sfp_lock_release
 .text.__libc_fini_array
                0x0800b100       0x2c c:/progra~2/gnuarm~1/102021~1.10/bin/../lib/gcc/arm-none-eabi/10.3.1/../../../../arm-none-eabi/lib/thumb/v7e-m+fp/hard\libg.a(lib_a-fini.o)
                0x0800b100                __libc_fini_array
 .text._malloc_trim_r
                0x0800b12c       0xa0 c:/progra~2/gnuarm~1/102021~1.10/bin/../lib/gcc/arm-none-eabi/10.3.1/../../../../arm-none-eabi/lib/thumb/v7e-m+fp/hard\libg.a(lib_a-freer.o)
                0x0800b12c                _malloc_trim_r
 .text._free_r  0x0800b1cc      0x20c c:/progra~2/gnuarm~1/102021~1.10/bin/../lib/gcc/arm-none-eabi/10.3.1/../../../../arm-none-eabi/lib/thumb/v7e-m+fp/hard\libg.a(lib_a-freer.o)
                0x0800b1cc                _free_r
 .text.__sfvwrite_r
                0x0800b3d8      0x2f0 c:/progra~2/gnuarm~1/102021~1.10/bin/../lib/gcc/arm-none-eabi/10.3.1/../../../../arm-none-eabi/lib/thumb/v7e-m+fp/hard\libg.a(lib_a-fvwrite.o)
                0x0800b3d8                __sfvwrite_r
 .text._fwalk_reent
                0x0800b6c8       0x48 c:/progra~2/gnuarm~1/102021~1.10/bin/../lib/gcc/arm-none-eabi/10.3.1/../../../../arm-none-eabi/lib/thumb/v7e-m+fp/hard\libg.a(lib_a-fwalk.o)
                0x0800b6c8                _fwalk_reent
 .text._localeconv_r
                0x0800b710        0x8 c:/progra~2/gnuarm~1/102021~1.10/bin/../lib/gcc/arm-none-eabi/10.3.1/../../../../arm-none-eabi/lib/thumb/v7e-m+fp/hard\libg.a(lib_a-localeconv.o)
                0x0800b710                _localeconv_r
 .text.__retarget_lock_init_recursive
                0x0800b718        0x4 c:/progra~2/gnuarm~1/102021~1.10/bin/../lib/gcc/arm-none-eabi/10.3.1/../../../../arm-none-eabi/lib/thumb/v7e-m+fp/hard\libg.a(lib_a-lock.o)
                0x0800b718                __retarget_lock_init_recursive
 .text.__retarget_lock_close_recursive
                0x0800b71c        0x4 c:/progra~2/gnuarm~1/102021~1.10/bin/../lib/gcc/arm-none-eabi/10.3.1/../../../../arm-none-eabi/lib/thumb/v7e-m+fp/hard\libg.a(lib_a-lock.o)
                0x0800b71c                __retarget_lock_close_recursive
 .text.__retarget_lock_acquire_recursive
                0x0800b720        0x4 c:/progra~2/gnuarm~1/102021~1.10/bin/../lib/gcc/arm-none-eabi/10.3.1/../../../../arm-none-eabi/lib/thumb/v7e-m+fp/hard\libg.a(lib_a-lock.o)
                0x0800b720                __retarget_lock_acquire_recursive
 .text.__retarget_lock_release_recursive
                0x0800b724        0x4 c:/progra~2/gnuarm~1/102021~1.10/bin/../lib/gcc/arm-none-eabi/10.3.1/../../../../arm-none-eabi/lib/thumb/v7e-m+fp/hard\libg.a(lib_a-lock.o)
                0x0800b724                __retarget_lock_release_recursive
 .text.__smakebuf_r
                0x0800b728       0xe0 c:/progra~2/gnuarm~1/102021~1.10/bin/../lib/gcc/arm-none-eabi/10.3.1/../../../../arm-none-eabi/lib/thumb/v7e-m+fp/hard\libg.a(lib_a-makebuf.o)
                0x0800b728                __smakebuf_r
 .text._malloc_r
                0x0800b808      0x560 c:/progra~2/gnuarm~1/102021~1.10/bin/../lib/gcc/arm-none-eabi/10.3.1/../../../../arm-none-eabi/lib/thumb/v7e-m+fp/hard\libg.a(lib_a-mallocr.o)
                0x0800b808                _malloc_r
 .text.memmove  0x0800bd68       0xf8 c:/progra~2/gnuarm~1/102021~1.10/bin/../lib/gcc/arm-none-eabi/10.3.1/../../../../arm-none-eabi/lib/thumb/v7e-m+fp/hard\libg.a(lib_a-memmove.o)
                0x0800bd68                memmove
 .text.__malloc_lock
                0x0800be60        0xc c:/progra~2/gnuarm~1/102021~1.10/bin/../lib/gcc/arm-none-eabi/10.3.1/../../../../arm-none-eabi/lib/thumb/v7e-m+fp/hard\libg.a(lib_a-mlock.o)
                0x0800be60                __malloc_lock
 .text.__malloc_unlock
                0x0800be6c        0xc c:/progra~2/gnuarm~1/102021~1.10/bin/../lib/gcc/arm-none-eabi/10.3.1/../../../../arm-none-eabi/lib/thumb/v7e-m+fp/hard\libg.a(lib_a-mlock.o)
                0x0800be6c                __malloc_unlock
 .text._Balloc  0x0800be78       0x4c c:/progra~2/gnuarm~1/102021~1.10/bin/../lib/gcc/arm-none-eabi/10.3.1/../../../../arm-none-eabi/lib/thumb/v7e-m+fp/hard\libg.a(lib_a-mprec.o)
                0x0800be78                _Balloc
 .text._Bfree   0x0800bec4       0x14 c:/progra~2/gnuarm~1/102021~1.10/bin/../lib/gcc/arm-none-eabi/10.3.1/../../../../arm-none-eabi/lib/thumb/v7e-m+fp/hard\libg.a(lib_a-mprec.o)
                0x0800bec4                _Bfree
 .text.__multadd
                0x0800bed8       0xa8 c:/progra~2/gnuarm~1/102021~1.10/bin/../lib/gcc/arm-none-eabi/10.3.1/../../../../arm-none-eabi/lib/thumb/v7e-m+fp/hard\libg.a(lib_a-mprec.o)
                0x0800bed8                __multadd
 .text.__hi0bits
                0x0800bf80       0x40 c:/progra~2/gnuarm~1/102021~1.10/bin/../lib/gcc/arm-none-eabi/10.3.1/../../../../arm-none-eabi/lib/thumb/v7e-m+fp/hard\libg.a(lib_a-mprec.o)
                0x0800bf80                __hi0bits
 .text.__lo0bits
                0x0800bfc0       0x60 c:/progra~2/gnuarm~1/102021~1.10/bin/../lib/gcc/arm-none-eabi/10.3.1/../../../../arm-none-eabi/lib/thumb/v7e-m+fp/hard\libg.a(lib_a-mprec.o)
                0x0800bfc0                __lo0bits
 .text.__i2b    0x0800c020       0x5c c:/progra~2/gnuarm~1/102021~1.10/bin/../lib/gcc/arm-none-eabi/10.3.1/../../../../arm-none-eabi/lib/thumb/v7e-m+fp/hard\libg.a(lib_a-mprec.o)
                0x0800c020                __i2b
 .text.__multiply
                0x0800c07c      0x15c c:/progra~2/gnuarm~1/102021~1.10/bin/../lib/gcc/arm-none-eabi/10.3.1/../../../../arm-none-eabi/lib/thumb/v7e-m+fp/hard\libg.a(lib_a-mprec.o)
                0x0800c07c                __multiply
 .text.__pow5mult
                0x0800c1d8       0xc0 c:/progra~2/gnuarm~1/102021~1.10/bin/../lib/gcc/arm-none-eabi/10.3.1/../../../../arm-none-eabi/lib/thumb/v7e-m+fp/hard\libg.a(lib_a-mprec.o)
                0x0800c1d8                __pow5mult
 .text.__lshift
                0x0800c298       0xf0 c:/progra~2/gnuarm~1/102021~1.10/bin/../lib/gcc/arm-none-eabi/10.3.1/../../../../arm-none-eabi/lib/thumb/v7e-m+fp/hard\libg.a(lib_a-mprec.o)
                0x0800c298                __lshift
 .text.__mcmp   0x0800c388       0x44 c:/progra~2/gnuarm~1/102021~1.10/bin/../lib/gcc/arm-none-eabi/10.3.1/../../../../arm-none-eabi/lib/thumb/v7e-m+fp/hard\libg.a(lib_a-mprec.o)
                0x0800c388                __mcmp
 .text.__mdiff  0x0800c3cc      0x14c c:/progra~2/gnuarm~1/102021~1.10/bin/../lib/gcc/arm-none-eabi/10.3.1/../../../../arm-none-eabi/lib/thumb/v7e-m+fp/hard\libg.a(lib_a-mprec.o)
                0x0800c3cc                __mdiff
 .text.__d2b    0x0800c518       0xd0 c:/progra~2/gnuarm~1/102021~1.10/bin/../lib/gcc/arm-none-eabi/10.3.1/../../../../arm-none-eabi/lib/thumb/v7e-m+fp/hard\libg.a(lib_a-mprec.o)
                0x0800c518                __d2b
 .text._realloc_r
                0x0800c5e8      0x3d8 c:/progra~2/gnuarm~1/102021~1.10/bin/../lib/gcc/arm-none-eabi/10.3.1/../../../../arm-none-eabi/lib/thumb/v7e-m+fp/hard\libg.a(lib_a-reallocr.o)
                0x0800c5e8                _realloc_r
 .text.frexp    0x0800c9c0       0x6c c:/progra~2/gnuarm~1/102021~1.10/bin/../lib/gcc/arm-none-eabi/10.3.1/../../../../arm-none-eabi/lib/thumb/v7e-m+fp/hard\libg.a(lib_a-s_frexp.o)
                0x0800c9c0                frexp
 .text._sbrk_r  0x0800ca2c       0x24 c:/progra~2/gnuarm~1/102021~1.10/bin/../lib/gcc/arm-none-eabi/10.3.1/../../../../arm-none-eabi/lib/thumb/v7e-m+fp/hard\libg.a(lib_a-sbrkr.o)
                0x0800ca2c                _sbrk_r
 .text.__sread  0x0800ca50       0x24 c:/progra~2/gnuarm~1/102021~1.10/bin/../lib/gcc/arm-none-eabi/10.3.1/../../../../arm-none-eabi/lib/thumb/v7e-m+fp/hard\libg.a(lib_a-stdio.o)
                0x0800ca50                __sread
 .text.__swrite
                0x0800ca74       0x40 c:/progra~2/gnuarm~1/102021~1.10/bin/../lib/gcc/arm-none-eabi/10.3.1/../../../../arm-none-eabi/lib/thumb/v7e-m+fp/hard\libg.a(lib_a-stdio.o)
                0x0800ca74                __swrite
 .text.__sseek  0x0800cab4       0x20 c:/progra~2/gnuarm~1/102021~1.10/bin/../lib/gcc/arm-none-eabi/10.3.1/../../../../arm-none-eabi/lib/thumb/v7e-m+fp/hard\libg.a(lib_a-stdio.o)
                0x0800cab4                __sseek
 .text.__sclose
                0x0800cad4        0x8 c:/progra~2/gnuarm~1/102021~1.10/bin/../lib/gcc/arm-none-eabi/10.3.1/../../../../arm-none-eabi/lib/thumb/v7e-m+fp/hard\libg.a(lib_a-stdio.o)
                0x0800cad4                __sclose
 .text.strncpy  0x0800cadc       0x64 c:/progra~2/gnuarm~1/102021~1.10/bin/../lib/gcc/arm-none-eabi/10.3.1/../../../../arm-none-eabi/lib/thumb/v7e-m+fp/hard\libg.a(lib_a-strncpy.o)
                0x0800cadc                strncpy
 .text.__ssprint_r
                0x0800cb40       0xf8 c:/progra~2/gnuarm~1/102021~1.10/bin/../lib/gcc/arm-none-eabi/10.3.1/../../../../arm-none-eabi/lib/thumb/v7e-m+fp/hard\libg.a(lib_a-svfiprintf.o)
                0x0800cb40                __ssprint_r
 .text.__sprint_r.part.0
                0x0800cc38       0x78 c:/progra~2/gnuarm~1/102021~1.10/bin/../lib/gcc/arm-none-eabi/10.3.1/../../../../arm-none-eabi/lib/thumb/v7e-m+fp/hard\libg.a(lib_a-vfiprintf.o)
 .text.__sprint_r
                0x0800ccb0       0x18 c:/progra~2/gnuarm~1/102021~1.10/bin/../lib/gcc/arm-none-eabi/10.3.1/../../../../arm-none-eabi/lib/thumb/v7e-m+fp/hard\libg.a(lib_a-vfiprintf.o)
                0x0800ccb0                __sprint_r
 .text._vfiprintf_r
                0x0800ccc8      0xdfc c:/progra~2/gnuarm~1/102021~1.10/bin/../lib/gcc/arm-none-eabi/10.3.1/../../../../arm-none-eabi/lib/thumb/v7e-m+fp/hard\libg.a(lib_a-vfiprintf.o)
                0x0800ccc8                _vfiprintf_r
 .text.__sbprintf
                0x0800dac4       0x80 c:/progra~2/gnuarm~1/102021~1.10/bin/../lib/gcc/arm-none-eabi/10.3.1/../../../../arm-none-eabi/lib/thumb/v7e-m+fp/hard\libg.a(lib_a-vfiprintf.o)
 .text._write_r
                0x0800db44       0x2c c:/progra~2/gnuarm~1/102021~1.10/bin/../lib/gcc/arm-none-eabi/10.3.1/../../../../arm-none-eabi/lib/thumb/v7e-m+fp/hard\libg.a(lib_a-writer.o)
                0x0800db44                _write_r
 .text.__register_exitproc
                0x0800db70       0x8c c:/progra~2/gnuarm~1/102021~1.10/bin/../lib/gcc/arm-none-eabi/10.3.1/../../../../arm-none-eabi/lib/thumb/v7e-m+fp/hard\libg.a(lib_a-__atexit.o)
                0x0800db70                __register_exitproc
 .text.__assert_func
                0x0800dbfc       0x40 c:/progra~2/gnuarm~1/102021~1.10/bin/../lib/gcc/arm-none-eabi/10.3.1/../../../../arm-none-eabi/lib/thumb/v7e-m+fp/hard\libg.a(lib_a-assert.o)
                0x0800dbfc                __assert_func
 .text._calloc_r
                0x0800dc3c       0x78 c:/progra~2/gnuarm~1/102021~1.10/bin/../lib/gcc/arm-none-eabi/10.3.1/../../../../arm-none-eabi/lib/thumb/v7e-m+fp/hard\libg.a(lib_a-callocr.o)
                0x0800dc3c                _calloc_r
 .text._close_r
                0x0800dcb4       0x24 c:/progra~2/gnuarm~1/102021~1.10/bin/../lib/gcc/arm-none-eabi/10.3.1/../../../../arm-none-eabi/lib/thumb/v7e-m+fp/hard\libg.a(lib_a-closer.o)
                0x0800dcb4                _close_r
 .text._fclose_r
                0x0800dcd8       0xcc c:/progra~2/gnuarm~1/102021~1.10/bin/../lib/gcc/arm-none-eabi/10.3.1/../../../../arm-none-eabi/lib/thumb/v7e-m+fp/hard\libg.a(lib_a-fclose.o)
                0x0800dcd8                _fclose_r
 .text.fiprintf
                0x0800dda4       0x28 c:/progra~2/gnuarm~1/102021~1.10/bin/../lib/gcc/arm-none-eabi/10.3.1/../../../../arm-none-eabi/lib/thumb/v7e-m+fp/hard\libg.a(lib_a-fiprintf.o)
                0x0800dda4                fiprintf
 .text.__fputwc
                0x0800ddcc       0xa8 c:/progra~2/gnuarm~1/102021~1.10/bin/../lib/gcc/arm-none-eabi/10.3.1/../../../../arm-none-eabi/lib/thumb/v7e-m+fp/hard\libg.a(lib_a-fputwc.o)
                0x0800ddcc                __fputwc
 .text._fputwc_r
                0x0800de74       0x68 c:/progra~2/gnuarm~1/102021~1.10/bin/../lib/gcc/arm-none-eabi/10.3.1/../../../../arm-none-eabi/lib/thumb/v7e-m+fp/hard\libg.a(lib_a-fputwc.o)
                0x0800de74                _fputwc_r
 .text._fstat_r
                0x0800dedc       0x2c c:/progra~2/gnuarm~1/102021~1.10/bin/../lib/gcc/arm-none-eabi/10.3.1/../../../../arm-none-eabi/lib/thumb/v7e-m+fp/hard\libg.a(lib_a-fstatr.o)
                0x0800dedc                _fstat_r
 .text._isatty_r
                0x0800df08       0x24 c:/progra~2/gnuarm~1/102021~1.10/bin/../lib/gcc/arm-none-eabi/10.3.1/../../../../arm-none-eabi/lib/thumb/v7e-m+fp/hard\libg.a(lib_a-isattyr.o)
                0x0800df08                _isatty_r
 .text.__locale_mb_cur_max
                0x0800df2c        0xc c:/progra~2/gnuarm~1/102021~1.10/bin/../lib/gcc/arm-none-eabi/10.3.1/../../../../arm-none-eabi/lib/thumb/v7e-m+fp/hard\libg.a(lib_a-locale.o)
                0x0800df2c                __locale_mb_cur_max
 .text._lseek_r
                0x0800df38       0x2c c:/progra~2/gnuarm~1/102021~1.10/bin/../lib/gcc/arm-none-eabi/10.3.1/../../../../arm-none-eabi/lib/thumb/v7e-m+fp/hard\libg.a(lib_a-lseekr.o)
                0x0800df38                _lseek_r
 .text.__ascii_mbtowc
                0x0800df64       0x2c c:/progra~2/gnuarm~1/102021~1.10/bin/../lib/gcc/arm-none-eabi/10.3.1/../../../../arm-none-eabi/lib/thumb/v7e-m+fp/hard\libg.a(lib_a-mbtowc_r.o)
                0x0800df64                __ascii_mbtowc
 .text._read_r  0x0800df90       0x2c c:/progra~2/gnuarm~1/102021~1.10/bin/../lib/gcc/arm-none-eabi/10.3.1/../../../../arm-none-eabi/lib/thumb/v7e-m+fp/hard\libg.a(lib_a-readr.o)
                0x0800df90                _read_r
 .text.__swbuf_r
                0x0800dfbc       0xb0 c:/progra~2/gnuarm~1/102021~1.10/bin/../lib/gcc/arm-none-eabi/10.3.1/../../../../arm-none-eabi/lib/thumb/v7e-m+fp/hard\libg.a(lib_a-wbuf.o)
                0x0800dfbc                __swbuf_r
 .text._wcrtomb_r
                0x0800e06c       0x3c c:/progra~2/gnuarm~1/102021~1.10/bin/../lib/gcc/arm-none-eabi/10.3.1/../../../../arm-none-eabi/lib/thumb/v7e-m+fp/hard\libg.a(lib_a-wcrtomb.o)
                0x0800e06c                _wcrtomb_r
 .text.__ascii_wctomb
                0x0800e0a8       0x1c c:/progra~2/gnuarm~1/102021~1.10/bin/../lib/gcc/arm-none-eabi/10.3.1/../../../../arm-none-eabi/lib/thumb/v7e-m+fp/hard\libg.a(lib_a-wctomb_r.o)
                0x0800e0a8                __ascii_wctomb
 .text.abort    0x0800e0c4       0x10 c:/progra~2/gnuarm~1/102021~1.10/bin/../lib/gcc/arm-none-eabi/10.3.1/../../../../arm-none-eabi/lib/thumb/v7e-m+fp/hard\libg.a(lib_a-abort.o)
                0x0800e0c4                abort
 .text.raise    0x0800e0d4       0x5c c:/progra~2/gnuarm~1/102021~1.10/bin/../lib/gcc/arm-none-eabi/10.3.1/../../../../arm-none-eabi/lib/thumb/v7e-m+fp/hard\libg.a(lib_a-signal.o)
                0x0800e0d4                raise
 .text._kill_r  0x0800e130       0x2c c:/progra~2/gnuarm~1/102021~1.10/bin/../lib/gcc/arm-none-eabi/10.3.1/../../../../arm-none-eabi/lib/thumb/v7e-m+fp/hard\libg.a(lib_a-signalr.o)
                0x0800e130                _kill_r
 .text._getpid_r
                0x0800e15c        0x4 c:/progra~2/gnuarm~1/102021~1.10/bin/../lib/gcc/arm-none-eabi/10.3.1/../../../../arm-none-eabi/lib/thumb/v7e-m+fp/hard\libg.a(lib_a-signalr.o)
                0x0800e15c                _getpid_r
 *(.glue_7)
 .glue_7        0x0800e160        0x0 linker stubs
 *(.glue_7t)
 .glue_7t       0x0800e160        0x0 linker stubs
 *(.eh_frame)
 .eh_frame      0x0800e160        0x0 c:/progra~2/gnuarm~1/102021~1.10/bin/../lib/gcc/arm-none-eabi/10.3.1/thumb/v7e-m+fp/hard/crtbegin.o
 *(.init)
 .init          0x0800e160        0x4 c:/progra~2/gnuarm~1/102021~1.10/bin/../lib/gcc/arm-none-eabi/10.3.1/thumb/v7e-m+fp/hard/crti.o
                0x0800e160                _init
 .init          0x0800e164        0x8 c:/progra~2/gnuarm~1/102021~1.10/bin/../lib/gcc/arm-none-eabi/10.3.1/thumb/v7e-m+fp/hard/crtn.o
 *(.fini)
 .fini          0x0800e16c        0x4 c:/progra~2/gnuarm~1/102021~1.10/bin/../lib/gcc/arm-none-eabi/10.3.1/thumb/v7e-m+fp/hard/crti.o
                0x0800e16c                _fini
 .fini          0x0800e170        0x8 c:/progra~2/gnuarm~1/102021~1.10/bin/../lib/gcc/arm-none-eabi/10.3.1/thumb/v7e-m+fp/hard/crtn.o
                0x0800e178                . = ALIGN (0x4)
                0x0800e178                _etext = .

.vfp11_veneer   0x0800e178        0x0
 .vfp11_veneer  0x0800e178        0x0 linker stubs

.v4_bx          0x0800e178        0x0
 .v4_bx         0x0800e178        0x0 linker stubs

.iplt           0x0800e178        0x0
 .iplt          0x0800e178        0x0 c:/progra~2/gnuarm~1/102021~1.10/bin/../lib/gcc/arm-none-eabi/10.3.1/thumb/v7e-m+fp/hard/crtbegin.o

.rodata         0x0800e178      0x490
                0x0800e178                . = ALIGN (0x4)
 *(.rodata)
 *(.rodata*)
 .rodata.MAIN.str1.4
                0x0800e178       0x25 CMakeFiles/USB.elf.dir/Core/Src/main.c.obj
 *fill*         0x0800e19d        0x3 
 .rodata.run_USB.str1.4
                0x0800e1a0       0x12 CMakeFiles/USB.elf.dir/Core/Src/main.c.obj
 *fill*         0x0800e1b2        0x2 
 .rodata.AHBPrescTable
                0x0800e1b4       0x10 CMakeFiles/USB.elf.dir/Core/Src/system_stm32f4xx.c.obj
                0x0800e1b4                AHBPrescTable
 .rodata.APBPrescTable
                0x0800e1c4        0x8 CMakeFiles/USB.elf.dir/Core/Src/system_stm32f4xx.c.obj
                0x0800e1c4                APBPrescTable
 .rodata.vTaskStartScheduler.str1.4
                0x0800e1cc        0x5 CMakeFiles/USB.elf.dir/Middlewares/Third_Party/FreeRTOS/Source/tasks.c.obj
 *fill*         0x0800e1d1        0x3 
 .rodata.prvCheckForValidListAndQueue.str1.4
                0x0800e1d4        0x5 CMakeFiles/USB.elf.dir/Middlewares/Third_Party/FreeRTOS/Source/timers.c.obj
 *fill*         0x0800e1d9        0x3 
 .rodata.xTimerCreateTimerTask.str1.4
                0x0800e1dc        0x8 CMakeFiles/USB.elf.dir/Middlewares/Third_Party/FreeRTOS/Source/timers.c.obj
 .rodata._global_impure_ptr
                0x0800e1e4        0x4 c:/progra~2/gnuarm~1/102021~1.10/bin/../lib/gcc/arm-none-eabi/10.3.1/../../../../arm-none-eabi/lib/thumb/v7e-m+fp/hard\libg.a(lib_a-impure.o)
                0x0800e1e4                _global_impure_ptr
 .rodata._puts_r.str1.4
                0x0800e1e8        0x2 c:/progra~2/gnuarm~1/102021~1.10/bin/../lib/gcc/arm-none-eabi/10.3.1/../../../../arm-none-eabi/lib/thumb/v7e-m+fp/hard\libg.a(lib_a-puts.o)
 *fill*         0x0800e1ea        0x2 
 .rodata._svfprintf_r.str1.4
                0x0800e1ec       0x42 c:/progra~2/gnuarm~1/102021~1.10/bin/../lib/gcc/arm-none-eabi/10.3.1/../../../../arm-none-eabi/lib/thumb/v7e-m+fp/hard\libg.a(lib_a-svfprintf.o)
 *fill*         0x0800e22e        0x2 
 .rodata.blanks.1
                0x0800e230       0x10 c:/progra~2/gnuarm~1/102021~1.10/bin/../lib/gcc/arm-none-eabi/10.3.1/../../../../arm-none-eabi/lib/thumb/v7e-m+fp/hard\libg.a(lib_a-svfprintf.o)
 .rodata.zeroes.0
                0x0800e240       0x10 c:/progra~2/gnuarm~1/102021~1.10/bin/../lib/gcc/arm-none-eabi/10.3.1/../../../../arm-none-eabi/lib/thumb/v7e-m+fp/hard\libg.a(lib_a-svfprintf.o)
 .rodata._vfprintf_r.str1.4
                0x0800e250       0x42 c:/progra~2/gnuarm~1/102021~1.10/bin/../lib/gcc/arm-none-eabi/10.3.1/../../../../arm-none-eabi/lib/thumb/v7e-m+fp/hard\libg.a(lib_a-vfprintf.o)
 .rodata.blanks.1
                0x0800e250       0x10 c:/progra~2/gnuarm~1/102021~1.10/bin/../lib/gcc/arm-none-eabi/10.3.1/../../../../arm-none-eabi/lib/thumb/v7e-m+fp/hard\libg.a(lib_a-vfprintf.o)
 .rodata.zeroes.0
                0x0800e260       0x10 c:/progra~2/gnuarm~1/102021~1.10/bin/../lib/gcc/arm-none-eabi/10.3.1/../../../../arm-none-eabi/lib/thumb/v7e-m+fp/hard\libg.a(lib_a-vfprintf.o)
 .rodata._dtoa_r.str1.4
                0x0800e270       0xa2 c:/progra~2/gnuarm~1/102021~1.10/bin/../lib/gcc/arm-none-eabi/10.3.1/../../../../arm-none-eabi/lib/thumb/v7e-m+fp/hard\libg.a(lib_a-dtoa.o)
                                 0xa6 (size before relaxing)
 *fill*         0x0800e312        0x2 
 .rodata.__multadd.str1.4
                0x0800e314       0x7f c:/progra~2/gnuarm~1/102021~1.10/bin/../lib/gcc/arm-none-eabi/10.3.1/../../../../arm-none-eabi/lib/thumb/v7e-m+fp/hard\libg.a(lib_a-mprec.o)
                                 0x93 (size before relaxing)
 *fill*         0x0800e393        0x5 
 .rodata.__mprec_bigtens
                0x0800e398       0x28 c:/progra~2/gnuarm~1/102021~1.10/bin/../lib/gcc/arm-none-eabi/10.3.1/../../../../arm-none-eabi/lib/thumb/v7e-m+fp/hard\libg.a(lib_a-mprec.o)
                0x0800e398                __mprec_bigtens
 .rodata.__mprec_tens
                0x0800e3c0       0xc8 c:/progra~2/gnuarm~1/102021~1.10/bin/../lib/gcc/arm-none-eabi/10.3.1/../../../../arm-none-eabi/lib/thumb/v7e-m+fp/hard\libg.a(lib_a-mprec.o)
                0x0800e3c0                __mprec_tens
 .rodata.p05.0  0x0800e488        0xc c:/progra~2/gnuarm~1/102021~1.10/bin/../lib/gcc/arm-none-eabi/10.3.1/../../../../arm-none-eabi/lib/thumb/v7e-m+fp/hard\libg.a(lib_a-mprec.o)
 .rodata._vfiprintf_r.str1.4
                0x0800e494       0x2f c:/progra~2/gnuarm~1/102021~1.10/bin/../lib/gcc/arm-none-eabi/10.3.1/../../../../arm-none-eabi/lib/thumb/v7e-m+fp/hard\libg.a(lib_a-vfiprintf.o)
 .rodata.blanks.1
                0x0800e494       0x10 c:/progra~2/gnuarm~1/102021~1.10/bin/../lib/gcc/arm-none-eabi/10.3.1/../../../../arm-none-eabi/lib/thumb/v7e-m+fp/hard\libg.a(lib_a-vfiprintf.o)
 .rodata.zeroes.0
                0x0800e4a4       0x10 c:/progra~2/gnuarm~1/102021~1.10/bin/../lib/gcc/arm-none-eabi/10.3.1/../../../../arm-none-eabi/lib/thumb/v7e-m+fp/hard\libg.a(lib_a-vfiprintf.o)
 .rodata.__assert_func.str1.4
                0x0800e4b4       0x3f c:/progra~2/gnuarm~1/102021~1.10/bin/../lib/gcc/arm-none-eabi/10.3.1/../../../../arm-none-eabi/lib/thumb/v7e-m+fp/hard\libg.a(lib_a-assert.o)
                                 0x43 (size before relaxing)
 *fill*         0x0800e4f3        0x1 
 .rodata._setlocale_r.str1.4
                0x0800e4f4        0xa c:/progra~2/gnuarm~1/102021~1.10/bin/../lib/gcc/arm-none-eabi/10.3.1/../../../../arm-none-eabi/lib/thumb/v7e-m+fp/hard\libg.a(lib_a-locale.o)
                                  0xd (size before relaxing)
 *fill*         0x0800e4fe        0x2 
 .rodata.str1.4
                0x0800e500        0x2 c:/progra~2/gnuarm~1/102021~1.10/bin/../lib/gcc/arm-none-eabi/10.3.1/../../../../arm-none-eabi/lib/thumb/v7e-m+fp/hard\libg.a(lib_a-locale.o)
 *fill*         0x0800e502        0x2 
 .rodata._ctype_
                0x0800e504      0x101 c:/progra~2/gnuarm~1/102021~1.10/bin/../lib/gcc/arm-none-eabi/10.3.1/../../../../arm-none-eabi/lib/thumb/v7e-m+fp/hard\libg.a(lib_a-ctype_.o)
                0x0800e504                _ctype_
                0x0800e608                . = ALIGN (0x4)
 *fill*         0x0800e605        0x3 

.ARM.extab      0x0800e608        0x0
                0x0800e608                . = ALIGN (0x4)
 *(.ARM.extab* .gnu.linkonce.armextab.*)
                0x0800e608                . = ALIGN (0x4)

.ARM            0x0800e608        0x8
                0x0800e608                . = ALIGN (0x4)
                0x0800e608                __exidx_start = .
 *(.ARM.exidx*)
 .ARM.exidx     0x0800e608        0x8 c:/progra~2/gnuarm~1/102021~1.10/bin/../lib/gcc/arm-none-eabi/10.3.1/thumb/v7e-m+fp/hard\libgcc.a(_udivmoddi4.o)
                0x0800e610                __exidx_end = .
                0x0800e610                . = ALIGN (0x4)

.rel.dyn        0x0800e610        0x0
 .rel.iplt      0x0800e610        0x0 c:/progra~2/gnuarm~1/102021~1.10/bin/../lib/gcc/arm-none-eabi/10.3.1/thumb/v7e-m+fp/hard/crtbegin.o

.preinit_array  0x0800e610        0x0
                0x0800e610                . = ALIGN (0x4)
                0x0800e610                PROVIDE (__preinit_array_start = .)
 *(.preinit_array*)
                0x0800e610                PROVIDE (__preinit_array_end = .)
                0x0800e610                . = ALIGN (0x4)

.init_array     0x0800e610        0x8
                0x0800e610                . = ALIGN (0x4)
                0x0800e610                PROVIDE (__init_array_start = .)
 *(SORT_BY_NAME(.init_array.*))
 .init_array.00000
                0x0800e610        0x4 c:/progra~2/gnuarm~1/102021~1.10/bin/../lib/gcc/arm-none-eabi/10.3.1/../../../../arm-none-eabi/lib/thumb/v7e-m+fp/hard\libg.a(lib_a-__call_atexit.o)
 *(.init_array*)
 .init_array    0x0800e614        0x4 c:/progra~2/gnuarm~1/102021~1.10/bin/../lib/gcc/arm-none-eabi/10.3.1/thumb/v7e-m+fp/hard/crtbegin.o
                0x0800e618                PROVIDE (__init_array_end = .)
                0x0800e618                . = ALIGN (0x4)

.fini_array     0x0800e618        0x4
                0x0800e618                . = ALIGN (0x4)
                0x0800e618                PROVIDE (__fini_array_start = .)
 *(SORT_BY_NAME(.fini_array.*))
 *(.fini_array*)
 .fini_array    0x0800e618        0x4 c:/progra~2/gnuarm~1/102021~1.10/bin/../lib/gcc/arm-none-eabi/10.3.1/thumb/v7e-m+fp/hard/crtbegin.o
                0x0800e61c                PROVIDE (__fini_array_end = .)
                0x0800e61c                . = ALIGN (0x4)
                0x0800e61c                _sidata = LOADADDR (.data)

.data           0x20000000      0x9c0 load address 0x0800e61c
                0x20000000                . = ALIGN (0x4)
                0x20000000                _sdata = .
 *(.data)
 *(.data*)
 .data.SystemCoreClock
                0x20000000        0x4 CMakeFiles/USB.elf.dir/Core/Src/system_stm32f4xx.c.obj
                0x20000000                SystemCoreClock
 .data.uwTickFreq
                0x20000004        0x1 CMakeFiles/USB.elf.dir/Drivers/STM32F4xx_HAL_Driver/Src/stm32f4xx_hal.c.obj
                0x20000004                uwTickFreq
 *fill*         0x20000005        0x3 
 .data.uwTickPrio
                0x20000008        0x4 CMakeFiles/USB.elf.dir/Drivers/STM32F4xx_HAL_Driver/Src/stm32f4xx_hal.c.obj
                0x20000008                uwTickPrio
 .data.uxCriticalNesting
                0x2000000c        0x4 CMakeFiles/USB.elf.dir/Middlewares/Third_Party/FreeRTOS/Source/portable/GCC/ARM_CM4F/port.c.obj
 .data._impure_ptr
                0x20000010        0x4 c:/progra~2/gnuarm~1/102021~1.10/bin/../lib/gcc/arm-none-eabi/10.3.1/../../../../arm-none-eabi/lib/thumb/v7e-m+fp/hard\libg.a(lib_a-impure.o)
                0x20000010                _impure_ptr
 *fill*         0x20000014        0x4 
 .data.impure_data
                0x20000018      0x428 c:/progra~2/gnuarm~1/102021~1.10/bin/../lib/gcc/arm-none-eabi/10.3.1/../../../../arm-none-eabi/lib/thumb/v7e-m+fp/hard\libg.a(lib_a-impure.o)
 .data.__atexit_recursive_mutex
                0x20000440        0x4 c:/progra~2/gnuarm~1/102021~1.10/bin/../lib/gcc/arm-none-eabi/10.3.1/../../../../arm-none-eabi/lib/thumb/v7e-m+fp/hard\libg.a(lib_a-__call_atexit.o)
                0x20000440                __atexit_recursive_mutex
 .data.__malloc_av_
                0x20000444      0x408 c:/progra~2/gnuarm~1/102021~1.10/bin/../lib/gcc/arm-none-eabi/10.3.1/../../../../arm-none-eabi/lib/thumb/v7e-m+fp/hard\libg.a(lib_a-mallocr.o)
                0x20000444                __malloc_av_
 .data.__malloc_sbrk_base
                0x2000084c        0x4 c:/progra~2/gnuarm~1/102021~1.10/bin/../lib/gcc/arm-none-eabi/10.3.1/../../../../arm-none-eabi/lib/thumb/v7e-m+fp/hard\libg.a(lib_a-mallocr.o)
                0x2000084c                __malloc_sbrk_base
 .data.__malloc_trim_threshold
                0x20000850        0x4 c:/progra~2/gnuarm~1/102021~1.10/bin/../lib/gcc/arm-none-eabi/10.3.1/../../../../arm-none-eabi/lib/thumb/v7e-m+fp/hard\libg.a(lib_a-mallocr.o)
                0x20000850                __malloc_trim_threshold
 .data.__global_locale
                0x20000854      0x16c c:/progra~2/gnuarm~1/102021~1.10/bin/../lib/gcc/arm-none-eabi/10.3.1/../../../../arm-none-eabi/lib/thumb/v7e-m+fp/hard\libg.a(lib_a-locale.o)
                0x20000854                __global_locale
 *(.RamFunc)
 *(.RamFunc*)
                0x200009c0                . = ALIGN (0x4)
                0x200009c0                _edata = .

.igot.plt       0x200009c0        0x0 load address 0x0800efdc
 .igot.plt      0x200009c0        0x0 c:/progra~2/gnuarm~1/102021~1.10/bin/../lib/gcc/arm-none-eabi/10.3.1/thumb/v7e-m+fp/hard/crtbegin.o
                0x200009c0                . = ALIGN (0x4)

.bss            0x200009c0     0x5adc load address 0x0800efdc
                0x200009c0                _sbss = .
                0x200009c0                __bss_start__ = _sbss
 *(.bss)
 .bss           0x200009c0       0x1c c:/progra~2/gnuarm~1/102021~1.10/bin/../lib/gcc/arm-none-eabi/10.3.1/thumb/v7e-m+fp/hard/crtbegin.o
 *(.bss*)
 .bss.DataToSend
                0x200009dc       0x28 CMakeFiles/USB.elf.dir/Core/Src/main.c.obj
                0x200009dc                DataToSend
 .bss.LEDHandle
                0x20000a04        0x4 CMakeFiles/USB.elf.dir/Core/Src/main.c.obj
                0x20000a04                LEDHandle
 .bss.MAINHandle
                0x20000a08        0x4 CMakeFiles/USB.elf.dir/Core/Src/main.c.obj
                0x20000a08                MAINHandle
 .bss.MessageCounter
                0x20000a0c        0x1 CMakeFiles/USB.elf.dir/Core/Src/main.c.obj
                0x20000a0c                MessageCounter
 .bss.MessageLength
                0x20000a0d        0x1 CMakeFiles/USB.elf.dir/Core/Src/main.c.obj
                0x20000a0d                MessageLength
 *fill*         0x20000a0e        0x2 
 .bss.USBHandle
                0x20000a10        0x4 CMakeFiles/USB.elf.dir/Core/Src/main.c.obj
                0x20000a10                USBHandle
 .bss.hi2c1     0x20000a14       0x54 CMakeFiles/USB.elf.dir/Core/Src/main.c.obj
                0x20000a14                hi2c1
 .bss.htim11    0x20000a68       0x48 CMakeFiles/USB.elf.dir/Core/Src/stm32f4xx_hal_timebase_tim.c.obj
                0x20000a68                htim11
 .bss.__sbrk_heap_end
                0x20000ab0        0x4 CMakeFiles/USB.elf.dir/Core/Src/sysmem.c.obj
 .bss.uwTick    0x20000ab4        0x4 CMakeFiles/USB.elf.dir/Drivers/STM32F4xx_HAL_Driver/Src/stm32f4xx_hal.c.obj
                0x20000ab4                uwTick
 .bss.cfgidx.0  0x20000ab8        0x1 CMakeFiles/USB.elf.dir/Middlewares/ST/STM32_USB_Device_Library/Core/Src/usbd_ctlreq.c.obj
 *fill*         0x20000ab9        0x3 
 .bss.Idle_Stack.2
                0x20000abc      0x200 CMakeFiles/USB.elf.dir/Middlewares/Third_Party/FreeRTOS/Source/CMSIS_RTOS_V2/cmsis_os2.c.obj
 *fill*         0x20000cbc        0x4 
 .bss.Idle_TCB.3
                0x20000cc0      0x488 CMakeFiles/USB.elf.dir/Middlewares/Third_Party/FreeRTOS/Source/CMSIS_RTOS_V2/cmsis_os2.c.obj
 .bss.KernelState
                0x20001148        0x4 CMakeFiles/USB.elf.dir/Middlewares/Third_Party/FreeRTOS/Source/CMSIS_RTOS_V2/cmsis_os2.c.obj
 .bss.Timer_Stack.0
                0x2000114c      0x400 CMakeFiles/USB.elf.dir/Middlewares/Third_Party/FreeRTOS/Source/CMSIS_RTOS_V2/cmsis_os2.c.obj
 *fill*         0x2000154c        0x4 
 .bss.Timer_TCB.1
                0x20001550      0x488 CMakeFiles/USB.elf.dir/Middlewares/Third_Party/FreeRTOS/Source/CMSIS_RTOS_V2/cmsis_os2.c.obj
 .bss.ucMaxSysCallPriority
                0x200019d8        0x1 CMakeFiles/USB.elf.dir/Middlewares/Third_Party/FreeRTOS/Source/portable/GCC/ARM_CM4F/port.c.obj
 *fill*         0x200019d9        0x3 
 .bss.ulMaxPRIGROUPValue
                0x200019dc        0x4 CMakeFiles/USB.elf.dir/Middlewares/Third_Party/FreeRTOS/Source/portable/GCC/ARM_CM4F/port.c.obj
 .bss.pxEnd     0x200019e0        0x4 CMakeFiles/USB.elf.dir/Middlewares/Third_Party/FreeRTOS/Source/portable/MemMang/heap_4.c.obj
 .bss.ucHeap    0x200019e4     0x3c00 CMakeFiles/USB.elf.dir/Middlewares/Third_Party/FreeRTOS/Source/portable/MemMang/heap_4.c.obj
 .bss.xBlockAllocatedBit