Archive member included to satisfy reference by file (symbol)

c:/progra~2/gnuarm~1/102021~1.10/bin/../lib/gcc/arm-none-eabi/10.3.1/thumb/v7e-m+fp/hard\libgcc.a(_aeabi_uldivmod.o)
                              CMakeFiles/USB.elf.dir/Drivers/STM32F4xx_HAL_Driver/Src/stm32f4xx_hal_rcc.c.obj (__aeabi_uldivmod)
c:/progra~2/gnuarm~1/102021~1.10/bin/../lib/gcc/arm-none-eabi/10.3.1/thumb/v7e-m+fp/hard\libgcc.a(_udivmoddi4.o)
                              c:/progra~2/gnuarm~1/102021~1.10/bin/../lib/gcc/arm-none-eabi/10.3.1/thumb/v7e-m+fp/hard\libgcc.a(_aeabi_uldivmod.o) (__udivmoddi4)
c:/progra~2/gnuarm~1/102021~1.10/bin/../lib/gcc/arm-none-eabi/10.3.1/thumb/v7e-m+fp/hard\libgcc.a(_dvmd_tls.o)
                              c:/progra~2/gnuarm~1/102021~1.10/bin/../lib/gcc/arm-none-eabi/10.3.1/thumb/v7e-m+fp/hard\libgcc.a(_aeabi_uldivmod.o) (__aeabi_ldiv0)
c:/progra~2/gnuarm~1/102021~1.10/bin/../lib/gcc/arm-none-eabi/10.3.1/../../../../arm-none-eabi/lib/thumb/v7e-m+fp/hard\libg.a(lib_a-errno.o)
                              CMakeFiles/USB.elf.dir/Core/Src/syscalls.c.obj (__errno)
c:/progra~2/gnuarm~1/102021~1.10/bin/../lib/gcc/arm-none-eabi/10.3.1/../../../../arm-none-eabi/lib/thumb/v7e-m+fp/hard\libg.a(lib_a-exit.o)
                              c:/progra~2/gnuarm~1/102021~1.10/bin/../lib/gcc/arm-none-eabi/10.3.1/../../../../arm-none-eabi/lib/thumb/v7e-m+fp/hard/crt0.o (exit)
c:/progra~2/gnuarm~1/102021~1.10/bin/../lib/gcc/arm-none-eabi/10.3.1/../../../../arm-none-eabi/lib/thumb/v7e-m+fp/hard\libg.a(lib_a-impure.o)
                              c:/progra~2/gnuarm~1/102021~1.10/bin/../lib/gcc/arm-none-eabi/10.3.1/../../../../arm-none-eabi/lib/thumb/v7e-m+fp/hard\libg.a(lib_a-exit.o) (_global_impure_ptr)
c:/progra~2/gnuarm~1/102021~1.10/bin/../lib/gcc/arm-none-eabi/10.3.1/../../../../arm-none-eabi/lib/thumb/v7e-m+fp/hard\libg.a(lib_a-init.o)
                              c:/progra~2/gnuarm~1/102021~1.10/bin/../lib/gcc/arm-none-eabi/10.3.1/../../../../arm-none-eabi/lib/thumb/v7e-m+fp/hard/crt0.o (__libc_init_array)
c:/progra~2/gnuarm~1/102021~1.10/bin/../lib/gcc/arm-none-eabi/10.3.1/../../../../arm-none-eabi/lib/thumb/v7e-m+fp/hard\libg.a(lib_a-memcpy.o)
                              CMakeFiles/USB.elf.dir/Middlewares/Third_Party/FreeRTOS/Source/CMSIS_RTOS_V2/cmsis_os2.c.obj (memcpy)
c:/progra~2/gnuarm~1/102021~1.10/bin/../lib/gcc/arm-none-eabi/10.3.1/../../../../arm-none-eabi/lib/thumb/v7e-m+fp/hard\libg.a(lib_a-memset.o)
                              c:/progra~2/gnuarm~1/102021~1.10/bin/../lib/gcc/arm-none-eabi/10.3.1/../../../../arm-none-eabi/lib/thumb/v7e-m+fp/hard/crt0.o (memset)
c:/progra~2/gnuarm~1/102021~1.10/bin/../lib/gcc/arm-none-eabi/10.3.1/../../../../arm-none-eabi/lib/thumb/v7e-m+fp/hard\libg.a(lib_a-printf.o)
                              CMakeFiles/USB.elf.dir/Core/Src/main.c.obj (printf)
c:/progra~2/gnuarm~1/102021~1.10/bin/../lib/gcc/arm-none-eabi/10.3.1/../../../../arm-none-eabi/lib/thumb/v7e-m+fp/hard\libg.a(lib_a-reent.o)
                              CMakeFiles/USB.elf.dir/Middlewares/Third_Party/FreeRTOS/Source/tasks.c.obj (_reclaim_reent)
c:/progra~2/gnuarm~1/102021~1.10/bin/../lib/gcc/arm-none-eabi/10.3.1/../../../../arm-none-eabi/lib/thumb/v7e-m+fp/hard\libg.a(lib_a-sprintf.o)
                              CMakeFiles/USB.elf.dir/Core/Src/main.c.obj (sprintf)
c:/progra~2/gnuarm~1/102021~1.10/bin/../lib/gcc/arm-none-eabi/10.3.1/../../../../arm-none-eabi/lib/thumb/v7e-m+fp/hard\libg.a(lib_a-svfprintf.o)
                              c:/progra~2/gnuarm~1/102021~1.10/bin/../lib/gcc/arm-none-eabi/10.3.1/../../../../arm-none-eabi/lib/thumb/v7e-m+fp/hard\libg.a(lib_a-sprintf.o) (_svfprintf_r)
c:/progra~2/gnuarm~1/102021~1.10/bin/../lib/gcc/arm-none-eabi/10.3.1/../../../../arm-none-eabi/lib/thumb/v7e-m+fp/hard\libg.a(lib_a-vfprintf.o)
                              c:/progra~2/gnuarm~1/102021~1.10/bin/../lib/gcc/arm-none-eabi/10.3.1/../../../../arm-none-eabi/lib/thumb/v7e-m+fp/hard\libg.a(lib_a-printf.o) (_vfprintf_r)
c:/progra~2/gnuarm~1/102021~1.10/bin/../lib/gcc/arm-none-eabi/10.3.1/../../../../arm-none-eabi/lib/thumb/v7e-m+fp/hard\libg.a(lib_a-wsetup.o)
                              c:/progra~2/gnuarm~1/102021~1.10/bin/../lib/gcc/arm-none-eabi/10.3.1/../../../../arm-none-eabi/lib/thumb/v7e-m+fp/hard\libg.a(lib_a-vfprintf.o) (__swsetup_r)
c:/progra~2/gnuarm~1/102021~1.10/bin/../lib/gcc/arm-none-eabi/10.3.1/../../../../arm-none-eabi/lib/thumb/v7e-m+fp/hard\libg.a(lib_a-__call_atexit.o)
                              c:/progra~2/gnuarm~1/102021~1.10/bin/../lib/gcc/arm-none-eabi/10.3.1/../../../../arm-none-eabi/lib/thumb/v7e-m+fp/hard\libg.a(lib_a-exit.o) (__call_exitprocs)
c:/progra~2/gnuarm~1/102021~1.10/bin/../lib/gcc/arm-none-eabi/10.3.1/../../../../arm-none-eabi/lib/thumb/v7e-m+fp/hard\libg.a(lib_a-atexit.o)
                              c:/progra~2/gnuarm~1/102021~1.10/bin/../lib/gcc/arm-none-eabi/10.3.1/../../../../arm-none-eabi/lib/thumb/v7e-m+fp/hard\libg.a(lib_a-__call_atexit.o) (atexit)
[...]
Memory Configuration

Name             Origin             Length             Attributes
RAM              0x20000000         0x00010000         xrw
FLASH            0x08000000         0x00040000         xr
*default*        0x00000000         0xffffffff

Linker script and memory map

LOAD c:/progra~2/gnuarm~1/102021~1.10/bin/../lib/gcc/arm-none-eabi/10.3.1/thumb/v7e-m+fp/hard/crti.o
LOAD c:/progra~2/gnuarm~1/102021~1.10/bin/../lib/gcc/arm-none-eabi/10.3.1/thumb/v7e-m+fp/hard/crtbegin.o
LOAD c:/progra~2/gnuarm~1/102021~1.10/bin/../lib/gcc/arm-none-eabi/10.3.1/../../../../arm-none-eabi/lib/thumb/v7e-m+fp/hard/crt0.o
LOAD CMakeFiles/USB.elf.dir/Core/Src/freertos.c.obj
LOAD CMakeFiles/USB.elf.dir/Core/Src/main.c.obj
LOAD CMakeFiles/USB.elf.dir/Core/Src/stm32f4xx_hal_msp.c.obj
LOAD CMakeFiles/USB.elf.dir/Core/Src/stm32f4xx_hal_timebase_tim.c.obj
LOAD CMakeFiles/USB.elf.dir/Core/Src/stm32f4xx_it.c.obj
LOAD CMakeFiles/USB.elf.dir/Core/Src/syscalls.c.obj
LOAD CMakeFiles/USB.elf.dir/Core/Src/sysmem.c.obj
LOAD CMakeFiles/USB.elf.dir/Core/Src/system_stm32f4xx.c.obj
LOAD CMakeFiles/USB.elf.dir/Core/Startup/startup_stm32f401ccux.s.obj
LOAD CMakeFiles/USB.elf.dir/Drivers/STM32F4xx_HAL_Driver/Src/stm32f4xx_hal.c.obj
LOAD CMakeFiles/USB.elf.dir/Drivers/STM32F4xx_HAL_Driver/Src/stm32f4xx_hal_cortex.c.obj
LOAD CMakeFiles/USB.elf.dir/Drivers/STM32F4xx_HAL_Driver/Src/stm32f4xx_hal_dma.c.obj
LOAD CMakeFiles/USB.elf.dir/Drivers/STM32F4xx_HAL_Driver/Src/stm32f4xx_hal_dma_ex.c.obj
LOAD CMakeFiles/USB.elf.dir/Drivers/STM32F4xx_HAL_Driver/Src/stm32f4xx_hal_exti.c.obj
LOAD CMakeFiles/USB.elf.dir/Drivers/STM32F4xx_HAL_Driver/Src/stm32f4xx_hal_flash.c.obj
LOAD CMakeFiles/USB.elf.dir/Drivers/STM32F4xx_HAL_Driver/Src/stm32f4xx_hal_flash_ex.c.obj
LOAD CMakeFiles/USB.elf.dir/Drivers/STM32F4xx_HAL_Driver/Src/stm32f4xx_hal_flash_ramfunc.c.obj
LOAD CMakeFiles/USB.elf.dir/Drivers/STM32F4xx_HAL_Driver/Src/stm32f4xx_hal_gpio.c.obj
LOAD CMakeFiles/USB.elf.dir/Drivers/STM32F4xx_HAL_Driver/Src/stm32f4xx_hal_i2c.c.obj
LOAD CMakeFiles/USB.elf.dir/Drivers/STM32F4xx_HAL_Driver/Src/stm32f4xx_hal_i2c_ex.c.obj
LOAD CMakeFiles/USB.elf.dir/Drivers/STM32F4xx_HAL_Driver/Src/stm32f4xx_hal_pcd.c.obj
LOAD CMakeFiles/USB.elf.dir/Drivers/STM32F4xx_HAL_Driver/Src/stm32f4xx_hal_pcd_ex.c.obj
LOAD CMakeFiles/USB.elf.dir/Drivers/STM32F4xx_HAL_Driver/Src/stm32f4xx_hal_pwr.c.obj
LOAD CMakeFiles/USB.elf.dir/Drivers/STM32F4xx_HAL_Driver/Src/stm32f4xx_hal_pwr_ex.c.obj
LOAD CMakeFiles/USB.elf.dir/Drivers/STM32F4xx_HAL_Driver/Src/stm32f4xx_hal_rcc.c.obj
LOAD CMakeFiles/USB.elf.dir/Drivers/STM32F4xx_HAL_Driver/Src/stm32f4xx_hal_rcc_ex.c.obj
LOAD CMakeFiles/USB.elf.dir/Drivers/STM32F4xx_HAL_Driver/Src/stm32f4xx_hal_tim.c.obj
LOAD CMakeFiles/USB.elf.dir/Drivers/STM32F4xx_HAL_Driver/Src/stm32f4xx_hal_tim_ex.c.obj
LOAD CMakeFiles/USB.elf.dir/Drivers/STM32F4xx_HAL_Driver/Src/stm32f4xx_ll_usb.c.obj
LOAD CMakeFiles/USB.elf.dir/Middlewares/ST/STM32_USB_Device_Library/Class/CDC/Src/usbd_cdc.c.obj
LOAD CMakeFiles/USB.elf.dir/Middlewares/ST/STM32_USB_Device_Library/Core/Src/usbd_core.c.obj
LOAD CMakeFiles/USB.elf.dir/Middlewares/ST/STM32_USB_Device_Library/Core/Src/usbd_ctlreq.c.obj
LOAD CMakeFiles/USB.elf.dir/Middlewares/ST/STM32_USB_Device_Library/Core/Src/usbd_ioreq.c.obj
LOAD CMakeFiles/USB.elf.dir/Middlewares/Third_Party/FreeRTOS/Source/CMSIS_RTOS_V2/cmsis_os2.c.obj
LOAD CMakeFiles/USB.elf.dir/Middlewares/Third_Party/FreeRTOS/Source/croutine.c.obj
LOAD CMakeFiles/USB.elf.dir/Middlewares/Third_Party/FreeRTOS/Source/event_groups.c.obj
LOAD CMakeFiles/USB.elf.dir/Middlewares/Third_Party/FreeRTOS/Source/list.c.obj
LOAD CMakeFiles/USB.elf.dir/Middlewares/Third_Party/FreeRTOS/Source/portable/GCC/ARM_CM4F/port.c.obj
LOAD CMakeFiles/USB.elf.dir/Middlewares/Third_Party/FreeRTOS/Source/portable/MemMang/heap_4.c.obj
LOAD CMakeFiles/USB.elf.dir/Middlewares/Third_Party/FreeRTOS/Source/queue.c.obj
LOAD CMakeFiles/USB.elf.dir/Middlewares/Third_Party/FreeRTOS/Source/stream_buffer.c.obj
LOAD CMakeFiles/USB.elf.dir/Middlewares/Third_Party/FreeRTOS/Source/tasks.c.obj
LOAD CMakeFiles/USB.elf.dir/Middlewares/Third_Party/FreeRTOS/Source/timers.c.obj
LOAD CMakeFiles/USB.elf.dir/USB_DEVICE/App/usb_device.c.obj
LOAD CMakeFiles/USB.elf.dir/USB_DEVICE/App/usbd_cdc_if.c.obj
LOAD CMakeFiles/USB.elf.dir/USB_DEVICE/App/usbd_desc.c.obj
LOAD CMakeFiles/USB.elf.dir/USB_DEVICE/Target/usbd_conf.c.obj
START GROUP
LOAD c:/progra~2/gnuarm~1/102021~1.10/bin/../lib/gcc/arm-none-eabi/10.3.1/thumb/v7e-m+fp/hard\libgcc.a
LOAD c:/progra~2/gnuarm~1/102021~1.10/bin/../lib/gcc/arm-none-eabi/10.3.1/../../../../arm-none-eabi/lib/thumb/v7e-m+fp/hard\libg.a
LOAD c:/progra~2/gnuarm~1/102021~1.10/bin/../lib/gcc/arm-none-eabi/10.3.1/../../../../arm-none-eabi/lib/thumb/v7e-m+fp/hard\libc.a
END GROUP
LOAD c:/progra~2/gnuarm~1/102021~1.10/bin/../lib/gcc/arm-none-eabi/10.3.1/thumb/v7e-m+fp/hard/crtend.o
LOAD c:/progra~2/gnuarm~1/102021~1.10/bin/../lib/gcc/arm-none-eabi/10.3.1/thumb/v7e-m+fp/hard/crtn.o
                0x20010000                _estack = (ORIGIN (RAM) + LENGTH (RAM))
                0x00000200                _Min_Heap_Size = 0x200
                0x00000400                _Min_Stack_Size = 0x400

.isr_vector     0x08000000      0x194
                0x08000000                . = ALIGN (0x4)
 *(.isr_vector)
 .isr_vector    0x08000000      0x194 CMakeFiles/USB.elf.dir/Core/Startup/startup_stm32f401ccux.s.obj
                0x08000000                g_pfnVectors
                0x08000194                . = ALIGN (0x4)

.text           0x080001c0     0xdf20
                0x080001c0                . = ALIGN (0x4)
 *(.text)
 .text          0x080001c0       0x40 c:/progra~2/gnuarm~1/102021~1.10/bin/../lib/gcc/arm-none-eabi/10.3.1/thumb/v7e-m+fp/hard/crtbegin.o
 .text          0x08000200       0x30 c:/progra~2/gnuarm~1/102021~1.10/bin/../lib/gcc/arm-none-eabi/10.3.1/thumb/v7e-m+fp/hard\libgcc.a(_aeabi_uldivmod.o)
                0x08000200                __aeabi_uldivmod
 .text          0x08000230      0x2d0 c:/progra~2/gnuarm~1/102021~1.10/bin/../lib/gcc/arm-none-eabi/10.3.1/thumb/v7e-m+fp/hard\libgcc.a(_udivmoddi4.o)
                0x08000230                __udivmoddi4
 .text          0x08000500        0x4 c:/progra~2/gnuarm~1/102021~1.10/bin/../lib/gcc/arm-none-eabi/10.3.1/thumb/v7e-m+fp/hard\libgcc.a(_dvmd_tls.o)
                0x08000500                __aeabi_idiv0
                0x08000500                __aeabi_ldiv0
 .text          0x08000504      0x134 c:/progra~2/gnuarm~1/102021~1.10/bin/../lib/gcc/arm-none-eabi/10.3.1/../../../../arm-none-eabi/lib/thumb/v7e-m+fp/hard\libg.a(lib_a-memcpy.o)
                0x08000504                memcpy
 *fill*         0x08000638        0x8 
 .text          0x08000640       0xa0 c:/progra~2/gnuarm~1/102021~1.10/bin/../lib/gcc/arm-none-eabi/10.3.1/../../../../arm-none-eabi/lib/thumb/v7e-m+fp/hard\libg.a(lib_a-memchr.o)
                0x08000640                memchr
 *fill*         0x080006e0       0x20 
 .text          0x08000700       0xdc c:/progra~2/gnuarm~1/102021~1.10/bin/../lib/gcc/arm-none-eabi/10.3.1/../../../../arm-none-eabi/lib/thumb/v7e-m+fp/hard\libg.a(lib_a-strlen.o)
                0x08000700                strlen
 .text          0x080007dc      0x378 c:/progra~2/gnuarm~1/102021~1.10/bin/../lib/gcc/arm-none-eabi/10.3.1/thumb/v7e-m+fp/hard\libgcc.a(_arm_addsubdf3.o)
                0x080007dc                __aeabi_drsub
                0x080007e4                __aeabi_dsub
                0x080007e4                __subdf3
                0x080007e8                __aeabi_dadd
                0x080007e8                __adddf3
                0x08000a60                __floatunsidf
                0x08000a60                __aeabi_ui2d
                0x08000a80                __floatsidf
                0x08000a80                __aeabi_i2d
                0x08000aa4                __aeabi_f2d
                0x08000aa4                __extendsfdf2
                0x08000ae8                __floatundidf
                0x08000ae8                __aeabi_ul2d
                0x08000af8                __floatdidf
                0x08000af8                __aeabi_l2d
 .text          0x08000b54      0x424 c:/progra~2/gnuarm~1/102021~1.10/bin/../lib/gcc/arm-none-eabi/10.3.1/thumb/v7e-m+fp/hard\libgcc.a(_arm_muldivdf3.o)
                0x08000b54                __aeabi_dmul
                0x08000b54                __muldf3
                0x08000da8                __divdf3
                0x08000da8                __aeabi_ddiv
 .text          0x08000f78      0x110 c:/progra~2/gnuarm~1/102021~1.10/bin/../lib/gcc/arm-none-eabi/10.3.1/thumb/v7e-m+fp/hard\libgcc.a(_arm_cmpdf2.o)
                0x08000f78                __gtdf2
                0x08000f78                __gedf2
                0x08000f80                __ltdf2
                0x08000f80                __ledf2
                0x08000f88                __nedf2
                0x08000f88                __eqdf2
                0x08000f88                __cmpdf2
                0x08001004                __aeabi_cdrcmple
                0x08001014                __aeabi_cdcmpeq
                0x08001014                __aeabi_cdcmple
                0x08001024                __aeabi_dcmpeq
                0x08001038                __aeabi_dcmplt
                0x0800104c                __aeabi_dcmple
                0x08001060                __aeabi_dcmpge
                0x08001074                __aeabi_dcmpgt
 .text          0x08001088       0x2c c:/progra~2/gnuarm~1/102021~1.10/bin/../lib/gcc/arm-none-eabi/10.3.1/thumb/v7e-m+fp/hard\libgcc.a(_arm_unorddf2.o)
                0x08001088                __unorddf2
                0x08001088                __aeabi_dcmpun
 .text          0x080010b4       0x50 c:/progra~2/gnuarm~1/102021~1.10/bin/../lib/gcc/arm-none-eabi/10.3.1/thumb/v7e-m+fp/hard\libgcc.a(_arm_fixdfsi.o)
                0x080010b4                __aeabi_d2iz
                0x080010b4                __fixdfsi
 *(.text*)
 .text.MX_GPIO_Init
                0x08001104       0xa4 CMakeFiles/USB.elf.dir/Core/Src/main.c.obj
 .text.StartLED
                0x080011a8       0x18 CMakeFiles/USB.elf.dir/Core/Src/main.c.obj
                0x080011a8                StartLED
 .text.MAIN     0x080011c0       0x64 CMakeFiles/USB.elf.dir/Core/Src/main.c.obj
                0x080011c0                MAIN
 .text.run_USB  0x08001224       0x38 CMakeFiles/USB.elf.dir/Core/Src/main.c.obj
                0x08001224                run_USB
 .text._write   0x0800125c       0x46 CMakeFiles/USB.elf.dir/Core/Src/main.c.obj
                0x0800125c                _write
 *fill*         0x080012a2        0x2 
 .text.HAL_TIM_PeriodElapsedCallback
                0x080012a4       0x18 CMakeFiles/USB.elf.dir/Core/Src/main.c.obj
                0x080012a4                HAL_TIM_PeriodElapsedCallback
 .text.Error_Handler
                0x080012bc        0x4 CMakeFiles/USB.elf.dir/Core/Src/main.c.obj
                0x080012bc                Error_Handler
 .text.MX_I2C1_Init
                0x080012c0       0x38 CMakeFiles/USB.elf.dir/Core/Src/main.c.obj
 .text.SystemClock_Config
                0x080012f8       0xac CMakeFiles/USB.elf.dir/Core/Src/main.c.obj
                0x080012f8                SystemClock_Config
 .text.main     0x080013a4       0x5c CMakeFiles/USB.elf.dir/Core/Src/main.c.obj
                0x080013a4                main
 .text.HAL_MspInit
                0x08001400       0x44 CMakeFiles/USB.elf.dir/Core/Src/stm32f4xx_hal_msp.c.obj
                0x08001400                HAL_MspInit
 .text.HAL_I2C_MspInit
                0x08001444       0x70 CMakeFiles/USB.elf.dir/Core/Src/stm32f4xx_hal_msp.c.obj
                0x08001444                HAL_I2C_MspInit
 .text.HAL_InitTick
                0x080014b4       0x98 CMakeFiles/USB.elf.dir/Core/Src/stm32f4xx_hal_timebase_tim.c.obj
                0x080014b4                HAL_InitTick
 .text.NMI_Handler
                0x0800154c        0x2 CMakeFiles/USB.elf.dir/Core/Src/stm32f4xx_it.c.obj
                0x0800154c                NMI_Handler
 .text.HardFault_Handler
                0x0800154e        0x2 CMakeFiles/USB.elf.dir/Core/Src/stm32f4xx_it.c.obj
                0x0800154e                HardFault_Handler
 .text.MemManage_Handler
                0x08001550        0x2 CMakeFiles/USB.elf.dir/Core/Src/stm32f4xx_it.c.obj
                0x08001550                MemManage_Handler
 .text.BusFault_Handler
                0x08001552        0x2 CMakeFiles/USB.elf.dir/Core/Src/stm32f4xx_it.c.obj
                0x08001552                BusFault_Handler
 .text.UsageFault_Handler
                0x08001554        0x2 CMakeFiles/USB.elf.dir/Core/Src/stm32f4xx_it.c.obj
                0x08001554                UsageFault_Handler
 .text.DebugMon_Handler
                0x08001556        0x2 CMakeFiles/USB.elf.dir/Core/Src/stm32f4xx_it.c.obj
                0x08001556                DebugMon_Handler
 .text.TIM1_TRG_COM_TIM11_IRQHandler
                0x08001558       0x10 CMakeFiles/USB.elf.dir/Core/Src/stm32f4xx_it.c.obj
                0x08001558                TIM1_TRG_COM_TIM11_IRQHandler
 .text.OTG_FS_IRQHandler
                0x08001568       0x10 CMakeFiles/USB.elf.dir/Core/Src/stm32f4xx_it.c.obj
                0x08001568                OTG_FS_IRQHandler
 .text._getpid  0x08001578        0x4 CMakeFiles/USB.elf.dir/Core/Src/syscalls.c.obj
                0x08001578                _getpid
 .text._kill    0x0800157c       0x10 CMakeFiles/USB.elf.dir/Core/Src/syscalls.c.obj
                0x0800157c                _kill
 .text._exit    0x0800158c        0xc CMakeFiles/USB.elf.dir/Core/Src/syscalls.c.obj
                0x0800158c                _exit
 .text._read    0x08001598       0x20 CMakeFiles/USB.elf.dir/Core/Src/syscalls.c.obj
                0x08001598                _read
 .text._close   0x080015b8        0x6 CMakeFiles/USB.elf.dir/Core/Src/syscalls.c.obj
                0x080015b8                _close
 .text._fstat   0x080015be        0xa CMakeFiles/USB.elf.dir/Core/Src/syscalls.c.obj
                0x080015be                _fstat
 .text._isatty  0x080015c8        0x4 CMakeFiles/USB.elf.dir/Core/Src/syscalls.c.obj
                0x080015c8                _isatty
 .text._lseek   0x080015cc        0x4 CMakeFiles/USB.elf.dir/Core/Src/syscalls.c.obj
                0x080015cc                _lseek
 .text._sbrk    0x080015d0       0x48 CMakeFiles/USB.elf.dir/Core/Src/sysmem.c.obj
                0x080015d0                _sbrk
 .text.SystemInit
                0x08001618       0x14 CMakeFiles/USB.elf.dir/Core/Src/system_stm32f4xx.c.obj
                0x08001618                SystemInit
 .text.Reset_Handler
                0x0800162c       0x50 CMakeFiles/USB.elf.dir/Core/Startup/startup_stm32f401ccux.s.obj
                0x0800162c                Reset_Handler
 .text.Default_Handler
                0x0800167c        0x2 CMakeFiles/USB.elf.dir/Core/Startup/startup_stm32f401ccux.s.obj
                0x0800167c                RTC_Alarm_IRQHandler
                0x0800167c                EXTI2_IRQHandler
                0x0800167c                SPI4_IRQHandler
                0x0800167c                TIM1_CC_IRQHandler
                0x0800167c                DMA2_Stream5_IRQHandler
                0x0800167c                DMA1_Stream5_IRQHandler
                0x0800167c                PVD_IRQHandler
                0x0800167c                SDIO_IRQHandler
                0x0800167c                TAMP_STAMP_IRQHandler
                0x0800167c                EXTI3_IRQHandler
                0x0800167c                TIM1_UP_TIM10_IRQHandler
                0x0800167c                I2C3_ER_IRQHandler
                0x0800167c                EXTI0_IRQHandler
                0x0800167c                I2C2_EV_IRQHandler
                0x0800167c                DMA1_Stream2_IRQHandler
                0x0800167c                FPU_IRQHandler
                0x0800167c                DMA2_Stream2_IRQHandler
                0x0800167c                SPI1_IRQHandler
                0x0800167c                TIM1_BRK_TIM9_IRQHandler
                0x0800167c                DMA2_Stream3_IRQHandler
                0x0800167c                USART6_IRQHandler
                0x0800167c                DMA2_Stream0_IRQHandler
                0x0800167c                TIM4_IRQHandler
                0x0800167c                I2C1_EV_IRQHandler
                0x0800167c                DMA1_Stream6_IRQHandler
                0x0800167c                DMA1_Stream1_IRQHandler
                0x0800167c                TIM3_IRQHandler
                0x0800167c                RCC_IRQHandler
                0x0800167c                Default_Handler
                0x0800167c                EXTI15_10_IRQHandler
                0x0800167c                ADC_IRQHandler
                0x0800167c                DMA1_Stream7_IRQHandler
                0x0800167c                TIM5_IRQHandler
                0x0800167c                DMA2_Stream7_IRQHandler
                0x0800167c                I2C3_EV_IRQHandler
                0x0800167c                EXTI9_5_IRQHandler
                0x0800167c                RTC_WKUP_IRQHandler
                0x0800167c                SPI2_IRQHandler
                0x0800167c                DMA1_Stream0_IRQHandler
                0x0800167c                EXTI4_IRQHandler
                0x0800167c                WWDG_IRQHandler
                0x0800167c                TIM2_IRQHandler
                0x0800167c                OTG_FS_WKUP_IRQHandler
                0x0800167c                EXTI1_IRQHandler
                0x0800167c                USART2_IRQHandler
                0x0800167c                I2C2_ER_IRQHandler
                0x0800167c                DMA2_Stream1_IRQHandler
                0x0800167c                FLASH_IRQHandler
                0x0800167c                DMA2_Stream4_IRQHandler
                0x0800167c                USART1_IRQHandler
                0x0800167c                SPI3_IRQHandler
                0x0800167c                DMA1_Stream4_IRQHandler
                0x0800167c                I2C1_ER_IRQHandler
                0x0800167c                DMA2_Stream6_IRQHandler
                0x0800167c                DMA1_Stream3_IRQHandler
 *fill*         0x0800167e        0x2 
 .text.HAL_Init
                0x08001680       0x34 CMakeFiles/USB.elf.dir/Drivers/STM32F4xx_HAL_Driver/Src/stm32f4xx_hal.c.obj
                0x08001680                HAL_Init
 .text.HAL_IncTick
                0x080016b4       0x18 CMakeFiles/USB.elf.dir/Drivers/STM32F4xx_HAL_Driver/Src/stm32f4xx_hal.c.obj
                0x080016b4                HAL_IncTick
 .text.HAL_GetTick
                0x080016cc        0xc CMakeFiles/USB.elf.dir/Drivers/STM32F4xx_HAL_Driver/Src/stm32f4xx_hal.c.obj
                0x080016cc                HAL_GetTick
 .text.HAL_Delay
                0x080016d8       0x28 CMakeFiles/USB.elf.dir/Drivers/STM32F4xx_HAL_Driver/Src/stm32f4xx_hal.c.obj
                0x080016d8                HAL_Delay
 .text.HAL_NVIC_SetPriorityGrouping
                0x08001700       0x24 CMakeFiles/USB.elf.dir/Drivers/STM32F4xx_HAL_Driver/Src/stm32f4xx_hal_cortex.c.obj
                0x08001700                HAL_NVIC_SetPriorityGrouping
 .text.HAL_NVIC_SetPriority
                0x08001724       0x70 CMakeFiles/USB.elf.dir/Drivers/STM32F4xx_HAL_Driver/Src/stm32f4xx_hal_cortex.c.obj
                0x08001724                HAL_NVIC_SetPriority
 .text.HAL_NVIC_EnableIRQ
                0x08001794       0x1c CMakeFiles/USB.elf.dir/Drivers/STM32F4xx_HAL_Driver/Src/stm32f4xx_hal_cortex.c.obj
                0x08001794                HAL_NVIC_EnableIRQ
 .text.HAL_GPIO_Init
                0x080017b0      0x1c0 CMakeFiles/USB.elf.dir/Drivers/STM32F4xx_HAL_Driver/Src/stm32f4xx_hal_gpio.c.obj
                0x080017b0                HAL_GPIO_Init
 .text.HAL_GPIO_WritePin
                0x08001970        0xc CMakeFiles/USB.elf.dir/Drivers/STM32F4xx_HAL_Driver/Src/stm32f4xx_hal_gpio.c.obj
                0x08001970                HAL_GPIO_WritePin
 .text.HAL_GPIO_TogglePin
                0x0800197c       0x12 CMakeFiles/USB.elf.dir/Drivers/STM32F4xx_HAL_Driver/Src/stm32f4xx_hal_gpio.c.obj
                0x0800197c                HAL_GPIO_TogglePin
 *fill*         0x0800198e        0x2 
 .text.HAL_I2C_Init
                0x08001990      0x1bc CMakeFiles/USB.elf.dir/Drivers/STM32F4xx_HAL_Driver/Src/stm32f4xx_hal_i2c.c.obj
                0x08001990                HAL_I2C_Init
 .text.PCD_WriteEmptyTxFifo
                0x08001b4c       0xd0 CMakeFiles/USB.elf.dir/Drivers/STM32F4xx_HAL_Driver/Src/stm32f4xx_hal_pcd.c.obj
 .text.PCD_EP_OutXfrComplete_int
                0x08001c1c      0x104 CMakeFiles/USB.elf.dir/Drivers/STM32F4xx_HAL_Driver/Src/stm32f4xx_hal_pcd.c.obj
 .text.PCD_EP_OutSetupPacket_int
                0x08001d20       0x50 CMakeFiles/USB.elf.dir/Drivers/STM32F4xx_HAL_Driver/Src/stm32f4xx_hal_pcd.c.obj
 .text.HAL_PCD_SetAddress
                0x08001d70       0x28 CMakeFiles/USB.elf.dir/Drivers/STM32F4xx_HAL_Driver/Src/stm32f4xx_hal_pcd.c.obj
                0x08001d70                HAL_PCD_SetAddress
 .text.HAL_PCD_EP_Open
                0x08001d98       0x8a CMakeFiles/USB.elf.dir/Drivers/STM32F4xx_HAL_Driver/Src/stm32f4xx_hal_pcd.c.obj
                0x08001d98                HAL_PCD_EP_Open
 .text.HAL_PCD_EP_Receive
                0x08001e22       0x5e CMakeFiles/USB.elf.dir/Drivers/STM32F4xx_HAL_Driver/Src/stm32f4xx_hal_pcd.c.obj
                0x08001e22                HAL_PCD_EP_Receive
 .text.HAL_PCD_EP_Transmit
                0x08001e80       0x5e CMakeFiles/USB.elf.dir/Drivers/STM32F4xx_HAL_Driver/Src/stm32f4xx_hal_pcd.c.obj
                0x08001e80                HAL_PCD_EP_Transmit
 .text.HAL_PCD_EP_SetStall
                0x08001ede       0x88 CMakeFiles/USB.elf.dir/Drivers/STM32F4xx_HAL_Driver/Src/stm32f4xx_hal_pcd.c.obj
                0x08001ede                HAL_PCD_EP_SetStall
 .text.HAL_PCD_EP_ClrStall
                0x08001f66       0x76 CMakeFiles/USB.elf.dir/Drivers/STM32F4xx_HAL_Driver/Src/stm32f4xx_hal_pcd.c.obj
                0x08001f66                HAL_PCD_EP_ClrStall
 .text.HAL_PCD_EP_Abort
                0x08001fdc       0x34 CMakeFiles/USB.elf.dir/Drivers/STM32F4xx_HAL_Driver/Src/stm32f4xx_hal_pcd.c.obj
                0x08001fdc                HAL_PCD_EP_Abort
 .text.HAL_PCD_IRQHandler
                0x08002010      0x5c4 CMakeFiles/USB.elf.dir/Drivers/STM32F4xx_HAL_Driver/Src/stm32f4xx_hal_pcd.c.obj
                0x08002010                HAL_PCD_IRQHandler
 .text.HAL_PCDEx_LPM_Callback
                0x080025d4        0x2 CMakeFiles/USB.elf.dir/Drivers/STM32F4xx_HAL_Driver/Src/stm32f4xx_hal_pcd_ex.c.obj
                0x080025d4                HAL_PCDEx_LPM_Callback
 *fill*         0x080025d6        0x2 
 .text.HAL_RCC_OscConfig
                0x080025d8      0x3f8 CMakeFiles/USB.elf.dir/Drivers/STM32F4xx_HAL_Driver/Src/stm32f4xx_hal_rcc.c.obj
                0x080025d8                HAL_RCC_OscConfig
 .text.HAL_RCC_GetSysClockFreq
                0x080029d0       0xa4 CMakeFiles/USB.elf.dir/Drivers/STM32F4xx_HAL_Driver/Src/stm32f4xx_hal_rcc.c.obj
                0x080029d0                HAL_RCC_GetSysClockFreq
 .text.HAL_RCC_ClockConfig
                0x08002a74      0x160 CMakeFiles/USB.elf.dir/Drivers/STM32F4xx_HAL_Driver/Src/stm32f4xx_hal_rcc.c.obj
                0x08002a74                HAL_RCC_ClockConfig
 .text.HAL_RCC_GetHCLKFreq
                0x08002bd4        0xc CMakeFiles/USB.elf.dir/Drivers/STM32F4xx_HAL_Driver/Src/stm32f4xx_hal_rcc.c.obj
                0x08002bd4                HAL_RCC_GetHCLKFreq
 .text.HAL_RCC_GetPCLK1Freq
                0x08002be0       0x20 CMakeFiles/USB.elf.dir/Drivers/STM32F4xx_HAL_Driver/Src/stm32f4xx_hal_rcc.c.obj
                0x08002be0                HAL_RCC_GetPCLK1Freq
 .text.HAL_RCC_GetPCLK2Freq
                0x08002c00       0x20 CMakeFiles/USB.elf.dir/Drivers/STM32F4xx_HAL_Driver/Src/stm32f4xx_hal_rcc.c.obj
                0x08002c00                HAL_RCC_GetPCLK2Freq
 .text.HAL_RCC_GetClockConfig
                0x08002c20       0x3c CMakeFiles/USB.elf.dir/Drivers/STM32F4xx_HAL_Driver/Src/stm32f4xx_hal_rcc.c.obj
                0x08002c20                HAL_RCC_GetClockConfig
 .text.HAL_TIM_Base_MspInit
                0x08002c5c        0x2 CMakeFiles/USB.elf.dir/Drivers/STM32F4xx_HAL_Driver/Src/stm32f4xx_hal_tim.c.obj
                0x08002c5c                HAL_TIM_Base_MspInit
 *fill*         0x08002c5e        0x2 
 .text.HAL_TIM_Base_Start_IT
                0x08002c60       0x78 CMakeFiles/USB.elf.dir/Drivers/STM32F4xx_HAL_Driver/Src/stm32f4xx_hal_tim.c.obj
                0x08002c60                HAL_TIM_Base_Start_IT
 .text.HAL_TIM_OC_DelayElapsedCallback
                0x08002cd8        0x2 CMakeFiles/USB.elf.dir/Drivers/STM32F4xx_HAL_Driver/Src/stm32f4xx_hal_tim.c.obj
                0x08002cd8                HAL_TIM_OC_DelayElapsedCallback
 .text.HAL_TIM_IC_CaptureCallback
                0x08002cda        0x2 CMakeFiles/USB.elf.dir/Drivers/STM32F4xx_HAL_Driver/Src/stm32f4xx_hal_tim.c.obj
                0x08002cda                HAL_TIM_IC_CaptureCallback
 .text.HAL_TIM_PWM_PulseFinishedCallback
                0x08002cdc        0x2 CMakeFiles/USB.elf.dir/Drivers/STM32F4xx_HAL_Driver/Src/stm32f4xx_hal_tim.c.obj
                0x08002cdc                HAL_TIM_PWM_PulseFinishedCallback
 .text.HAL_TIM_TriggerCallback
                0x08002cde        0x2 CMakeFiles/USB.elf.dir/Drivers/STM32F4xx_HAL_Driver/Src/stm32f4xx_hal_tim.c.obj
                0x08002cde                HAL_TIM_TriggerCallback
 .text.HAL_TIM_IRQHandler
                0x08002ce0      0x17a CMakeFiles/USB.elf.dir/Drivers/STM32F4xx_HAL_Driver/Src/stm32f4xx_hal_tim.c.obj
                0x08002ce0                HAL_TIM_IRQHandler
 *fill*         0x08002e5a        0x2 
 .text.TIM_Base_SetConfig
                0x08002e5c       0x9c CMakeFiles/USB.elf.dir/Drivers/STM32F4xx_HAL_Driver/Src/stm32f4xx_hal_tim.c.obj
                0x08002e5c                TIM_Base_SetConfig
 .text.HAL_TIM_Base_Init
                0x08002ef8       0x58 CMakeFiles/USB.elf.dir/Drivers/STM32F4xx_HAL_Driver/Src/stm32f4xx_hal_tim.c.obj
                0x08002ef8                HAL_TIM_Base_Init
 .text.HAL_TIMEx_CommutCallback
                0x08002f50        0x2 CMakeFiles/USB.elf.dir/Drivers/STM32F4xx_HAL_Driver/Src/stm32f4xx_hal_tim_ex.c.obj
                0x08002f50                HAL_TIMEx_CommutCallback
 .text.HAL_TIMEx_BreakCallback
                0x08002f52        0x2 CMakeFiles/USB.elf.dir/Drivers/STM32F4xx_HAL_Driver/Src/stm32f4xx_hal_tim_ex.c.obj
                0x08002f52                HAL_TIMEx_BreakCallback
 .text.USB_SetTurnaroundTime
                0x08002f54       0xe4 CMakeFiles/USB.elf.dir/Drivers/STM32F4xx_HAL_Driver/Src/stm32f4xx_ll_usb.c.obj
                0x08002f54                USB_SetTurnaroundTime
 .text.USB_FlushTxFifo
                0x08003038       0x50 CMakeFiles/USB.elf.dir/Drivers/STM32F4xx_HAL_Driver/Src/stm32f4xx_ll_usb.c.obj
                0x08003038                USB_FlushTxFifo
 .text.USB_GetDevSpeed
                0x08003088       0x22 CMakeFiles/USB.elf.dir/Drivers/STM32F4xx_HAL_Driver/Src/stm32f4xx_ll_usb.c.obj
                0x08003088                USB_GetDevSpeed
 .text.USB_ActivateEndpoint
                0x080030aa       0x9c CMakeFiles/USB.elf.dir/Drivers/STM32F4xx_HAL_Driver/Src/stm32f4xx_ll_usb.c.obj
                0x080030aa                USB_ActivateEndpoint
 .text.USB_EP0StartXfer
                0x08003146      0x124 CMakeFiles/USB.elf.dir/Drivers/STM32F4xx_HAL_Driver/Src/stm32f4xx_ll_usb.c.obj
                0x08003146                USB_EP0StartXfer
 .text.USB_EPStopXfer
                0x0800326a       0xbe CMakeFiles/USB.elf.dir/Drivers/STM32F4xx_HAL_Driver/Src/stm32f4xx_ll_usb.c.obj
                0x0800326a                USB_EPStopXfer
 .text.USB_WritePacket
                0x08003328       0x2e CMakeFiles/USB.elf.dir/Drivers/STM32F4xx_HAL_Driver/Src/stm32f4xx_ll_usb.c.obj
                0x08003328                USB_WritePacket
 *fill*         0x08003356        0x2 
 .text.USB_EPStartXfer
                0x08003358      0x234 CMakeFiles/USB.elf.dir/Drivers/STM32F4xx_HAL_Driver/Src/stm32f4xx_ll_usb.c.obj
                0x08003358                USB_EPStartXfer
 .text.USB_ReadPacket
                0x0800358c       0x54 CMakeFiles/USB.elf.dir/Drivers/STM32F4xx_HAL_Driver/Src/stm32f4xx_ll_usb.c.obj
                0x0800358c                USB_ReadPacket
 .text.USB_EPSetStall
                0x080035e0       0x5a CMakeFiles/USB.elf.dir/Drivers/STM32F4xx_HAL_Driver/Src/stm32f4xx_ll_usb.c.obj
                0x080035e0                USB_EPSetStall
 .text.USB_EPClearStall
                0x0800363a       0x5c CMakeFiles/USB.elf.dir/Drivers/STM32F4xx_HAL_Driver/Src/stm32f4xx_ll_usb.c.obj
                0x0800363a                USB_EPClearStall
 .text.USB_SetDevAddress
                0x08003696       0x20 CMakeFiles/USB.elf.dir/Drivers/STM32F4xx_HAL_Driver/Src/stm32f4xx_ll_usb.c.obj
                0x08003696                USB_SetDevAddress
 .text.USB_ReadInterrupts
                0x080036b6        0x8 CMakeFiles/USB.elf.dir/Drivers/STM32F4xx_HAL_Driver/Src/stm32f4xx_ll_usb.c.obj
                0x080036b6                USB_ReadInterrupts
 .text.USB_ReadDevAllOutEpInterrupt
                0x080036be       0x10 CMakeFiles/USB.elf.dir/Drivers/STM32F4xx_HAL_Driver/Src/stm32f4xx_ll_usb.c.obj
                0x080036be                USB_ReadDevAllOutEpInterrupt
 .text.USB_ReadDevAllInEpInterrupt
                0x080036ce       0x10 CMakeFiles/USB.elf.dir/Drivers/STM32F4xx_HAL_Driver/Src/stm32f4xx_ll_usb.c.obj
                0x080036ce                USB_ReadDevAllInEpInterrupt
 .text.USB_ReadDevOutEPInterrupt
                0x080036de       0x12 CMakeFiles/USB.elf.dir/Drivers/STM32F4xx_HAL_Driver/Src/stm32f4xx_ll_usb.c.obj
                0x080036de                USB_ReadDevOutEPInterrupt
 .text.USB_ReadDevInEPInterrupt
                0x080036f0       0x28 CMakeFiles/USB.elf.dir/Drivers/STM32F4xx_HAL_Driver/Src/stm32f4xx_ll_usb.c.obj
                0x080036f0                USB_ReadDevInEPInterrupt
 .text.USB_GetMode
                0x08003718        0x8 CMakeFiles/USB.elf.dir/Drivers/STM32F4xx_HAL_Driver/Src/stm32f4xx_ll_usb.c.obj
                0x08003718                USB_GetMode
 .text.USB_ActivateSetup
                0x08003720       0x20 CMakeFiles/USB.elf.dir/Drivers/STM32F4xx_HAL_Driver/Src/stm32f4xx_ll_usb.c.obj
                0x08003720                USB_ActivateSetup
 .text.USB_EP0_OutStart
                0x08003740       0x60 CMakeFiles/USB.elf.dir/Drivers/STM32F4xx_HAL_Driver/Src/stm32f4xx_ll_usb.c.obj
                0x08003740                USB_EP0_OutStart
 .text.USBD_CDC_SetTxBuffer
                0x080037a0       0x1c CMakeFiles/USB.elf.dir/Middlewares/ST/STM32_USB_Device_Library/Class/CDC/Src/usbd_cdc.c.obj
                0x080037a0                USBD_CDC_SetTxBuffer
 .text.USBD_CDC_TransmitPacket
                0x080037bc       0x3a CMakeFiles/USB.elf.dir/Middlewares/ST/STM32_USB_Device_Library/Class/CDC/Src/usbd_cdc.c.obj
                0x080037bc                USBD_CDC_TransmitPacket
 .text.USBD_SetClassConfig
                0x080037f6       0x12 CMakeFiles/USB.elf.dir/Middlewares/ST/STM32_USB_Device_Library/Core/Src/usbd_core.c.obj
                0x080037f6                USBD_SetClassConfig
 .text.USBD_ClrClassConfig
                0x08003808       0x12 CMakeFiles/USB.elf.dir/Middlewares/ST/STM32_USB_Device_Library/Core/Src/usbd_core.c.obj
                0x08003808                USBD_ClrClassConfig
 .text.USBD_LL_SetupStage
                0x0800381a       0x58 CMakeFiles/USB.elf.dir/Middlewares/ST/STM32_USB_Device_Library/Core/Src/usbd_core.c.obj
                0x0800381a                USBD_LL_SetupStage
 .text.USBD_LL_Reset
                0x08003872       0x64 CMakeFiles/USB.elf.dir/Middlewares/ST/STM32_USB_Device_Library/Core/Src/usbd_core.c.obj
                0x08003872                USBD_LL_Reset
 .text.USBD_LL_SetSpeed
                0x080038d6        0x6 CMakeFiles/USB.elf.dir/Middlewares/ST/STM32_USB_Device_Library/Core/Src/usbd_core.c.obj
                0x080038d6                USBD_LL_SetSpeed
 .text.USBD_LL_Suspend
                0x080038dc       0x14 CMakeFiles/USB.elf.dir/Middlewares/ST/STM32_USB_Device_Library/Core/Src/usbd_core.c.obj
                0x080038dc                USBD_LL_Suspend
 .text.USBD_LL_Resume
                0x080038f0       0x1a CMakeFiles/USB.elf.dir/Middlewares/ST/STM32_USB_Device_Library/Core/Src/usbd_core.c.obj
                0x080038f0                USBD_LL_Resume
 .text.USBD_LL_SOF
                0x0800390a       0x22 CMakeFiles/USB.elf.dir/Middlewares/ST/STM32_USB_Device_Library/Core/Src/usbd_core.c.obj
                0x0800390a                USBD_LL_SOF
 .text.USBD_LL_IsoINIncomplete
                0x0800392c       0x2e CMakeFiles/USB.elf.dir/Middlewares/ST/STM32_USB_Device_Library/Core/Src/usbd_core.c.obj
                0x0800392c                USBD_LL_IsoINIncomplete
 .text.USBD_LL_IsoOUTIncomplete
                0x0800395a       0x2e CMakeFiles/USB.elf.dir/Middlewares/ST/STM32_USB_Device_Library/Core/Src/usbd_core.c.obj
                0x0800395a                USBD_LL_IsoOUTIncomplete
 .text.USBD_LL_DevConnected
                0x08003988        0x4 CMakeFiles/USB.elf.dir/Middlewares/ST/STM32_USB_Device_Library/Core/Src/usbd_core.c.obj
                0x08003988                USBD_LL_DevConnected
 .text.USBD_LL_DevDisconnected
                0x0800398c       0x20 CMakeFiles/USB.elf.dir/Middlewares/ST/STM32_USB_Device_Library/Core/Src/usbd_core.c.obj
                0x0800398c                USBD_LL_DevDisconnected
 .text.USBD_CoreFindIF
                0x080039ac        0x4 CMakeFiles/USB.elf.dir/Middlewares/ST/STM32_USB_Device_Library/Core/Src/usbd_core.c.obj
                0x080039ac                USBD_CoreFindIF
 .text.USBD_CoreFindEP
                0x080039b0        0x4 CMakeFiles/USB.elf.dir/Middlewares/ST/STM32_USB_Device_Library/Core/Src/usbd_core.c.obj
                0x080039b0                USBD_CoreFindEP
 .text.USBD_LL_DataOutStage
                0x080039b4       0xc6 CMakeFiles/USB.elf.dir/Middlewares/ST/STM32_USB_Device_Library/Core/Src/usbd_core.c.obj
                0x080039b4                USBD_LL_DataOutStage
 .text.USBD_LL_DataInStage
                0x08003a7a       0xd6 CMakeFiles/USB.elf.dir/Middlewares/ST/STM32_USB_Device_Library/Core/Src/usbd_core.c.obj
                0x08003a7a                USBD_LL_DataInStage
 .text.USBD_ParseSetupRequest
                0x08003b50       0x28 CMakeFiles/USB.elf.dir/Middlewares/ST/STM32_USB_Device_Library/Core/Src/usbd_ctlreq.c.obj
                0x08003b50                USBD_ParseSetupRequest
 .text.USBD_CtlError
                0x08003b78       0x14 CMakeFiles/USB.elf.dir/Middlewares/ST/STM32_USB_Device_Library/Core/Src/usbd_ctlreq.c.obj
                0x08003b78                USBD_CtlError
 .text.USBD_GetDescriptor
                0x08003b8c      0x18a CMakeFiles/USB.elf.dir/Middlewares/ST/STM32_USB_Device_Library/Core/Src/usbd_ctlreq.c.obj
 .text.USBD_SetAddress
                0x08003d16       0x50 CMakeFiles/USB.elf.dir/Middlewares/ST/STM32_USB_Device_Library/Core/Src/usbd_ctlreq.c.obj
 *fill*         0x08003d66        0x2 
 .text.USBD_SetConfig
                0x08003d68       0xcc CMakeFiles/USB.elf.dir/Middlewares/ST/STM32_USB_Device_Library/Core/Src/usbd_ctlreq.c.obj
 .text.USBD_GetConfig
                0x08003e34       0x40 CMakeFiles/USB.elf.dir/Middlewares/ST/STM32_USB_Device_Library/Core/Src/usbd_ctlreq.c.obj
 .text.USBD_GetStatus
                0x08003e74       0x38 CMakeFiles/USB.elf.dir/Middlewares/ST/STM32_USB_Device_Library/Core/Src/usbd_ctlreq.c.obj
 .text.USBD_SetFeature
                0x08003eac       0x2a CMakeFiles/USB.elf.dir/Middlewares/ST/STM32_USB_Device_Library/Core/Src/usbd_ctlreq.c.obj
 .text.USBD_ClrFeature
                0x08003ed6       0x26 CMakeFiles/USB.elf.dir/Middlewares/ST/STM32_USB_Device_Library/Core/Src/usbd_ctlreq.c.obj
 .text.USBD_StdDevReq
                0x08003efc       0x76 CMakeFiles/USB.elf.dir/Middlewares/ST/STM32_USB_Device_Library/Core/Src/usbd_ctlreq.c.obj
                0x08003efc                USBD_StdDevReq
 .text.USBD_StdItfReq
                0x08003f72       0x84 CMakeFiles/USB.elf.dir/Middlewares/ST/STM32_USB_Device_Library/Core/Src/usbd_ctlreq.c.obj
                0x08003f72                USBD_StdItfReq
 .text.USBD_StdEPReq
                0x08003ff6      0x230 CMakeFiles/USB.elf.dir/Middlewares/ST/STM32_USB_Device_Library/Core/Src/usbd_ctlreq.c.obj
                0x08003ff6                USBD_StdEPReq
 .text.USBD_CtlSendData
                0x08004226       0x1a CMakeFiles/USB.elf.dir/Middlewares/ST/STM32_USB_Device_Library/Core/Src/usbd_ioreq.c.obj
                0x08004226                USBD_CtlSendData
 .text.USBD_CtlContinueSendData
                0x08004240       0x10 CMakeFiles/USB.elf.dir/Middlewares/ST/STM32_USB_Device_Library/Core/Src/usbd_ioreq.c.obj
                0x08004240                USBD_CtlContinueSendData
 .text.USBD_CtlContinueRx
                0x08004250       0x10 CMakeFiles/USB.elf.dir/Middlewares/ST/STM32_USB_Device_Library/Core/Src/usbd_ioreq.c.obj
                0x08004250                USBD_CtlContinueRx
 .text.USBD_CtlSendStatus
                0x08004260       0x16 CMakeFiles/USB.elf.dir/Middlewares/ST/STM32_USB_Device_Library/Core/Src/usbd_ioreq.c.obj
                0x08004260                USBD_CtlSendStatus
 .text.USBD_CtlReceiveStatus
                0x08004276       0x16 CMakeFiles/USB.elf.dir/Middlewares/ST/STM32_USB_Device_Library/Core/Src/usbd_ioreq.c.obj
                0x08004276                USBD_CtlReceiveStatus
 .text.SysTick_Handler
                0x0800428c       0x18 CMakeFiles/USB.elf.dir/Middlewares/Third_Party/FreeRTOS/Source/CMSIS_RTOS_V2/cmsis_os2.c.obj
                0x0800428c                SysTick_Handler
 .text.osKernelInitialize
                0x080042a4       0x24 CMakeFiles/USB.elf.dir/Middlewares/Third_Party/FreeRTOS/Source/CMSIS_RTOS_V2/cmsis_os2.c.obj
                0x080042a4                osKernelInitialize
 .text.osKernelStart
                0x080042c8       0x38 CMakeFiles/USB.elf.dir/Middlewares/Third_Party/FreeRTOS/Source/CMSIS_RTOS_V2/cmsis_os2.c.obj
                0x080042c8                osKernelStart
 .text.osThreadNew
                0x08004300       0xbe CMakeFiles/USB.elf.dir/Middlewares/Third_Party/FreeRTOS/Source/CMSIS_RTOS_V2/cmsis_os2.c.obj
                0x08004300                osThreadNew
 .text.osThreadSuspend
                0x080043be       0x1e CMakeFiles/USB.elf.dir/Middlewares/Third_Party/FreeRTOS/Source/CMSIS_RTOS_V2/cmsis_os2.c.obj
                0x080043be                osThreadSuspend
 .text.osThreadResume
                0x080043dc       0x1e CMakeFiles/USB.elf.dir/Middlewares/Third_Party/FreeRTOS/Source/CMSIS_RTOS_V2/cmsis_os2.c.obj
                0x080043dc                osThreadResume
 .text.osDelay  0x080043fa       0x1c CMakeFiles/USB.elf.dir/Middlewares/Third_Party/FreeRTOS/Source/CMSIS_RTOS_V2/cmsis_os2.c.obj
                0x080043fa                osDelay
 *fill*         0x08004416        0x2 
 .text.vApplicationGetIdleTaskMemory
                0x08004418       0x18 CMakeFiles/USB.elf.dir/Middlewares/Third_Party/FreeRTOS/Source/CMSIS_RTOS_V2/cmsis_os2.c.obj
                0x08004418                vApplicationGetIdleTaskMemory
 .text.vApplicationGetTimerTaskMemory
                0x08004430       0x18 CMakeFiles/USB.elf.dir/Middlewares/Third_Party/FreeRTOS/Source/CMSIS_RTOS_V2/cmsis_os2.c.obj
                0x08004430                vApplicationGetTimerTaskMemory
 .text.vListInitialise
                0x08004448       0x16 CMakeFiles/USB.elf.dir/Middlewares/Third_Party/FreeRTOS/Source/list.c.obj
                0x08004448                vListInitialise
 .text.vListInitialiseItem
                0x0800445e        0x6 CMakeFiles/USB.elf.dir/Middlewares/Third_Party/FreeRTOS/Source/list.c.obj
                0x0800445e                vListInitialiseItem
 .text.vListInsertEnd
                0x08004464       0x16 CMakeFiles/USB.elf.dir/Middlewares/Third_Party/FreeRTOS/Source/list.c.obj
                0x08004464                vListInsertEnd
 .text.vListInsert
                0x0800447a       0x32 CMakeFiles/USB.elf.dir/Middlewares/Third_Party/FreeRTOS/Source/list.c.obj
                0x0800447a                vListInsert
 .text.uxListRemove
                0x080044ac       0x26 CMakeFiles/USB.elf.dir/Middlewares/Third_Party/FreeRTOS/Source/list.c.obj
                0x080044ac                uxListRemove
 *fill*         0x080044d2        0x2 
 .text.prvTaskExitError
                0x080044d4       0x40 CMakeFiles/USB.elf.dir/Middlewares/Third_Party/FreeRTOS/Source/portable/GCC/ARM_CM4F/port.c.obj
 .text.prvPortStartFirstTask
                0x08004514       0x28 CMakeFiles/USB.elf.dir/Middlewares/Third_Party/FreeRTOS/Source/portable/GCC/ARM_CM4F/port.c.obj
 .text.vPortEnableVFP
                0x0800453c       0x14 CMakeFiles/USB.elf.dir/Middlewares/Third_Party/FreeRTOS/Source/portable/GCC/ARM_CM4F/port.c.obj
 .text.pxPortInitialiseStack
                0x08004550       0x2c CMakeFiles/USB.elf.dir/Middlewares/Third_Party/FreeRTOS/Source/portable/GCC/ARM_CM4F/port.c.obj
                0x08004550                pxPortInitialiseStack
 *fill*         0x0800457c        0x4 
 .text.SVC_Handler
                0x08004580       0x24 CMakeFiles/USB.elf.dir/Middlewares/Third_Party/FreeRTOS/Source/portable/GCC/ARM_CM4F/port.c.obj
                0x08004580                SVC_Handler
 .text.vPortEnterCritical
                0x080045a4       0x44 CMakeFiles/USB.elf.dir/Middlewares/Third_Party/FreeRTOS/Source/portable/GCC/ARM_CM4F/port.c.obj
                0x080045a4                vPortEnterCritical
 .text.vPortExitCritical
                0x080045e8       0x2c CMakeFiles/USB.elf.dir/Middlewares/Third_Party/FreeRTOS/Source/portable/GCC/ARM_CM4F/port.c.obj
                0x080045e8                vPortExitCritical
 *fill*         0x08004614        0xc 
 .text.PendSV_Handler
                0x08004620       0x64 CMakeFiles/USB.elf.dir/Middlewares/Third_Party/FreeRTOS/Source/portable/GCC/ARM_CM4F/port.c.obj
                0x08004620                PendSV_Handler
 .text.xPortSysTickHandler
                0x08004684       0x2c CMakeFiles/USB.elf.dir/Middlewares/Third_Party/FreeRTOS/Source/portable/GCC/ARM_CM4F/port.c.obj
                0x08004684                xPortSysTickHandler
 .text.vPortSetupTimerInterrupt
                0x080046b0       0x28 CMakeFiles/USB.elf.dir/Middlewares/Third_Party/FreeRTOS/Source/portable/GCC/ARM_CM4F/port.c.obj
                0x080046b0                vPortSetupTimerInterrupt
 .text.xPortStartScheduler
                0x080046d8      0x118 CMakeFiles/USB.elf.dir/Middlewares/Third_Party/FreeRTOS/Source/portable/GCC/ARM_CM4F/port.c.obj
                0x080046d8                xPortStartScheduler
 .text.vPortValidateInterruptPriority
                0x080047f0       0x5c CMakeFiles/USB.elf.dir/Middlewares/Third_Party/FreeRTOS/Source/portable/GCC/ARM_CM4F/port.c.obj
                0x080047f0                vPortValidateInterruptPriority
 .text.prvHeapInit
                0x0800484c       0x64 CMakeFiles/USB.elf.dir/Middlewares/Third_Party/FreeRTOS/Source/portable/MemMang/heap_4.c.obj
 .text.prvInsertBlockIntoFreeList
                0x080048b0       0x64 CMakeFiles/USB.elf.dir/Middlewares/Third_Party/FreeRTOS/Source/portable/MemMang/heap_4.c.obj
 .text.pvPortMalloc
                0x08004914       0xfc CMakeFiles/USB.elf.dir/Middlewares/Third_Party/FreeRTOS/Source/portable/MemMang/heap_4.c.obj
                0x08004914                pvPortMalloc
 .text.vPortFree
                0x08004a10       0x7c CMakeFiles/USB.elf.dir/Middlewares/Third_Party/FreeRTOS/Source/portable/MemMang/heap_4.c.obj
                0x08004a10                vPortFree
 .text.prvIsQueueFull
                0x08004a8c       0x1e CMakeFiles/USB.elf.dir/Middlewares/Third_Party/FreeRTOS/Source/queue.c.obj
 .text.prvIsQueueEmpty
                0x08004aaa       0x1a CMakeFiles/USB.elf.dir/Middlewares/Third_Party/FreeRTOS/Source/queue.c.obj
 .text.prvCopyDataToQueue
                0x08004ac4       0x76 CMakeFiles/USB.elf.dir/Middlewares/Third_Party/FreeRTOS/Source/queue.c.obj
 .text.prvCopyDataFromQueue
                0x08004b3a       0x24 CMakeFiles/USB.elf.dir/Middlewares/Third_Party/FreeRTOS/Source/queue.c.obj
 .text.prvUnlockQueue
                0x08004b5e       0x6e CMakeFiles/USB.elf.dir/Middlewares/Third_Party/FreeRTOS/Source/queue.c.obj
 .text.xQueueGenericReset
                0x08004bcc       0x84 CMakeFiles/USB.elf.dir/Middlewares/Third_Party/FreeRTOS/Source/queue.c.obj
                0x08004bcc                xQueueGenericReset
 .text.prvInitialiseNewQueue
                0x08004c50       0x22 CMakeFiles/USB.elf.dir/Middlewares/Third_Party/FreeRTOS/Source/queue.c.obj
 .text.xQueueGenericCreateStatic
                0x08004c72       0x94 CMakeFiles/USB.elf.dir/Middlewares/Third_Party/FreeRTOS/Source/queue.c.obj
                0x08004c72                xQueueGenericCreateStatic
 .text.xQueueGenericSend
                0x08004d06      0x188 CMakeFiles/USB.elf.dir/Middlewares/Third_Party/FreeRTOS/Source/queue.c.obj
                0x08004d06                xQueueGenericSend
 .text.xQueueGenericSendFromISR
                0x08004e8e       0xce CMakeFiles/USB.elf.dir/Middlewares/Third_Party/FreeRTOS/Source/queue.c.obj
                0x08004e8e                xQueueGenericSendFromISR
 .text.xQueueReceive
                0x08004f5c      0x15e CMakeFiles/USB.elf.dir/Middlewares/Third_Party/FreeRTOS/Source/queue.c.obj
                0x08004f5c                xQueueReceive
 *fill*         0x080050ba        0x2 
 .text.vQueueAddToRegistry
                0x080050bc       0x28 CMakeFiles/USB.elf.dir/Middlewares/Third_Party/FreeRTOS/Source/queue.c.obj
                0x080050bc                vQueueAddToRegistry
 .text.vQueueWaitForMessageRestricted
                0x080050e4       0x52 CMakeFiles/USB.elf.dir/Middlewares/Third_Party/FreeRTOS/Source/queue.c.obj
                0x080050e4                vQueueWaitForMessageRestricted
 *fill*         0x08005136        0x2 
 .text.prvTaskIsTaskSuspended
                0x08005138       0x40 CMakeFiles/USB.elf.dir/Middlewares/Third_Party/FreeRTOS/Source/tasks.c.obj
 .text.prvResetNextTaskUnblockTime
                0x08005178       0x2c CMakeFiles/USB.elf.dir/Middlewares/Third_Party/FreeRTOS/Source/tasks.c.obj
 .text.prvInitialiseNewTask
                0x080051a4      0x106 CMakeFiles/USB.elf.dir/Middlewares/Third_Party/FreeRTOS/Source/tasks.c.obj
 *fill*         0x080052aa        0x2 
 .text.prvInitialiseTaskLists
                0x080052ac       0x68 CMakeFiles/USB.elf.dir/Middlewares/Third_Party/FreeRTOS/Source/tasks.c.obj
 .text.prvAddNewTaskToReadyList
                0x08005314       0xac CMakeFiles/USB.elf.dir/Middlewares/Third_Party/FreeRTOS/Source/tasks.c.obj
 .text.prvDeleteTCB
                0x080053c0       0x40 CMakeFiles/USB.elf.dir/Middlewares/Third_Party/FreeRTOS/Source/tasks.c.obj
 .text.prvCheckTasksWaitingTermination
                0x08005400       0x4c CMakeFiles/USB.elf.dir/Middlewares/Third_Party/FreeRTOS/Source/tasks.c.obj
 .text.prvIdleTask
                0x0800544c       0x28 CMakeFiles/USB.elf.dir/Middlewares/Third_Party/FreeRTOS/Source/tasks.c.obj
 .text.prvAddCurrentTaskToDelayedList
                0x08005474       0x7c CMakeFiles/USB.elf.dir/Middlewares/Third_Party/FreeRTOS/Source/tasks.c.obj
 .text.xTaskCreateStatic
                0x080054f0       0x7a CMakeFiles/USB.elf.dir/Middlewares/Third_Party/FreeRTOS/Source/tasks.c.obj
                0x080054f0                xTaskCreateStatic
 .text.xTaskCreate
                0x0800556a       0x6a CMakeFiles/USB.elf.dir/Middlewares/Third_Party/FreeRTOS/Source/tasks.c.obj
                0x0800556a                xTaskCreate
 .text.vTaskResume
                0x080055d4       0x88 CMakeFiles/USB.elf.dir/Middlewares/Third_Party/FreeRTOS/Source/tasks.c.obj
                0x080055d4                vTaskResume
 .text.vTaskStartScheduler
                0x0800565c       0xac CMakeFiles/USB.elf.dir/Middlewares/Third_Party/FreeRTOS/Source/tasks.c.obj
                0x0800565c                vTaskStartScheduler
 .text.vTaskSuspendAll
                0x08005708       0x10 CMakeFiles/USB.elf.dir/Middlewares/Third_Party/FreeRTOS/Source/tasks.c.obj
                0x08005708                vTaskSuspendAll
 .text.xTaskGetTickCount
                0x08005718        0xc CMakeFiles/USB.elf.dir/Middlewares/Third_Party/FreeRTOS/Source/tasks.c.obj
                0x08005718                xTaskGetTickCount
 .text.xTaskIncrementTick
                0x08005724      0x118 CMakeFiles/USB.elf.dir/Middlewares/Third_Party/FreeRTOS/Source/tasks.c.obj
                0x08005724                xTaskIncrementTick
 .text.xTaskResumeAll
                0x0800583c       0xf8 CMakeFiles/USB.elf.dir/Middlewares/Third_Party/FreeRTOS/Source/tasks.c.obj
                0x0800583c                xTaskResumeAll
 .text.vTaskDelay
                0x08005934       0x4c CMakeFiles/USB.elf.dir/Middlewares/Third_Party/FreeRTOS/Source/tasks.c.obj
                0x08005934                vTaskDelay
 .text.vTaskSwitchContext
                0x08005980       0xa0 CMakeFiles/USB.elf.dir/Middlewares/Third_Party/FreeRTOS/Source/tasks.c.obj
                0x08005980                vTaskSwitchContext
 .text.vTaskSuspend
                0x08005a20       0xc4 CMakeFiles/USB.elf.dir/Middlewares/Third_Party/FreeRTOS/Source/tasks.c.obj
                0x08005a20                vTaskSuspend
 .text.vTaskPlaceOnEventList
                0x08005ae4       0x30 CMakeFiles/USB.elf.dir/Middlewares/Third_Party/FreeRTOS/Source/tasks.c.obj
                0x08005ae4                vTaskPlaceOnEventList
 .text.vTaskPlaceOnEventListRestricted
                0x08005b14       0x38 CMakeFiles/USB.elf.dir/Middlewares/Third_Party/FreeRTOS/Source/tasks.c.obj
                0x08005b14                vTaskPlaceOnEventListRestricted
 .text.xTaskRemoveFromEventList
                0x08005b4c       0x8c CMakeFiles/USB.elf.dir/Middlewares/Third_Party/FreeRTOS/Source/tasks.c.obj
                0x08005b4c                xTaskRemoveFromEventList
 .text.vTaskInternalSetTimeOutState
                0x08005bd8       0x18 CMakeFiles/USB.elf.dir/Middlewares/Third_Party/FreeRTOS/Source/tasks.c.obj
                0x08005bd8                vTaskInternalSetTimeOutState
 .text.xTaskCheckForTimeOut
                0x08005bf0       0x84 CMakeFiles/USB.elf.dir/Middlewares/Third_Party/FreeRTOS/Source/tasks.c.obj
                0x08005bf0                xTaskCheckForTimeOut
 .text.vTaskMissedYield
                0x08005c74        0xc CMakeFiles/USB.elf.dir/Middlewares/Third_Party/FreeRTOS/Source/tasks.c.obj
                0x08005c74                vTaskMissedYield
 .text.xTaskGetSchedulerState
                0x08005c80       0x20 CMakeFiles/USB.elf.dir/Middlewares/Third_Party/FreeRTOS/Source/tasks.c.obj
                0x08005c80                xTaskGetSchedulerState
 .text.xTaskPriorityDisinherit
                0x08005ca0       0x90 CMakeFiles/USB.elf.dir/Middlewares/Third_Party/FreeRTOS/Source/tasks.c.obj
                0x08005ca0                xTaskPriorityDisinherit
 .text.prvGetNextExpireTime
                0x08005d30       0x20 CMakeFiles/USB.elf.dir/Middlewares/Third_Party/FreeRTOS/Source/timers.c.obj
 .text.prvInsertTimerInActiveList
                0x08005d50       0x48 CMakeFiles/USB.elf.dir/Middlewares/Third_Party/FreeRTOS/Source/timers.c.obj
 .text.prvCheckForValidListAndQueue
                0x08005d98       0x70 CMakeFiles/USB.elf.dir/Middlewares/Third_Party/FreeRTOS/Source/timers.c.obj
 .text.xTimerCreateTimerTask
                0x08005e08       0x64 CMakeFiles/USB.elf.dir/Middlewares/Third_Party/FreeRTOS/Source/timers.c.obj
                0x08005e08                xTimerCreateTimerTask
 .text.xTimerGenericCommand
                0x08005e6c       0x6c CMakeFiles/USB.elf.dir/Middlewares/Third_Party/FreeRTOS/Source/timers.c.obj
                0x08005e6c                xTimerGenericCommand
 .text.prvSwitchTimerLists
                0x08005ed8       0x7c CMakeFiles/USB.elf.dir/Middlewares/Third_Party/FreeRTOS/Source/timers.c.obj
 .text.prvSampleTimeNow
                0x08005f54       0x2c CMakeFiles/USB.elf.dir/Middlewares/Third_Party/FreeRTOS/Source/timers.c.obj
 .text.prvProcessExpiredTimer
                0x08005f80       0x6c CMakeFiles/USB.elf.dir/Middlewares/Third_Party/FreeRTOS/Source/timers.c.obj
 .text.prvProcessTimerOrBlockTask
                0x08005fec       0x74 CMakeFiles/USB.elf.dir/Middlewares/Third_Party/FreeRTOS/Source/timers.c.obj
 .text.prvProcessReceivedCommands
                0x08006060      0x10c CMakeFiles/USB.elf.dir/Middlewares/Third_Party/FreeRTOS/Source/timers.c.obj
 .text.prvTimerTask
                0x0800616c       0x16 CMakeFiles/USB.elf.dir/Middlewares/Third_Party/FreeRTOS/Source/timers.c.obj
 *fill*         0x08006182        0x2 
 .text.CDC_Transmit_FS
                0x08006184       0x2c CMakeFiles/USB.elf.dir/USB_DEVICE/App/usbd_cdc_if.c.obj
                0x08006184                CDC_Transmit_FS
 .text.HAL_PCD_SetupStageCallback
                0x080061b0       0x10 CMakeFiles/USB.elf.dir/USB_DEVICE/Target/usbd_conf.c.obj
                0x080061b0                HAL_PCD_SetupStageCallback
 .text.HAL_PCD_DataOutStageCallback
                0x080061c0       0x18 CMakeFiles/USB.elf.dir/USB_DEVICE/Target/usbd_conf.c.obj
                0x080061c0                HAL_PCD_DataOutStageCallback
 .text.HAL_PCD_DataInStageCallback
                0x080061d8       0x16 CMakeFiles/USB.elf.dir/USB_DEVICE/Target/usbd_conf.c.obj
                0x080061d8                HAL_PCD_DataInStageCallback
 .text.HAL_PCD_SOFCallback
                0x080061ee        0xc CMakeFiles/USB.elf.dir/USB_DEVICE/Target/usbd_conf.c.obj
                0x080061ee                HAL_PCD_SOFCallback
 .text.HAL_PCD_ResetCallback
                0x080061fa       0x24 CMakeFiles/USB.elf.dir/USB_DEVICE/Target/usbd_conf.c.obj
                0x080061fa                HAL_PCD_ResetCallback
 *fill*         0x0800621e        0x2 
 .text.HAL_PCD_SuspendCallback
                0x08006220       0x30 CMakeFiles/USB.elf.dir/USB_DEVICE/Target/usbd_conf.c.obj
                0x08006220                HAL_PCD_SuspendCallback
 .text.HAL_PCD_ResumeCallback
                0x08006250        0xc CMakeFiles/USB.elf.dir/USB_DEVICE/Target/usbd_conf.c.obj
                0x08006250                HAL_PCD_ResumeCallback
 .text.HAL_PCD_ISOOUTIncompleteCallback
                0x0800625c        0xc CMakeFiles/USB.elf.dir/USB_DEVICE/Target/usbd_conf.c.obj
                0x0800625c                HAL_PCD_ISOOUTIncompleteCallback
 .text.HAL_PCD_ISOINIncompleteCallback
                0x08006268        0xc CMakeFiles/USB.elf.dir/USB_DEVICE/Target/usbd_conf.c.obj
                0x08006268                HAL_PCD_ISOINIncompleteCallback
 .text.HAL_PCD_ConnectCallback
                0x08006274        0xc CMakeFiles/USB.elf.dir/USB_DEVICE/Target/usbd_conf.c.obj
                0x08006274                HAL_PCD_ConnectCallback
 .text.HAL_PCD_DisconnectCallback
                0x08006280        0xc CMakeFiles/USB.elf.dir/USB_DEVICE/Target/usbd_conf.c.obj
                0x08006280                HAL_PCD_DisconnectCallback
 .text.USBD_LL_IsStallEP
                0x0800628c       0x2e CMakeFiles/USB.elf.dir/USB_DEVICE/Target/usbd_conf.c.obj
                0x0800628c                USBD_LL_IsStallEP
 .text.USBD_Get_USB_Status
                0x080062ba       0x14 CMakeFiles/USB.elf.dir/USB_DEVICE/Target/usbd_conf.c.obj
                0x080062ba                USBD_Get_USB_Status
 .text.USBD_LL_OpenEP
                0x080062ce       0x16 CMakeFiles/USB.elf.dir/USB_DEVICE/Target/usbd_conf.c.obj
                0x080062ce                USBD_LL_OpenEP
 .text.USBD_LL_StallEP
                0x080062e4       0x10 CMakeFiles/USB.elf.dir/USB_DEVICE/Target/usbd_conf.c.obj
                0x080062e4                USBD_LL_StallEP
 .text.USBD_LL_ClearStallEP
                0x080062f4       0x10 CMakeFiles/USB.elf.dir/USB_DEVICE/Target/usbd_conf.c.obj
                0x080062f4                USBD_LL_ClearStallEP
 .text.USBD_LL_SetUSBAddress
                0x08006304       0x10 CMakeFiles/USB.elf.dir/USB_DEVICE/Target/usbd_conf.c.obj
                0x08006304                USBD_LL_SetUSBAddress
 .text.USBD_LL_Transmit
                0x08006314       0x10 CMakeFiles/USB.elf.dir/USB_DEVICE/Target/usbd_conf.c.obj
                0x08006314                USBD_LL_Transmit
 .text.USBD_LL_PrepareReceive
                0x08006324       0x10 CMakeFiles/USB.elf.dir/USB_DEVICE/Target/usbd_conf.c.obj
                0x08006324                USBD_LL_PrepareReceive
 .text.__errno  0x08006334        0xc c:/progra~2/gnuarm~1/102021~1.10/bin/../lib/gcc/arm-none-eabi/10.3.1/../../../../arm-none-eabi/lib/thumb/v7e-m+fp/hard\libg.a(lib_a-errno.o)
                0x08006334                __errno
 .text.__libc_init_array
                0x08006340       0x48 c:/progra~2/gnuarm~1/102021~1.10/bin/../lib/gcc/arm-none-eabi/10.3.1/../../../../arm-none-eabi/lib/thumb/v7e-m+fp/hard\libg.a(lib_a-init.o)
                0x08006340                __libc_init_array
 .text.memset   0x08006388       0xa4 c:/progra~2/gnuarm~1/102021~1.10/bin/../lib/gcc/arm-none-eabi/10.3.1/../../../../arm-none-eabi/lib/thumb/v7e-m+fp/hard\libg.a(lib_a-memset.o)
                0x08006388                memset
 .text.printf   0x0800642c       0x28 c:/progra~2/gnuarm~1/102021~1.10/bin/../lib/gcc/arm-none-eabi/10.3.1/../../../../arm-none-eabi/lib/thumb/v7e-m+fp/hard\libg.a(lib_a-printf.o)
                0x0800642c                printf
 .text.cleanup_glue
                0x08006454       0x48 c:/progra~2/gnuarm~1/102021~1.10/bin/../lib/gcc/arm-none-eabi/10.3.1/../../../../arm-none-eabi/lib/thumb/v7e-m+fp/hard\libg.a(lib_a-reent.o)
                0x08006454                cleanup_glue
 .text._reclaim_reent
                0x0800649c       0x90 c:/progra~2/gnuarm~1/102021~1.10/bin/../lib/gcc/arm-none-eabi/10.3.1/../../../../arm-none-eabi/lib/thumb/v7e-m+fp/hard\libg.a(lib_a-reent.o)
                0x0800649c                _reclaim_reent
 .text.sprintf  0x0800652c       0x40 c:/progra~2/gnuarm~1/102021~1.10/bin/../lib/gcc/arm-none-eabi/10.3.1/../../../../arm-none-eabi/lib/thumb/v7e-m+fp/hard\libg.a(lib_a-sprintf.o)
                0x0800652c                sprintf
 *fill*         0x0800656c        0x4 
 .text._svfprintf_r
                0x08006570     0x1acc c:/progra~2/gnuarm~1/102021~1.10/bin/../lib/gcc/arm-none-eabi/10.3.1/../../../../arm-none-eabi/lib/thumb/v7e-m+fp/hard\libg.a(lib_a-svfprintf.o)
                0x08006570                _svfprintf_r
 *fill*         0x0800803c        0x4 
 .text._vfprintf_r
                0x08008040     0x1b90 c:/progra~2/gnuarm~1/102021~1.10/bin/../lib/gcc/arm-none-eabi/10.3.1/../../../../arm-none-eabi/lib/thumb/v7e-m+fp/hard\libg.a(lib_a-vfprintf.o)
                0x08008040                _vfprintf_r
 .text.__sbprintf
                0x08009bd0       0x80 c:/progra~2/gnuarm~1/102021~1.10/bin/../lib/gcc/arm-none-eabi/10.3.1/../../../../arm-none-eabi/lib/thumb/v7e-m+fp/hard\libg.a(lib_a-vfprintf.o)
 .text.__swsetup_r
                0x08009c50       0xd4 c:/progra~2/gnuarm~1/102021~1.10/bin/../lib/gcc/arm-none-eabi/10.3.1/../../../../arm-none-eabi/lib/thumb/v7e-m+fp/hard\libg.a(lib_a-wsetup.o)
                0x08009c50                __swsetup_r
 .text.startup.register_fini
                0x08009d24       0x14 c:/progra~2/gnuarm~1/102021~1.10/bin/../lib/gcc/arm-none-eabi/10.3.1/../../../../arm-none-eabi/lib/thumb/v7e-m+fp/hard\libg.a(lib_a-__call_atexit.o)
 .text.atexit   0x08009d38        0xc c:/progra~2/gnuarm~1/102021~1.10/bin/../lib/gcc/arm-none-eabi/10.3.1/../../../../arm-none-eabi/lib/thumb/v7e-m+fp/hard\libg.a(lib_a-atexit.o)
                0x08009d38                atexit
 .text.quorem   0x08009d44      0x128 c:/progra~2/gnuarm~1/102021~1.10/bin/../lib/gcc/arm-none-eabi/10.3.1/../../../../arm-none-eabi/lib/thumb/v7e-m+fp/hard\libg.a(lib_a-dtoa.o)
 *fill*         0x08009e6c        0x4 
 .text._dtoa_r  0x08009e70      0xf3c c:/progra~2/gnuarm~1/102021~1.10/bin/../lib/gcc/arm-none-eabi/10.3.1/../../../../arm-none-eabi/lib/thumb/v7e-m+fp/hard\libg.a(lib_a-dtoa.o)
                0x08009e70                _dtoa_r
 .text.__sflush_r
                0x0800adac      0x130 c:/progra~2/gnuarm~1/102021~1.10/bin/../lib/gcc/arm-none-eabi/10.3.1/../../../../arm-none-eabi/lib/thumb/v7e-m+fp/hard\libg.a(lib_a-fflush.o)
                0x0800adac                __sflush_r
 .text._fflush_r
                0x0800aedc       0x5c c:/progra~2/gnuarm~1/102021~1.10/bin/../lib/gcc/arm-none-eabi/10.3.1/../../../../arm-none-eabi/lib/thumb/v7e-m+fp/hard\libg.a(lib_a-fflush.o)
                0x0800aedc                _fflush_r
 .text._cleanup_r
                0x0800af38        0xc c:/progra~2/gnuarm~1/102021~1.10/bin/../lib/gcc/arm-none-eabi/10.3.1/../../../../arm-none-eabi/lib/thumb/v7e-m+fp/hard\libg.a(lib_a-findfp.o)
                0x0800af38                _cleanup_r
 .text.__sinit  0x0800af44      0x10c c:/progra~2/gnuarm~1/102021~1.10/bin/../lib/gcc/arm-none-eabi/10.3.1/../../../../arm-none-eabi/lib/thumb/v7e-m+fp/hard\libg.a(lib_a-findfp.o)
                0x0800af44                __sinit
 .text.__sfp_lock_acquire
                0x0800b050        0xc c:/progra~2/gnuarm~1/102021~1.10/bin/../lib/gcc/arm-none-eabi/10.3.1/../../../../arm-none-eabi/lib/thumb/v7e-m+fp/hard\libg.a(lib_a-findfp.o)
                0x0800b050                __sfp_lock_acquire
 .text.__sfp_lock_release
                0x0800b05c        0xc c:/progra~2/gnuarm~1/102021~1.10/bin/../lib/gcc/arm-none-eabi/10.3.1/../../../../arm-none-eabi/lib/thumb/v7e-m+fp/hard\libg.a(lib_a-findfp.o)
                0x0800b05c                __sfp_lock_release
 .text.__libc_fini_array
                0x0800b068       0x2c c:/progra~2/gnuarm~1/102021~1.10/bin/../lib/gcc/arm-none-eabi/10.3.1/../../../../arm-none-eabi/lib/thumb/v7e-m+fp/hard\libg.a(lib_a-fini.o)
                0x0800b068                __libc_fini_array
 .text._malloc_trim_r
                0x0800b094       0xa0 c:/progra~2/gnuarm~1/102021~1.10/bin/../lib/gcc/arm-none-eabi/10.3.1/../../../../arm-none-eabi/lib/thumb/v7e-m+fp/hard\libg.a(lib_a-freer.o)
                0x0800b094                _malloc_trim_r
 .text._free_r  0x0800b134      0x20c c:/progra~2/gnuarm~1/102021~1.10/bin/../lib/gcc/arm-none-eabi/10.3.1/../../../../arm-none-eabi/lib/thumb/v7e-m+fp/hard\libg.a(lib_a-freer.o)
                0x0800b134                _free_r
 .text._fwalk_reent
                0x0800b340       0x48 c:/progra~2/gnuarm~1/102021~1.10/bin/../lib/gcc/arm-none-eabi/10.3.1/../../../../arm-none-eabi/lib/thumb/v7e-m+fp/hard\libg.a(lib_a-fwalk.o)
                0x0800b340                _fwalk_reent
 .text._localeconv_r
                0x0800b388        0x8 c:/progra~2/gnuarm~1/102021~1.10/bin/../lib/gcc/arm-none-eabi/10.3.1/../../../../arm-none-eabi/lib/thumb/v7e-m+fp/hard\libg.a(lib_a-localeconv.o)
                0x0800b388                _localeconv_r
 .text.__retarget_lock_init_recursive
                0x0800b390        0x4 c:/progra~2/gnuarm~1/102021~1.10/bin/../lib/gcc/arm-none-eabi/10.3.1/../../../../arm-none-eabi/lib/thumb/v7e-m+fp/hard\libg.a(lib_a-lock.o)
                0x0800b390                __retarget_lock_init_recursive
 .text.__retarget_lock_close_recursive
                0x0800b394        0x4 c:/progra~2/gnuarm~1/102021~1.10/bin/../lib/gcc/arm-none-eabi/10.3.1/../../../../arm-none-eabi/lib/thumb/v7e-m+fp/hard\libg.a(lib_a-lock.o)
                0x0800b394                __retarget_lock_close_recursive
 .text.__retarget_lock_acquire_recursive
                0x0800b398        0x4 c:/progra~2/gnuarm~1/102021~1.10/bin/../lib/gcc/arm-none-eabi/10.3.1/../../../../arm-none-eabi/lib/thumb/v7e-m+fp/hard\libg.a(lib_a-lock.o)
                0x0800b398                __retarget_lock_acquire_recursive
 .text.__retarget_lock_release_recursive
                0x0800b39c        0x4 c:/progra~2/gnuarm~1/102021~1.10/bin/../lib/gcc/arm-none-eabi/10.3.1/../../../../arm-none-eabi/lib/thumb/v7e-m+fp/hard\libg.a(lib_a-lock.o)
                0x0800b39c                __retarget_lock_release_recursive
 .text.__smakebuf_r
                0x0800b3a0       0xe0 c:/progra~2/gnuarm~1/102021~1.10/bin/../lib/gcc/arm-none-eabi/10.3.1/../../../../arm-none-eabi/lib/thumb/v7e-m+fp/hard\libg.a(lib_a-makebuf.o)
                0x0800b3a0                __smakebuf_r
 .text._malloc_r
                0x0800b480      0x560 c:/progra~2/gnuarm~1/102021~1.10/bin/../lib/gcc/arm-none-eabi/10.3.1/../../../../arm-none-eabi/lib/thumb/v7e-m+fp/hard\libg.a(lib_a-mallocr.o)
                0x0800b480                _malloc_r
 .text.__malloc_lock
                0x0800b9e0        0xc c:/progra~2/gnuarm~1/102021~1.10/bin/../lib/gcc/arm-none-eabi/10.3.1/../../../../arm-none-eabi/lib/thumb/v7e-m+fp/hard\libg.a(lib_a-mlock.o)
                0x0800b9e0                __malloc_lock
 .text.__malloc_unlock
                0x0800b9ec        0xc c:/progra~2/gnuarm~1/102021~1.10/bin/../lib/gcc/arm-none-eabi/10.3.1/../../../../arm-none-eabi/lib/thumb/v7e-m+fp/hard\libg.a(lib_a-mlock.o)
                0x0800b9ec                __malloc_unlock
 .text._Balloc  0x0800b9f8       0x4c c:/progra~2/gnuarm~1/102021~1.10/bin/../lib/gcc/arm-none-eabi/10.3.1/../../../../arm-none-eabi/lib/thumb/v7e-m+fp/hard\libg.a(lib_a-mprec.o)
                0x0800b9f8                _Balloc
 .text._Bfree   0x0800ba44       0x14 c:/progra~2/gnuarm~1/102021~1.10/bin/../lib/gcc/arm-none-eabi/10.3.1/../../../../arm-none-eabi/lib/thumb/v7e-m+fp/hard\libg.a(lib_a-mprec.o)
                0x0800ba44                _Bfree
 .text.__multadd
                0x0800ba58       0xa8 c:/progra~2/gnuarm~1/102021~1.10/bin/../lib/gcc/arm-none-eabi/10.3.1/../../../../arm-none-eabi/lib/thumb/v7e-m+fp/hard\libg.a(lib_a-mprec.o)
                0x0800ba58                __multadd
 .text.__hi0bits
                0x0800bb00       0x40 c:/progra~2/gnuarm~1/102021~1.10/bin/../lib/gcc/arm-none-eabi/10.3.1/../../../../arm-none-eabi/lib/thumb/v7e-m+fp/hard\libg.a(lib_a-mprec.o)
                0x0800bb00                __hi0bits
 .text.__lo0bits
                0x0800bb40       0x60 c:/progra~2/gnuarm~1/102021~1.10/bin/../lib/gcc/arm-none-eabi/10.3.1/../../../../arm-none-eabi/lib/thumb/v7e-m+fp/hard\libg.a(lib_a-mprec.o)
                0x0800bb40                __lo0bits
 .text.__i2b    0x0800bba0       0x5c c:/progra~2/gnuarm~1/102021~1.10/bin/../lib/gcc/arm-none-eabi/10.3.1/../../../../arm-none-eabi/lib/thumb/v7e-m+fp/hard\libg.a(lib_a-mprec.o)
                0x0800bba0                __i2b
 .text.__multiply
                0x0800bbfc      0x15c c:/progra~2/gnuarm~1/102021~1.10/bin/../lib/gcc/arm-none-eabi/10.3.1/../../../../arm-none-eabi/lib/thumb/v7e-m+fp/hard\libg.a(lib_a-mprec.o)
                0x0800bbfc                __multiply
 .text.__pow5mult
                0x0800bd58       0xc0 c:/progra~2/gnuarm~1/102021~1.10/bin/../lib/gcc/arm-none-eabi/10.3.1/../../../../arm-none-eabi/lib/thumb/v7e-m+fp/hard\libg.a(lib_a-mprec.o)
                0x0800bd58                __pow5mult
 .text.__lshift
                0x0800be18       0xf0 c:/progra~2/gnuarm~1/102021~1.10/bin/../lib/gcc/arm-none-eabi/10.3.1/../../../../arm-none-eabi/lib/thumb/v7e-m+fp/hard\libg.a(lib_a-mprec.o)
                0x0800be18                __lshift
 .text.__mcmp   0x0800bf08       0x44 c:/progra~2/gnuarm~1/102021~1.10/bin/../lib/gcc/arm-none-eabi/10.3.1/../../../../arm-none-eabi/lib/thumb/v7e-m+fp/hard\libg.a(lib_a-mprec.o)
                0x0800bf08                __mcmp
 .text.__mdiff  0x0800bf4c      0x14c c:/progra~2/gnuarm~1/102021~1.10/bin/../lib/gcc/arm-none-eabi/10.3.1/../../../../arm-none-eabi/lib/thumb/v7e-m+fp/hard\libg.a(lib_a-mprec.o)
                0x0800bf4c                __mdiff
 .text.__d2b    0x0800c098       0xd0 c:/progra~2/gnuarm~1/102021~1.10/bin/../lib/gcc/arm-none-eabi/10.3.1/../../../../arm-none-eabi/lib/thumb/v7e-m+fp/hard\libg.a(lib_a-mprec.o)
                0x0800c098                __d2b
 .text.frexp    0x0800c168       0x6c c:/progra~2/gnuarm~1/102021~1.10/bin/../lib/gcc/arm-none-eabi/10.3.1/../../../../arm-none-eabi/lib/thumb/v7e-m+fp/hard\libg.a(lib_a-s_frexp.o)
                0x0800c168                frexp
 .text._sbrk_r  0x0800c1d4       0x24 c:/progra~2/gnuarm~1/102021~1.10/bin/../lib/gcc/arm-none-eabi/10.3.1/../../../../arm-none-eabi/lib/thumb/v7e-m+fp/hard\libg.a(lib_a-sbrkr.o)
                0x0800c1d4                _sbrk_r
 .text.__sread  0x0800c1f8       0x24 c:/progra~2/gnuarm~1/102021~1.10/bin/../lib/gcc/arm-none-eabi/10.3.1/../../../../arm-none-eabi/lib/thumb/v7e-m+fp/hard\libg.a(lib_a-stdio.o)
                0x0800c1f8                __sread
 .text.__swrite
                0x0800c21c       0x40 c:/progra~2/gnuarm~1/102021~1.10/bin/../lib/gcc/arm-none-eabi/10.3.1/../../../../arm-none-eabi/lib/thumb/v7e-m+fp/hard\libg.a(lib_a-stdio.o)
                0x0800c21c                __swrite
 .text.__sseek  0x0800c25c       0x20 c:/progra~2/gnuarm~1/102021~1.10/bin/../lib/gcc/arm-none-eabi/10.3.1/../../../../arm-none-eabi/lib/thumb/v7e-m+fp/hard\libg.a(lib_a-stdio.o)
                0x0800c25c                __sseek
 .text.__sclose
                0x0800c27c        0x8 c:/progra~2/gnuarm~1/102021~1.10/bin/../lib/gcc/arm-none-eabi/10.3.1/../../../../arm-none-eabi/lib/thumb/v7e-m+fp/hard\libg.a(lib_a-stdio.o)
                0x0800c27c                __sclose
 .text.strncpy  0x0800c284       0x64 c:/progra~2/gnuarm~1/102021~1.10/bin/../lib/gcc/arm-none-eabi/10.3.1/../../../../arm-none-eabi/lib/thumb/v7e-m+fp/hard\libg.a(lib_a-strncpy.o)
                0x0800c284                strncpy
 .text.__ssprint_r
                0x0800c2e8       0xf8 c:/progra~2/gnuarm~1/102021~1.10/bin/../lib/gcc/arm-none-eabi/10.3.1/../../../../arm-none-eabi/lib/thumb/v7e-m+fp/hard\libg.a(lib_a-svfiprintf.o)
                0x0800c2e8                __ssprint_r
 .text.__sprint_r.part.0
                0x0800c3e0       0x78 c:/progra~2/gnuarm~1/102021~1.10/bin/../lib/gcc/arm-none-eabi/10.3.1/../../../../arm-none-eabi/lib/thumb/v7e-m+fp/hard\libg.a(lib_a-vfiprintf.o)
 .text.__sprint_r
                0x0800c458       0x18 c:/progra~2/gnuarm~1/102021~1.10/bin/../lib/gcc/arm-none-eabi/10.3.1/../../../../arm-none-eabi/lib/thumb/v7e-m+fp/hard\libg.a(lib_a-vfiprintf.o)
                0x0800c458                __sprint_r
 .text._vfiprintf_r
                0x0800c470      0xdfc c:/progra~2/gnuarm~1/102021~1.10/bin/../lib/gcc/arm-none-eabi/10.3.1/../../../../arm-none-eabi/lib/thumb/v7e-m+fp/hard\libg.a(lib_a-vfiprintf.o)
                0x0800c470                _vfiprintf_r
 .text.__sbprintf
                0x0800d26c       0x80 c:/progra~2/gnuarm~1/102021~1.10/bin/../lib/gcc/arm-none-eabi/10.3.1/../../../../arm-none-eabi/lib/thumb/v7e-m+fp/hard\libg.a(lib_a-vfiprintf.o)
 .text._write_r
                0x0800d2ec       0x2c c:/progra~2/gnuarm~1/102021~1.10/bin/../lib/gcc/arm-none-eabi/10.3.1/../../../../arm-none-eabi/lib/thumb/v7e-m+fp/hard\libg.a(lib_a-writer.o)
                0x0800d2ec                _write_r
 .text.__register_exitproc
                0x0800d318       0x8c c:/progra~2/gnuarm~1/102021~1.10/bin/../lib/gcc/arm-none-eabi/10.3.1/../../../../arm-none-eabi/lib/thumb/v7e-m+fp/hard\libg.a(lib_a-__atexit.o)
                0x0800d318                __register_exitproc
 .text.__assert_func
                0x0800d3a4       0x40 c:/progra~2/gnuarm~1/102021~1.10/bin/../lib/gcc/arm-none-eabi/10.3.1/../../../../arm-none-eabi/lib/thumb/v7e-m+fp/hard\libg.a(lib_a-assert.o)
                0x0800d3a4                __assert_func
 .text._calloc_r
                0x0800d3e4       0x78 c:/progra~2/gnuarm~1/102021~1.10/bin/../lib/gcc/arm-none-eabi/10.3.1/../../../../arm-none-eabi/lib/thumb/v7e-m+fp/hard\libg.a(lib_a-callocr.o)
                0x0800d3e4                _calloc_r
 .text._close_r
                0x0800d45c       0x24 c:/progra~2/gnuarm~1/102021~1.10/bin/../lib/gcc/arm-none-eabi/10.3.1/../../../../arm-none-eabi/lib/thumb/v7e-m+fp/hard\libg.a(lib_a-closer.o)
                0x0800d45c                _close_r
 .text._fclose_r
                0x0800d480       0xcc c:/progra~2/gnuarm~1/102021~1.10/bin/../lib/gcc/arm-none-eabi/10.3.1/../../../../arm-none-eabi/lib/thumb/v7e-m+fp/hard\libg.a(lib_a-fclose.o)
                0x0800d480                _fclose_r
 .text.fiprintf
                0x0800d54c       0x28 c:/progra~2/gnuarm~1/102021~1.10/bin/../lib/gcc/arm-none-eabi/10.3.1/../../../../arm-none-eabi/lib/thumb/v7e-m+fp/hard\libg.a(lib_a-fiprintf.o)
                0x0800d54c                fiprintf
 .text.__fputwc
                0x0800d574       0xa8 c:/progra~2/gnuarm~1/102021~1.10/bin/../lib/gcc/arm-none-eabi/10.3.1/../../../../arm-none-eabi/lib/thumb/v7e-m+fp/hard\libg.a(lib_a-fputwc.o)
                0x0800d574                __fputwc
 .text._fputwc_r
                0x0800d61c       0x68 c:/progra~2/gnuarm~1/102021~1.10/bin/../lib/gcc/arm-none-eabi/10.3.1/../../../../arm-none-eabi/lib/thumb/v7e-m+fp/hard\libg.a(lib_a-fputwc.o)
                0x0800d61c                _fputwc_r
 .text._fstat_r
                0x0800d684       0x2c c:/progra~2/gnuarm~1/102021~1.10/bin/../lib/gcc/arm-none-eabi/10.3.1/../../../../arm-none-eabi/lib/thumb/v7e-m+fp/hard\libg.a(lib_a-fstatr.o)
                0x0800d684                _fstat_r
 .text.__sfvwrite_r
                0x0800d6b0      0x2f0 c:/progra~2/gnuarm~1/102021~1.10/bin/../lib/gcc/arm-none-eabi/10.3.1/../../../../arm-none-eabi/lib/thumb/v7e-m+fp/hard\libg.a(lib_a-fvwrite.o)
                0x0800d6b0                __sfvwrite_r
 .text._isatty_r
                0x0800d9a0       0x24 c:/progra~2/gnuarm~1/102021~1.10/bin/../lib/gcc/arm-none-eabi/10.3.1/../../../../arm-none-eabi/lib/thumb/v7e-m+fp/hard\libg.a(lib_a-isattyr.o)
                0x0800d9a0                _isatty_r
 .text.__locale_mb_cur_max
                0x0800d9c4        0xc c:/progra~2/gnuarm~1/102021~1.10/bin/../lib/gcc/arm-none-eabi/10.3.1/../../../../arm-none-eabi/lib/thumb/v7e-m+fp/hard\libg.a(lib_a-locale.o)
                0x0800d9c4                __locale_mb_cur_max
 .text._lseek_r
                0x0800d9d0       0x2c c:/progra~2/gnuarm~1/102021~1.10/bin/../lib/gcc/arm-none-eabi/10.3.1/../../../../arm-none-eabi/lib/thumb/v7e-m+fp/hard\libg.a(lib_a-lseekr.o)
                0x0800d9d0                _lseek_r
 .text.__ascii_mbtowc
                0x0800d9fc       0x2c c:/progra~2/gnuarm~1/102021~1.10/bin/../lib/gcc/arm-none-eabi/10.3.1/../../../../arm-none-eabi/lib/thumb/v7e-m+fp/hard\libg.a(lib_a-mbtowc_r.o)
                0x0800d9fc                __ascii_mbtowc
 .text.memmove  0x0800da28       0xf8 c:/progra~2/gnuarm~1/102021~1.10/bin/../lib/gcc/arm-none-eabi/10.3.1/../../../../arm-none-eabi/lib/thumb/v7e-m+fp/hard\libg.a(lib_a-memmove.o)
                0x0800da28                memmove
 .text._read_r  0x0800db20       0x2c c:/progra~2/gnuarm~1/102021~1.10/bin/../lib/gcc/arm-none-eabi/10.3.1/../../../../arm-none-eabi/lib/thumb/v7e-m+fp/hard\libg.a(lib_a-readr.o)
                0x0800db20                _read_r
 .text._realloc_r
                0x0800db4c      0x3d8 c:/progra~2/gnuarm~1/102021~1.10/bin/../lib/gcc/arm-none-eabi/10.3.1/../../../../arm-none-eabi/lib/thumb/v7e-m+fp/hard\libg.a(lib_a-reallocr.o)
                0x0800db4c                _realloc_r
 .text.__swbuf_r
                0x0800df24       0xb0 c:/progra~2/gnuarm~1/102021~1.10/bin/../lib/gcc/arm-none-eabi/10.3.1/../../../../arm-none-eabi/lib/thumb/v7e-m+fp/hard\libg.a(lib_a-wbuf.o)
                0x0800df24                __swbuf_r
 .text._wcrtomb_r
                0x0800dfd4       0x3c c:/progra~2/gnuarm~1/102021~1.10/bin/../lib/gcc/arm-none-eabi/10.3.1/../../../../arm-none-eabi/lib/thumb/v7e-m+fp/hard\libg.a(lib_a-wcrtomb.o)
                0x0800dfd4                _wcrtomb_r
 .text.__ascii_wctomb
                0x0800e010       0x1c c:/progra~2/gnuarm~1/102021~1.10/bin/../lib/gcc/arm-none-eabi/10.3.1/../../../../arm-none-eabi/lib/thumb/v7e-m+fp/hard\libg.a(lib_a-wctomb_r.o)
                0x0800e010                __ascii_wctomb
 .text.abort    0x0800e02c       0x10 c:/progra~2/gnuarm~1/102021~1.10/bin/../lib/gcc/arm-none-eabi/10.3.1/../../../../arm-none-eabi/lib/thumb/v7e-m+fp/hard\libg.a(lib_a-abort.o)
                0x0800e02c                abort
 .text.raise    0x0800e03c       0x5c c:/progra~2/gnuarm~1/102021~1.10/bin/../lib/gcc/arm-none-eabi/10.3.1/../../../../arm-none-eabi/lib/thumb/v7e-m+fp/hard\libg.a(lib_a-signal.o)
                0x0800e03c                raise
 .text._kill_r  0x0800e098       0x2c c:/progra~2/gnuarm~1/102021~1.10/bin/../lib/gcc/arm-none-eabi/10.3.1/../../../../arm-none-eabi/lib/thumb/v7e-m+fp/hard\libg.a(lib_a-signalr.o)
                0x0800e098                _kill_r
 .text._getpid_r
                0x0800e0c4        0x4 c:/progra~2/gnuarm~1/102021~1.10/bin/../lib/gcc/arm-none-eabi/10.3.1/../../../../arm-none-eabi/lib/thumb/v7e-m+fp/hard\libg.a(lib_a-signalr.o)
                0x0800e0c4                _getpid_r
 *(.glue_7)
 .glue_7        0x0800e0c8        0x0 linker stubs
 *(.glue_7t)
 .glue_7t       0x0800e0c8        0x0 linker stubs
 *(.eh_frame)
 .eh_frame      0x0800e0c8        0x0 c:/progra~2/gnuarm~1/102021~1.10/bin/../lib/gcc/arm-none-eabi/10.3.1/thumb/v7e-m+fp/hard/crtbegin.o
 *(.init)
 .init          0x0800e0c8        0x4 c:/progra~2/gnuarm~1/102021~1.10/bin/../lib/gcc/arm-none-eabi/10.3.1/thumb/v7e-m+fp/hard/crti.o
                0x0800e0c8                _init
 .init          0x0800e0cc        0x8 c:/progra~2/gnuarm~1/102021~1.10/bin/../lib/gcc/arm-none-eabi/10.3.1/thumb/v7e-m+fp/hard/crtn.o
 *(.fini)
 .fini          0x0800e0d4        0x4 c:/progra~2/gnuarm~1/102021~1.10/bin/../lib/gcc/arm-none-eabi/10.3.1/thumb/v7e-m+fp/hard/crti.o
                0x0800e0d4                _fini
 .fini          0x0800e0d8        0x8 c:/progra~2/gnuarm~1/102021~1.10/bin/../lib/gcc/arm-none-eabi/10.3.1/thumb/v7e-m+fp/hard/crtn.o
                0x0800e0e0                . = ALIGN (0x4)
                0x0800e0e0                _etext = .

.vfp11_veneer   0x0800e0e0        0x0
 .vfp11_veneer  0x0800e0e0        0x0 linker stubs

.v4_bx          0x0800e0e0        0x0
 .v4_bx         0x0800e0e0        0x0 linker stubs

.iplt           0x0800e0e0        0x0
 .iplt          0x0800e0e0        0x0 c:/progra~2/gnuarm~1/102021~1.10/bin/../lib/gcc/arm-none-eabi/10.3.1/thumb/v7e-m+fp/hard/crtbegin.o

.rodata         0x0800e0e0      0x478
                0x0800e0e0                . = ALIGN (0x4)
 *(.rodata)
 *(.rodata*)
 .rodata.MAIN.str1.4
                0x0800e0e0       0x16 CMakeFiles/USB.elf.dir/Core/Src/main.c.obj
 *fill*         0x0800e0f6        0x2 
 .rodata.run_USB.str1.4
                0x0800e0f8       0x12 CMakeFiles/USB.elf.dir/Core/Src/main.c.obj
 *fill*         0x0800e10a        0x2 
 .rodata.AHBPrescTable
                0x0800e10c       0x10 CMakeFiles/USB.elf.dir/Core/Src/system_stm32f4xx.c.obj
                0x0800e10c                AHBPrescTable
 .rodata.APBPrescTable
                0x0800e11c        0x8 CMakeFiles/USB.elf.dir/Core/Src/system_stm32f4xx.c.obj
                0x0800e11c                APBPrescTable
 .rodata.vTaskStartScheduler.str1.4
                0x0800e124        0x5 CMakeFiles/USB.elf.dir/Middlewares/Third_Party/FreeRTOS/Source/tasks.c.obj
 *fill*         0x0800e129        0x3 
 .rodata.prvCheckForValidListAndQueue.str1.4
                0x0800e12c        0x5 CMakeFiles/USB.elf.dir/Middlewares/Third_Party/FreeRTOS/Source/timers.c.obj
 *fill*         0x0800e131        0x3 
 .rodata.xTimerCreateTimerTask.str1.4
                0x0800e134        0x8 CMakeFiles/USB.elf.dir/Middlewares/Third_Party/FreeRTOS/Source/timers.c.obj
 .rodata._global_impure_ptr
                0x0800e13c        0x4 c:/progra~2/gnuarm~1/102021~1.10/bin/../lib/gcc/arm-none-eabi/10.3.1/../../../../arm-none-eabi/lib/thumb/v7e-m+fp/hard\libg.a(lib_a-impure.o)
                0x0800e13c                _global_impure_ptr
 .rodata._svfprintf_r.str1.4
                0x0800e140       0x42 c:/progra~2/gnuarm~1/102021~1.10/bin/../lib/gcc/arm-none-eabi/10.3.1/../../../../arm-none-eabi/lib/thumb/v7e-m+fp/hard\libg.a(lib_a-svfprintf.o)
 *fill*         0x0800e182        0x2 
 .rodata.blanks.1
                0x0800e184       0x10 c:/progra~2/gnuarm~1/102021~1.10/bin/../lib/gcc/arm-none-eabi/10.3.1/../../../../arm-none-eabi/lib/thumb/v7e-m+fp/hard\libg.a(lib_a-svfprintf.o)
 .rodata.zeroes.0
                0x0800e194       0x10 c:/progra~2/gnuarm~1/102021~1.10/bin/../lib/gcc/arm-none-eabi/10.3.1/../../../../arm-none-eabi/lib/thumb/v7e-m+fp/hard\libg.a(lib_a-svfprintf.o)
 .rodata._vfprintf_r.str1.4
                0x0800e1a4       0x42 c:/progra~2/gnuarm~1/102021~1.10/bin/../lib/gcc/arm-none-eabi/10.3.1/../../../../arm-none-eabi/lib/thumb/v7e-m+fp/hard\libg.a(lib_a-vfprintf.o)
 .rodata.blanks.1
                0x0800e1a4       0x10 c:/progra~2/gnuarm~1/102021~1.10/bin/../lib/gcc/arm-none-eabi/10.3.1/../../../../arm-none-eabi/lib/thumb/v7e-m+fp/hard\libg.a(lib_a-vfprintf.o)
 .rodata.zeroes.0
                0x0800e1b4       0x10 c:/progra~2/gnuarm~1/102021~1.10/bin/../lib/gcc/arm-none-eabi/10.3.1/../../../../arm-none-eabi/lib/thumb/v7e-m+fp/hard\libg.a(lib_a-vfprintf.o)
 .rodata._dtoa_r.str1.4
                0x0800e1c4       0xa2 c:/progra~2/gnuarm~1/102021~1.10/bin/../lib/gcc/arm-none-eabi/10.3.1/../../../../arm-none-eabi/lib/thumb/v7e-m+fp/hard\libg.a(lib_a-dtoa.o)
                                 0xa6 (size before relaxing)
 *fill*         0x0800e266        0x2 
 .rodata.__multadd.str1.4
                0x0800e268       0x7f c:/progra~2/gnuarm~1/102021~1.10/bin/../lib/gcc/arm-none-eabi/10.3.1/../../../../arm-none-eabi/lib/thumb/v7e-m+fp/hard\libg.a(lib_a-mprec.o)
                                 0x93 (size before relaxing)
 *fill*         0x0800e2e7        0x1 
 .rodata.__mprec_bigtens
                0x0800e2e8       0x28 c:/progra~2/gnuarm~1/102021~1.10/bin/../lib/gcc/arm-none-eabi/10.3.1/../../../../arm-none-eabi/lib/thumb/v7e-m+fp/hard\libg.a(lib_a-mprec.o)
                0x0800e2e8                __mprec_bigtens
 .rodata.__mprec_tens
                0x0800e310       0xc8 c:/progra~2/gnuarm~1/102021~1.10/bin/../lib/gcc/arm-none-eabi/10.3.1/../../../../arm-none-eabi/lib/thumb/v7e-m+fp/hard\libg.a(lib_a-mprec.o)
                0x0800e310                __mprec_tens
 .rodata.p05.0  0x0800e3d8        0xc c:/progra~2/gnuarm~1/102021~1.10/bin/../lib/gcc/arm-none-eabi/10.3.1/../../../../arm-none-eabi/lib/thumb/v7e-m+fp/hard\libg.a(lib_a-mprec.o)
 .rodata._vfiprintf_r.str1.4
                0x0800e3e4       0x2f c:/progra~2/gnuarm~1/102021~1.10/bin/../lib/gcc/arm-none-eabi/10.3.1/../../../../arm-none-eabi/lib/thumb/v7e-m+fp/hard\libg.a(lib_a-vfiprintf.o)
 .rodata.blanks.1
                0x0800e3e4       0x10 c:/progra~2/gnuarm~1/102021~1.10/bin/../lib/gcc/arm-none-eabi/10.3.1/../../../../arm-none-eabi/lib/thumb/v7e-m+fp/hard\libg.a(lib_a-vfiprintf.o)
 .rodata.zeroes.0
                0x0800e3f4       0x10 c:/progra~2/gnuarm~1/102021~1.10/bin/../lib/gcc/arm-none-eabi/10.3.1/../../../../arm-none-eabi/lib/thumb/v7e-m+fp/hard\libg.a(lib_a-vfiprintf.o)
 .rodata.__assert_func.str1.4
                0x0800e404       0x3f c:/progra~2/gnuarm~1/102021~1.10/bin/../lib/gcc/arm-none-eabi/10.3.1/../../../../arm-none-eabi/lib/thumb/v7e-m+fp/hard\libg.a(lib_a-assert.o)
                                 0x43 (size before relaxing)
 *fill*         0x0800e443        0x1 
 .rodata._setlocale_r.str1.4
                0x0800e444        0xa c:/progra~2/gnuarm~1/102021~1.10/bin/../lib/gcc/arm-none-eabi/10.3.1/../../../../arm-none-eabi/lib/thumb/v7e-m+fp/hard\libg.a(lib_a-locale.o)
                                  0xd (size before relaxing)
 *fill*         0x0800e44e        0x2 
 .rodata.str1.4
                0x0800e450        0x2 c:/progra~2/gnuarm~1/102021~1.10/bin/../lib/gcc/arm-none-eabi/10.3.1/../../../../arm-none-eabi/lib/thumb/v7e-m+fp/hard\libg.a(lib_a-locale.o)
 *fill*         0x0800e452        0x2 
 .rodata._ctype_
                0x0800e454      0x101 c:/progra~2/gnuarm~1/102021~1.10/bin/../lib/gcc/arm-none-eabi/10.3.1/../../../../arm-none-eabi/lib/thumb/v7e-m+fp/hard\libg.a(lib_a-ctype_.o)
                0x0800e454                _ctype_
                0x0800e558                . = ALIGN (0x4)
 *fill*         0x0800e555        0x3 

.ARM.extab      0x0800e558        0x0
                0x0800e558                . = ALIGN (0x4)
 *(.ARM.extab* .gnu.linkonce.armextab.*)
                0x0800e558                . = ALIGN (0x4)

.ARM            0x0800e558        0x8
                0x0800e558                . = ALIGN (0x4)
                0x0800e558                __exidx_start = .
 *(.ARM.exidx*)
 .ARM.exidx     0x0800e558        0x8 c:/progra~2/gnuarm~1/102021~1.10/bin/../lib/gcc/arm-none-eabi/10.3.1/thumb/v7e-m+fp/hard\libgcc.a(_udivmoddi4.o)
                0x0800e560                __exidx_end = .
                0x0800e560                . = ALIGN (0x4)

.rel.dyn        0x0800e560        0x0
 .rel.iplt      0x0800e560        0x0 c:/progra~2/gnuarm~1/102021~1.10/bin/../lib/gcc/arm-none-eabi/10.3.1/thumb/v7e-m+fp/hard/crtbegin.o

.preinit_array  0x0800e560        0x0
                0x0800e560                . = ALIGN (0x4)
                0x0800e560                PROVIDE (__preinit_array_start = .)
 *(.preinit_array*)
                0x0800e560                PROVIDE (__preinit_array_end = .)
                0x0800e560                . = ALIGN (0x4)

.init_array     0x0800e560        0x8
                0x0800e560                . = ALIGN (0x4)
                0x0800e560                PROVIDE (__init_array_start = .)
 *(SORT_BY_NAME(.init_array.*))
 .init_array.00000
                0x0800e560        0x4 c:/progra~2/gnuarm~1/102021~1.10/bin/../lib/gcc/arm-none-eabi/10.3.1/../../../../arm-none-eabi/lib/thumb/v7e-m+fp/hard\libg.a(lib_a-__call_atexit.o)
 *(.init_array*)
 .init_array    0x0800e564        0x4 c:/progra~2/gnuarm~1/102021~1.10/bin/../lib/gcc/arm-none-eabi/10.3.1/thumb/v7e-m+fp/hard/crtbegin.o
                0x0800e568                PROVIDE (__init_array_end = .)
                0x0800e568                . = ALIGN (0x4)

.fini_array     0x0800e568        0x4
                0x0800e568                . = ALIGN (0x4)
                0x0800e568                PROVIDE (__fini_array_start = .)
 *(SORT_BY_NAME(.fini_array.*))
 *(.fini_array*)
 .fini_array    0x0800e568        0x4 c:/progra~2/gnuarm~1/102021~1.10/bin/../lib/gcc/arm-none-eabi/10.3.1/thumb/v7e-m+fp/hard/crtbegin.o
                0x0800e56c                PROVIDE (__fini_array_end = .)
                0x0800e56c                . = ALIGN (0x4)
                0x0800e56c                _sidata = LOADADDR (.data)

.data           0x20000000      0x9c0 load address 0x0800e56c
                0x20000000                . = ALIGN (0x4)
                0x20000000                _sdata = .
 *(.data)
 *(.data*)
 .data.SystemCoreClock
                0x20000000        0x4 CMakeFiles/USB.elf.dir/Core/Src/system_stm32f4xx.c.obj
                0x20000000                SystemCoreClock
 .data.uwTickFreq
                0x20000004        0x1 CMakeFiles/USB.elf.dir/Drivers/STM32F4xx_HAL_Driver/Src/stm32f4xx_hal.c.obj
                0x20000004                uwTickFreq
 *fill*         0x20000005        0x3 
 .data.uwTickPrio
                0x20000008        0x4 CMakeFiles/USB.elf.dir/Drivers/STM32F4xx_HAL_Driver/Src/stm32f4xx_hal.c.obj
                0x20000008                uwTickPrio
 .data.uxCriticalNesting
                0x2000000c        0x4 CMakeFiles/USB.elf.dir/Middlewares/Third_Party/FreeRTOS/Source/portable/GCC/ARM_CM4F/port.c.obj
 .data._impure_ptr
                0x20000010        0x4 c:/progra~2/gnuarm~1/102021~1.10/bin/../lib/gcc/arm-none-eabi/10.3.1/../../../../arm-none-eabi/lib/thumb/v7e-m+fp/hard\libg.a(lib_a-impure.o)
                0x20000010                _impure_ptr
 *fill*         0x20000014        0x4 
 .data.impure_data
                0x20000018      0x428 c:/progra~2/gnuarm~1/102021~1.10/bin/../lib/gcc/arm-none-eabi/10.3.1/../../../../arm-none-eabi/lib/thumb/v7e-m+fp/hard\libg.a(lib_a-impure.o)
 .data.__atexit_recursive_mutex
                0x20000440        0x4 c:/progra~2/gnuarm~1/102021~1.10/bin/../lib/gcc/arm-none-eabi/10.3.1/../../../../arm-none-eabi/lib/thumb/v7e-m+fp/hard\libg.a(lib_a-__call_atexit.o)
                0x20000440                __atexit_recursive_mutex
 .data.__malloc_av_
                0x20000444      0x408 c:/progra~2/gnuarm~1/102021~1.10/bin/../lib/gcc/arm-none-eabi/10.3.1/../../../../arm-none-eabi/lib/thumb/v7e-m+fp/hard\libg.a(lib_a-mallocr.o)
                0x20000444                __malloc_av_
 .data.__malloc_sbrk_base
                0x2000084c        0x4 c:/progra~2/gnuarm~1/102021~1.10/bin/../lib/gcc/arm-none-eabi/10.3.1/../../../../arm-none-eabi/lib/thumb/v7e-m+fp/hard\libg.a(lib_a-mallocr.o)
                0x2000084c                __malloc_sbrk_base
 .data.__malloc_trim_threshold
                0x20000850        0x4 c:/progra~2/gnuarm~1/102021~1.10/bin/../lib/gcc/arm-none-eabi/10.3.1/../../../../arm-none-eabi/lib/thumb/v7e-m+fp/hard\libg.a(lib_a-mallocr.o)
                0x20000850                __malloc_trim_threshold
 .data.__global_locale
                0x20000854      0x16c c:/progra~2/gnuarm~1/102021~1.10/bin/../lib/gcc/arm-none-eabi/10.3.1/../../../../arm-none-eabi/lib/thumb/v7e-m+fp/hard\libg.a(lib_a-locale.o)
                0x20000854                __global_locale
 *(.RamFunc)
 *(.RamFunc*)
                0x200009c0                . = ALIGN (0x4)
                0x200009c0                _edata = .

.igot.plt       0x200009c0        0x0 load address 0x0800ef2c
 .igot.plt      0x200009c0        0x0 c:/progra~2/gnuarm~1/102021~1.10/bin/../lib/gcc/arm-none-eabi/10.3.1/thumb/v7e-m+fp/hard/crtbegin.o
                0x200009c0                . = ALIGN (0x4)

.bss            0x200009c0     0x5adc load address 0x0800ef2c
                0x200009c0                _sbss = .
                0x200009c0                __bss_start__ = _sbss
 *(.bss)
 .bss           0x200009c0       0x1c c:/progra~2/gnuarm~1/102021~1.10/bin/../lib/gcc/arm-none-eabi/10.3.1/thumb/v7e-m+fp/hard/crtbegin.o
 *(.bss*)
 .bss.DataToSend
                0x200009dc       0x28 CMakeFiles/USB.elf.dir/Core/Src/main.c.obj
                0x200009dc                DataToSend
 .bss.LEDHandle
                0x20000a04        0x4 CMakeFiles/USB.elf.dir/Core/Src/main.c.obj
                0x20000a04                LEDHandle
 .bss.MAINHandle
                0x20000a08        0x4 CMakeFiles/USB.elf.dir/Core/Src/main.c.obj
                0x20000a08                MAINHandle
 .bss.MessageCounter
                0x20000a0c        0x1 CMakeFiles/USB.elf.dir/Core/Src/main.c.obj
                0x20000a0c                MessageCounter
 .bss.MessageLength
                0x20000a0d        0x1 CMakeFiles/USB.elf.dir/Core/Src/main.c.obj
                0x20000a0d                MessageLength
 *fill*         0x20000a0e        0x2 
 .bss.USBHandle
                0x20000a10        0x4 CMakeFiles/USB.elf.dir/Core/Src/main.c.obj
                0x20000a10                USBHandle
 .bss.hi2c1     0x20000a14       0x54 CMakeFiles/USB.elf.dir/Core/Src/main.c.obj
                0x20000a14                hi2c1
 .bss.htim11    0x20000a68       0x48 CMakeFiles/USB.elf.dir/Core/Src/stm32f4xx_hal_timebase_tim.c.obj
                0x20000a68                htim11
 .bss.__sbrk_heap_end
                0x20000ab0        0x4 CMakeFiles/USB.elf.dir/Core/Src/sysmem.c.obj
 .bss.uwTick    0x20000ab4        0x4 CMakeFiles/USB.elf.dir/Drivers/STM32F4xx_HAL_Driver/Src/stm32f4xx_hal.c.obj
                0x20000ab4                uwTick
 .bss.cfgidx.0  0x20000ab8        0x1 CMakeFiles/USB.elf.dir/Middlewares/ST/STM32_USB_Device_Library/Core/Src/usbd_ctlreq.c.obj
 *fill*         0x20000ab9        0x3 
 .bss.Idle_Stack.2
                0x20000abc      0x200 CMakeFiles/USB.elf.dir/Middlewares/Third_Party/FreeRTOS/Source/CMSIS_RTOS_V2/cmsis_os2.c.obj
 *fill*         0x20000cbc        0x4 
 .bss.Idle_TCB.3
                0x20000cc0      0x488 CMakeFiles/USB.elf.dir/Middlewares/Third_Party/FreeRTOS/Source/CMSIS_RTOS_V2/cmsis_os2.c.obj
 .bss.KernelState
                0x20001148        0x4 CMakeFiles/USB.elf.dir/Middlewares/Third_Party/FreeRTOS/Source/CMSIS_RTOS_V2/cmsis_os2.c.obj
 .bss.Timer_Stack.0
                0x2000114c      0x400 CMakeFiles/USB.elf.dir/Middlewares/Third_Party/FreeRTOS/Source/CMSIS_RTOS_V2/cmsis_os2.c.obj
 *fill*         0x2000154c        0x4 
 .bss.Timer_TCB.1
                0x20001550      0x488 CMakeFiles/USB.elf.dir/Middlewares/Third_Party/FreeRTOS/Source/CMSIS_RTOS_V2/cmsis_os2.c.obj
 .bss.ucMaxSysCallPriority
                0x200019d8        0x1 CMakeFiles/USB.elf.dir/Middlewares/Third_Party/FreeRTOS/Source/portable/GCC/ARM_CM4F/port.c.obj
 *fill*         0x200019d9        0x3 
 .bss.ulMaxPRIGROUPValue
                0x200019dc        0x4 CMakeFiles/USB.elf.dir/Middlewares/Third_Party/FreeRTOS/Source/portable/GCC/ARM_CM4F/port.c.obj
 .bss.pxEnd     0x200019e0        0x4 CMakeFiles/USB.elf.dir/Middlewares/Third_Party/FreeRTOS/Source/portable/MemMang/heap_4.c.obj
 .bss.ucHeap    0x200019e4     0x3c00 CMakeFiles/USB.elf.dir/Middlewares/Third_Party/FreeRTOS/Source/portable/MemMang/heap_4.c.obj
 .bss.xBlockAllocatedBit
                0x200055e4        0x4 CMakeFiles/USB.elf.dir/Middlewares/Third_Party/FreeRTOS/Source/portable/MemMang/heap_4.c.obj
 .bss.xFreeBytesRemaining
                0x200055e8        0x4 CMakeFiles/USB.elf.dir/Middlewares/Third_Party/FreeRTOS/Source/portable/MemMang/heap_4.c.obj
 .bss.xMinimumEverFreeBytesRemaining
                0x200055ec        0x4 CMakeFiles/USB.elf.dir/Middlewares/Third_Party/FreeRTOS/Source/portable/MemMang/heap_4.c.obj
 .bss.xNumberOfSuccessfulAllocations
                0x200055f0        0x4 CMakeFiles/USB.elf.dir/Middlewares/Third_Party/FreeRTOS/Source/portable/MemMang/heap_4.c.obj
 .bss.xNumberOfSuccessfulFrees